01-09 19:54:30.746   295   295 D vold_prepare_subdirs: Setting up mode 771 uid 1000 gid 1000 context u:object_r:user_profile_root_file:s0:c512,c768 on path: /data/misc/profiles/cur/0
01-09 19:54:30.746   295   295 D vold_prepare_subdirs: Setting up mode 700 uid 1000 gid 1000 context u:object_r:fingerprint_vendor_data_file:s0 on path: /data/vendor_de/0/fpdata
01-09 19:54:30.746   295   295 D vold_prepare_subdirs: Setting up mode 700 uid 1000 gid 1000 context u:object_r:face_vendor_data_file:s0 on path: /data/vendor_de/0/facedata
01-09 19:54:30.746   192   192 D vold    : Detected support for FS_IOC_ADD_ENCRYPTION_KEY
01-09 19:54:30.768     1     1 I init    : Service 'exec 9 (/system/bin/vdc --wait cryptfs init_user0)' (pid 294) exited with status 0 waiting took 0.017000 seconds
01-09 19:54:30.768     1     1 I init    : Sending signal 9 to service 'exec 9 (/system/bin/vdc --wait cryptfs init_user0)' (pid 294) process group...
01-09 19:54:30.768     1     1 I libprocessgroup: Successfully killed process cgroup uid 0 pid 294 in 0ms
01-09 19:54:30.752   296   296 I derive_classpath: ParseFragments for bootclasspath
01-09 19:54:30.768     1     1 I selinux : SELinux: Skipping restorecon on directory(/data)
01-09 19:54:30.768     1     1 I selinux :  
01-09 19:54:30.768     1     1 I init    : starting service 'derive_classpath'...
01-09 19:54:30.770     1     1 I init    : SVC_EXEC service 'derive_classpath' pid 296 (uid 1000 gid 1000+1 context default) started; waiting...
01-09 19:54:30.754   296   296 I derive_classpath: ReadClasspathFragment /apex/com.android.art/etc/classpaths/bootclasspath.pb
01-09 19:54:30.754   296   296 I derive_classpath: ReadClasspathFragment /system/etc/classpaths/bootclasspath.pb
01-09 19:54:30.754   296   296 I derive_classpath: ReadClasspathFragment /apex/com.android.appsearch/etc/classpaths/bootclasspath.pb
01-09 19:54:30.755   296   296 I derive_classpath: ReadClasspathFragment /apex/com.android.conscrypt/etc/classpaths/bootclasspath.pb
01-09 19:54:30.755   296   296 I derive_classpath: ReadClasspathFragment /apex/com.android.i18n/etc/classpaths/bootclasspath.pb
01-09 19:54:30.755   296   296 I derive_classpath: ReadClasspathFragment /apex/com.android.ipsec/etc/classpaths/bootclasspath.pb
01-09 19:54:30.755   296   296 I derive_classpath: ReadClasspathFragment /apex/com.android.media/etc/classpaths/bootclasspath.pb
01-09 19:54:30.755   296   296 I derive_classpath: ReadClasspathFragment /apex/com.android.mediaprovider/etc/classpaths/bootclasspath.pb
01-09 19:54:30.755   296   296 I derive_classpath: ReadClasspathFragment /apex/com.android.os.statsd/etc/classpaths/bootclasspath.pb
01-09 19:54:30.756   296   296 I derive_classpath: ReadClasspathFragment /apex/com.android.permission/etc/classpaths/bootclasspath.pb
01-09 19:54:30.756   296   296 I derive_classpath: ReadClasspathFragment /apex/com.android.scheduling/etc/classpaths/bootclasspath.pb
01-09 19:54:30.756   296   296 I derive_classpath: ReadClasspathFragment /apex/com.android.sdkext/etc/classpaths/bootclasspath.pb
01-09 19:54:30.756   296   296 I derive_classpath: ReadClasspathFragment /apex/com.android.tethering/etc/classpaths/bootclasspath.pb
01-09 19:54:30.756   296   296 I derive_classpath: ReadClasspathFragment /apex/com.android.wifi/etc/classpaths/bootclasspath.pb
01-09 19:54:30.756   296   296 I derive_classpath: ParseFragments for systemserverclasspath
01-09 19:54:30.757   296   296 I derive_classpath: ReadClasspathFragment /system/etc/classpaths/systemserverclasspath.pb
01-09 19:54:30.757   296   296 I derive_classpath: ReadClasspathFragment /apex/com.android.appsearch/etc/classpaths/systemserverclasspath.pb
01-09 19:54:30.757   296   296 I derive_classpath: ReadClasspathFragment /apex/com.android.media/etc/classpaths/systemserverclasspath.pb
01-09 19:54:30.757   296   296 I derive_classpath: ReadClasspathFragment /apex/com.android.permission/etc/classpaths/systemserverclasspath.pb
01-09 19:54:30.757   296   296 I derive_classpath: WriteClasspathExports /data/system/environ/classpath
01-09 19:54:30.757   296   296 I derive_classpath: WriteClasspathExports content
01-09 19:54:30.757   296   296 I derive_classpath: export BOOTCLASSPATH /apex/com.android.art/javalib/core-oj.jar:/apex/com.android.art/javalib/core-libart.jar:/apex/com.android.art/javalib/okhttp.jar:/apex/com.android.art/javalib/bouncycastle.jar:/apex/com.android.art/javalib/apache-xml.jar:/system/framework/framework.jar:/system/framework/framework-graphics.jar:/system/framework/ext.jar:/system/framework/telephony-common.jar:/system/framework/voip-common.jar:/system/framework/ims-common.jar:/apex/com.android.i18n/javalib/core-icu4j.jar:/apex/com.android.appsearch/javalib/framework-appsearch.jar:/apex/com.android.conscrypt/javalib/conscrypt.jar:/apex/com.android.ipsec/javalib/android.net.ipsec.ike.jar:/apex/com.android.media/javalib/updatable-media.jar:/apex/com.android.mediaprovider/javalib/framework-mediaprovider.jar:/apex/com.android.os.statsd/javalib/framework-statsd.jar:/apex/com.android.permission/javalib/framework-permission.jar:/apex/com.android.permission/javalib/framework-permission-s.jar:/apex/com.android.scheduling/javalib/framework-scheduling.jar:/apex/com.android.sdkext/javalib/framework-sdkextensions.jar:/apex/com.android.tethering/javalib/framework-connectivity.jar:/apex/com.android.tethering/javalib/framework-tethering.jar:/apex/com.android.wifi/javalib/framework-wifi.jar
01-09 19:54:30.757   296   296 I derive_classpath: export DEX2OATBOOTCLASSPATH /apex/com.android.art/javalib/core-oj.jar:/apex/com.android.art/javalib/core-libart.jar:/apex/com.android.art/javalib/okhttp.jar:/apex/com.android.art/javalib/bouncycastle.jar:/apex/com.android.art/javalib/apache-xml.jar:/system/framework/framework.jar:/system/framework/framework-graphics.jar:/system/framework/ext.jar:/system/framework/telephony-common.jar:/system/framework/voip-common.jar:/system/framework/ims-common.jar:/apex/com.android.i18n/javalib/core-icu4j.jar
01-09 19:54:30.757   296   296 I derive_classpath: export SYSTEMSERVERCLASSPATH /system/framework/com.android.location.provider.jar:/system/framework/services.jar:/system/framework/ethernet-service.jar:/apex/com.android.appsearch/javalib/service-appsearch.jar:/apex/com.android.media/javalib/service-media-s.jar:/apex/com.android.permission/javalib/service-permission.jar
01-09 19:54:30.779     1     1 I init    : Service 'derive_classpath' (pid 296) exited with status 0 waiting took 0.010000 seconds
01-09 19:54:30.779     1     1 I init    : Sending signal 9 to service 'derive_classpath' (pid 296) process group...
01-09 19:54:30.780     1     1 I libprocessgroup: Successfully killed process cgroup uid 1000 pid 296 in 0ms
01-09 19:54:30.780     1     1 I init    : starting service 'odsign'...
01-09 19:54:30.768   297   297 I odsign  : Trying to retrieve existing HMAC key...
01-09 19:54:30.769   297   297 I odsign  : Trying to retrieve existing keystore key...
01-09 19:54:30.771   297   297 I odsign  : Verified public key signature.
01-09 19:54:30.771   297   297 E odsign  : Initialized Keystore key.
01-09 19:54:30.771   297   297 I odsign  : Found and verified existing public key certificate: /data/misc/odsign/key.cert
01-09 19:54:30.810   299   299 I odrefresh: Factory APEX mounted.
01-09 19:54:30.810   299   299 E odrefresh: statvfs '/data/misc/apexdata/com.android.art/dalvik-cache': No such file or directory
01-09 19:54:30.811   297   297 I odsign  : odrefresh said artifacts are VALID
01-09 19:54:30.811   297   297 I odsign  : On-device signing done.
01-09 19:54:30.832   160   160 I init    : Wait for property 'odsign.key.done=1' took 51ms
01-09 19:54:30.833     1     1 I init    : starting service 'exec 10 (/system/bin/fsverity_init --lock)'...
01-09 19:54:30.833     1     1 I init    : SVC_EXEC service 'exec 10 (/system/bin/fsverity_init --lock)' pid 300 (uid 0 gid 0+0 context default) started; waiting...
01-09 19:54:30.833     1     1 I init    : Sending signal 9 to service 'odsign' (pid 297) process group...
01-09 19:54:30.819   201   235 I keystore2: keystore2::super_key: keystore.boot_level 1000000000 hits maximum 1000000000, finishing.
01-09 19:54:30.839     1     1 I libprocessgroup: Successfully killed process cgroup uid 0 pid 297 in 5ms
01-09 19:54:30.839     1     1 I init    : Control message: Processed ctl.stop for 'odsign' from pid: 297 (/system/bin/odsign)
01-09 19:54:30.839     1     1 I init    : Service 'odsign' (pid 297) received signal 9
01-09 19:54:30.839     1     1 I init    : Service 'exec 10 (/system/bin/fsverity_init --lock)' (pid 300) exited with status 0 waiting took 0.006000 seconds
01-09 19:54:30.839     1     1 I init    : Sending signal 9 to service 'exec 10 (/system/bin/fsverity_init --lock)' (pid 300) process group...
01-09 19:54:30.839     1     1 I libprocessgroup: Successfully killed process cgroup uid 0 pid 300 in 0ms
01-09 19:54:30.839     1     1 I init    : starting service 'apexd-snapshotde'...
01-09 19:54:30.840     1     1 I init    : SVC_EXEC service 'apexd-snapshotde' pid 301 (uid 0 gid 1000+0 context default) started; waiting...
01-09 19:54:30.844   301   301 I apexd   : Snapshot DE subcommand detected
01-09 19:54:30.845   301   301 I apexd   : Marking APEXd as ready
01-09 19:54:30.845     1     1 I init    : Service 'apexd-snapshotde' (pid 301) exited with status 0 waiting took 0.005000 seconds
01-09 19:54:30.845     1     1 I init    : Sending signal 9 to service 'apexd-snapshotde' (pid 301) process group...
01-09 19:54:30.845     1     1 I libprocessgroup: Successfully killed process cgroup uid 0 pid 301 in 0ms
01-09 19:54:30.846     1     1 I init    : starting service 'exec 11 (/system/bin/tzdatacheck /apex/com.android.tzdata/etc/tz /data/misc/zoneinfo)'...
01-09 19:54:30.846     1     1 I init    : SVC_EXEC service 'exec 11 (/system/bin/tzdatacheck /apex/com.android.tzdata/etc/tz /data/misc/zoneinfo)' pid 302 (uid 1000 gid 1000+0 context default) started; waiting...
01-09 19:54:30.828   302   302 I tzdatacheck: timezone distro dir /data/misc/zoneinfo/current does not exist. No action required.
01-09 19:54:30.849     1     1 I init    : Service 'exec 11 (/system/bin/tzdatacheck /apex/com.android.tzdata/etc/tz /data/misc/zoneinfo)' (pid 302) exited with status 0 waiting took 0.003000 seconds
01-09 19:54:30.849     1     1 I init    : Sending signal 9 to service 'exec 11 (/system/bin/tzdatacheck /apex/com.android.tzdata/etc/tz /data/misc/zoneinfo)' (pid 302) process group...
01-09 19:54:30.849     1     1 I libprocessgroup: Successfully killed process cgroup uid 1000 pid 302 in 0ms
01-09 19:54:30.850     1     1 I init    : processing action (post-fs-data) from (/system/etc/init/hw/init.usb.rc:6)
01-09 19:54:30.850     1     1 I init    : Verified that /data/adb has the encryption policy 97a8c91dc19620081b450f8ee1c5c0bb v2 modes 1/4 flags 0x2
01-09 19:54:30.850     1     1 I init    : processing action (post-fs-data) from (/vendor/etc/init/hw/init.ranchu.rc:65)
01-09 19:54:30.851     1     1 I init    : starting service 'qemu-adb-keys'...
01-09 19:54:30.852     1     1 I init    : starting service 'qemu-device-state'...
01-09 19:54:30.853     1     1 I init    : processing action (ro.boot.qemu.virtiowifi=1 && post-fs-data) from (/vendor/etc/init/hw/init.ranchu.rc:131)
01-09 19:54:30.853     1     1 I init    : starting service 'ranchu-net'...
01-09 19:54:30.853     1     1 I init    : processing action (post-fs-data) from (/system/etc/init/bootstat.rc:9)
01-09 19:54:30.854     1     1 I init    : processing action (ro.debuggable=1 && post-fs-data) from (/system/etc/init/clean_scratch_files.rc:1)
01-09 19:54:30.854     1     1 I init    : Command 'exec_background - root root -- /system/bin/clean_scratch_files' action=ro.debuggable=1 && post-fs-data (/system/etc/init/clean_scratch_files.rc:2) took 0ms and failed: Could not start exec background service: File /system/bin/clean_scratch_files(labeled "u:object_r:system_file:s0") has incorrect label or no domain transition from u:r:init:s0 to another SELinux domain defined. Have you configured your service correctly? https://source.android.com/security/selinux/device-policy#label_new_services_and_address_denials. Note: this error shows up even in permissive mode in order to make auditing denials possible.
01-09 19:54:30.854     1     1 I init    : processing action (post-fs-data) from (/system/etc/init/gsid.rc:17)
01-09 19:54:30.854     1     1 I init    : Not setting encryption policy on: /data/gsi
01-09 19:54:30.855     1     1 I init    : processing action (post-fs-data) from (/system/etc/init/incidentd.rc:21)
01-09 19:54:30.855     1     1 I init    : processing action (post-fs-data) from (/system/etc/init/iorapd.rc:29)
01-09 19:54:30.855     1     1 I init    : processing action (post-fs-data) from (/system/etc/init/logtagd.rc:4)
01-09 19:54:30.855     1     1 I init    : processing action (post-fs-data) from (/system/etc/init/otapreopt.rc:3)
01-09 19:54:30.855     1     1 I init    : starting service 'exec 13 (/system/bin/otapreopt_slot)'...
01-09 19:54:30.856     1     1 I init    : SVC_EXEC service 'exec 13 (/system/bin/otapreopt_slot)' pid 306 (uid 0 gid 0+0 context default) started; waiting...
01-09 19:54:30.832   304   304 W qemu-device-sta: type=1400 audit(0.0:5): avc: denied { search } for name="android" dev="sysfs" ino=387 scontext=u:r:qemu_device_state:s0 tcontext=u:object_r:sysfs_dt_firmware_android:s0 tclass=dir permissive=0
01-09 19:54:30.858     1     1 I init    : Service 'qemu-adb-keys' (pid 303) exited with status 0 oneshot service took 0.006000 seconds in background
01-09 19:54:30.858     1     1 I init    : Sending signal 9 to service 'qemu-adb-keys' (pid 303) process group...
01-09 19:54:30.858     1     1 I libprocessgroup: Successfully killed process cgroup uid 0 pid 303 in 0ms
01-09 19:54:30.859     1     1 I init    : Service 'qemu-device-state' (pid 304) exited with status 0 oneshot service took 0.006000 seconds in background
01-09 19:54:30.859     1     1 I init    : Sending signal 9 to service 'qemu-device-state' (pid 304) process group...
01-09 19:54:30.859     1     1 I libprocessgroup: Successfully killed process cgroup uid 0 pid 304 in 0ms
01-09 19:54:30.847   311   311 W otapreopt_slot: Slot property empty.
01-09 19:54:30.868     1     1 I init    : Service 'exec 13 (/system/bin/otapreopt_slot)' (pid 306) exited with status 1 waiting took 0.012000 seconds
01-09 19:54:30.868     1     1 I init    : Sending signal 9 to service 'exec 13 (/system/bin/otapreopt_slot)' (pid 306) process group...
01-09 19:54:30.868     1     1 I libprocessgroup: Successfully killed process cgroup uid 0 pid 306 in 0ms
01-09 19:54:30.868     1     1 E selinux : SELinux:  Could not stat /data/dalvik-cache/arm: No such file or directory.
01-09 19:54:30.868     1     1 E selinux :  
01-09 19:54:30.869     1     1 I selinux : SELinux: Skipping restorecon on directory(/data/dalvik-cache/arm64)
01-09 19:54:30.869     1     1 I selinux :  
01-09 19:54:30.869     1     1 E selinux : SELinux:  Could not stat /data/dalvik-cache/mips: No such file or directory.
01-09 19:54:30.869     1     1 E selinux :  
01-09 19:54:30.869     1     1 E selinux : SELinux:  Could not stat /data/dalvik-cache/mips64: No such file or directory.
01-09 19:54:30.869     1     1 E selinux :  
01-09 19:54:30.869     1     1 E selinux : SELinux:  Could not stat /data/dalvik-cache/x86: No such file or directory.
01-09 19:54:30.869     1     1 E selinux :  
01-09 19:54:30.869     1     1 E selinux : SELinux:  Could not stat /data/dalvik-cache/x86_64: No such file or directory.
01-09 19:54:30.869     1     1 E selinux :  
01-09 19:54:30.869     1     1 I init    : processing action (post-fs-data) from (/system/etc/init/perfetto.rc:73)
01-09 19:54:30.869     1     1 I init    : Command 'rm /data/misc/perfetto-traces/.guardraildata' action=post-fs-data (/system/etc/init/perfetto.rc:74) took 0ms and failed: unlink() failed: No such file or directory
01-09 19:54:30.869     1     1 I init    : processing action (post-fs-data) from (/system/etc/init/profcollectd.rc:15)
01-09 19:54:30.869   310   310 D ieee80211 phy0: Selected rate control algorithm 'minstrel_ht'
01-09 19:54:30.869     1     1 I init    : processing action (post-fs-data) from (/system/etc/init/recovery-persist.rc:1)
01-09 19:54:30.869     1     1 I init    : starting service 'exec 14 (/system/bin/recovery-persist)'...
01-09 19:54:30.870     1     1 I init    : processing action (post-fs-data) from (/system/etc/init/wifi.rc:18)
01-09 19:54:30.870     1     1 I selinux : SELinux: Skipping restorecon on directory(/data/misc/apexdata/com.android.wifi)
01-09 19:54:30.870     1     1 I selinux :  
01-09 19:54:30.870     1     1 I init    : processing action (post-fs-data) from (/vendor/etc/init/hostapd.android.rc:9)
01-09 19:54:30.871     1     1 I init    : processing action (load_persist_props_action) from (/system/etc/init/hw/init.rc:458)
01-09 19:54:30.872   160   160 E init    : Could not set 'ro.logd.size' to '2M' in /data/local.prop: Read-only property was already set
01-09 19:54:30.873   160   160 I init    : Wait for property 'ro.persistent_properties.ready=true' took 1ms
01-09 19:54:30.873     1     1 I init    : starting service 'logd-reinit'...
01-09 19:54:30.874     1     1 I init    : Service 'exec 14 (/system/bin/recovery-persist)' (pid 312) exited with status 0 oneshot service took 0.004000 seconds in background
01-09 19:54:30.874     1     1 I init    : Sending signal 9 to service 'exec 14 (/system/bin/recovery-persist)' (pid 312) process group...
01-09 19:54:30.874     1     1 I libprocessgroup: Successfully killed process cgroup uid 1000 pid 312 in 0ms
01-09 19:54:30.874     1     1 I init    : starting service 'dhcpclient_wifi'...
01-09 19:54:30.875     1     1 I init    : Control message: Processed ctl.start for 'dhcpclient_wifi' from pid: 313 (setprop ctl.start dhcpclient_wifi)
01-09 19:54:30.875     1     1 I init    : processing action (load_persist_props_action) from (/system/etc/init/flags_health_check.rc:1)
01-09 19:54:30.875     1     1 W init    : Top-level directory needs encryption action, eg mkdir /data/server_configurable_flags <mode> <uid> <gid> encryption=Require
01-09 19:54:30.875     1     1 I init    : Verified that /data/server_configurable_flags has the encryption policy 97a8c91dc19620081b450f8ee1c5c0bb v2 modes 1/4 flags 0x2
01-09 19:54:30.875     1     1 I init    : starting service 'exec 15 (/system/bin/flags_health_check BOOT_FAILURE)'...
01-09 19:54:30.875     1     1 I init    : SVC_EXEC service 'exec 15 (/system/bin/flags_health_check BOOT_FAILURE)' pid 317 (uid 1000 gid 1000+0 context default) started; waiting...
01-09 19:54:30.858   317   317 I flags_health_check: ServerConfigurableFlagsReset reset_mode value: 0
01-09 19:54:30.858   317   317 I flags_health_check: ServerConfigurableFlagsReset attempted boot count is under threshold, skipping reset.
01-09 19:54:30.877   190   190 I logd    : logd reinit
01-09 19:54:30.878   190   190 E logd    : FrameworkListener: read() failed (Connection reset by peer)
01-09 19:54:30.878     1     1 I init    : Service 'logd-reinit' (pid 314) exited with status 0 oneshot service took 0.004000 seconds in background
01-09 19:54:30.878     1     1 I init    : Sending signal 9 to service 'logd-reinit' (pid 314) process group...
01-09 19:54:30.878     1     1 I libprocessgroup: Successfully killed process cgroup uid 1036 pid 314 in 0ms
01-09 19:54:30.878     1     1 I init    : Service 'ranchu-net' (pid 305) exited with status 0 oneshot service took 0.024000 seconds in background
01-09 19:54:30.878     1     1 I init    : Sending signal 9 to service 'ranchu-net' (pid 305) process group...
01-09 19:54:30.878     1     1 I libprocessgroup: Successfully killed process cgroup uid 0 pid 305 in 0ms
01-09 19:54:30.882     1     1 I init    : Service 'exec 15 (/system/bin/flags_health_check BOOT_FAILURE)' (pid 317) exited with status 0 waiting took 0.006000 seconds
01-09 19:54:30.882     1     1 I init    : Sending signal 9 to service 'exec 15 (/system/bin/flags_health_check BOOT_FAILURE)' (pid 317) process group...
01-09 19:54:30.882     1     1 I libprocessgroup: Successfully killed process cgroup uid 1000 pid 317 in 0ms
01-09 19:54:30.882     1     1 I init    : processing action (load_persist_props_action) from (/system/etc/init/logcatd.rc:29)
01-09 19:54:30.882     1     1 I init    : processing action (load_bpf_programs) from (/system/etc/init/bpfloader.rc:17)
01-09 19:54:30.882     1     1 I init    : starting service 'bpfloader'...
01-09 19:54:30.883     1     1 I init    : SVC_EXEC service 'bpfloader' pid 318 (uid 0 gid 0+0 context default) started; waiting...
01-09 19:54:30.867   318   318 D LibBpfLoader: Loading optional ELF object /apex/com.android.tethering/etc/bpf/test.o with license Apache 2.0
01-09 19:54:30.867   318   318 I LibBpfLoader: Section bpfloader_min_ver value is 0 [0x0]
01-09 19:54:30.867   318   318 I LibBpfLoader: Section bpfloader_max_ver value is 65536 [0x10000]
01-09 19:54:30.867   318   318 I LibBpfLoader: Section size_of_bpf_map_def value is 48 [0x30]
01-09 19:54:30.867   318   318 I LibBpfLoader: Section size_of_bpf_prog_def value is 28 [0x1c]
01-09 19:54:30.867   318   318 I LibBpfLoader: BpfLoader version 0x00002 processing ELF object /apex/com.android.tethering/etc/bpf/test.o with ver [0x00000,0x10000)
01-09 19:54:30.867   318   318 D LibBpfLoader: Loaded code section 3 (xdp_drop_ipv4_udp_ether)
01-09 19:54:30.867   318   318 D LibBpfLoader: Adding section 3 to cs list
01-09 19:54:30.867   318   318 D LibBpfLoader: bpf_create_map name tether_downstream6_map, ret: 6
01-09 19:54:30.867   318   318 D LibBpfLoader: map_fd found at 0 is 6 in /apex/com.android.tethering/etc/bpf/test.o
01-09 19:54:30.867   318   318 D LibBpfLoader: cs[0].name:xdp_drop_ipv4_udp_ether min_kver:5090000 .max_kver:ffffffff (kvers:50a006e)
01-09 19:54:30.867   318   318 D LibBpfLoader: cs[0].name:xdp_drop_ipv4_udp_ether requires bpfloader version [0x00000,0x10000)
01-09 19:54:30.867   318   318 D LibBpfLoader: bpf_prog_load lib call for /apex/com.android.tethering/etc/bpf/test.o (xdp_drop_ipv4_udp_ether) returned fd: 7 (no error)
01-09 19:54:30.867   318   318 I bpfloader: Loaded object: /apex/com.android.tethering/etc/bpf/test.o
01-09 19:54:30.868   318   318 D LibBpfLoader: Loading critical for tethering ELF object /apex/com.android.tethering/etc/bpf/offload.o with license Apache 2.0
01-09 19:54:30.868   318   318 I LibBpfLoader: Section bpfloader_min_ver value is 0 [0x0]
01-09 19:54:30.868   318   318 I LibBpfLoader: Section bpfloader_max_ver value is 65536 [0x10000]
01-09 19:54:30.868   318   318 I LibBpfLoader: Section size_of_bpf_map_def value is 48 [0x30]
01-09 19:54:30.868   318   318 I LibBpfLoader: Section size_of_bpf_prog_def value is 28 [0x1c]
01-09 19:54:30.868   318   318 I LibBpfLoader: BpfLoader version 0x00002 processing ELF object /apex/com.android.tethering/etc/bpf/offload.o with ver [0x00000,0x10000)
01-09 19:54:30.869   318   318 D LibBpfLoader: Loaded code section 3 (schedcls_tether_downstream6_ether)
01-09 19:54:30.869   318   318 D LibBpfLoader: Loaded relo section 3 (.relschedcls/tether_downstream6_ether)
01-09 19:54:30.869   318   318 D LibBpfLoader: Adding section 3 to cs list
01-09 19:54:30.869   318   318 D LibBpfLoader: Loaded code section 5 (schedcls_tether_upstream6_ether)
01-09 19:54:30.869   318   318 D LibBpfLoader: Loaded relo section 5 (.relschedcls/tether_upstream6_ether)
01-09 19:54:30.869   318   318 D LibBpfLoader: Adding section 5 to cs list
01-09 19:54:30.869   318   318 D LibBpfLoader: Loaded code section 7 (schedcls_tether_downstream6_rawip$5_4)
01-09 19:54:30.869   318   318 D LibBpfLoader: Loaded relo section 7 (.relschedcls/tether_downstream6_rawip$5_4)
01-09 19:54:30.869   318   318 D LibBpfLoader: Adding section 7 to cs list
01-09 19:54:30.869   318   318 D LibBpfLoader: Loaded code section 9 (schedcls_tether_upstream6_rawip$5_4)
01-09 19:54:30.870   318   318 D LibBpfLoader: Loaded relo section 9 (.relschedcls/tether_upstream6_rawip$5_4)
01-09 19:54:30.870   318   318 D LibBpfLoader: Adding section 9 to cs list
01-09 19:54:30.870   318   318 D LibBpfLoader: Loaded code section 11 (schedcls_tether_downstream6_rawip$4_14)
01-09 19:54:30.870   318   318 D LibBpfLoader: Loaded relo section 11 (.relschedcls/tether_downstream6_rawip$4_14)
01-09 19:54:30.870   318   318 D LibBpfLoader: Adding section 11 to cs list
01-09 19:54:30.870   318   318 D LibBpfLoader: Loaded code section 13 (schedcls_tether_upstream6_rawip$4_14)
01-09 19:54:30.870   318   318 D LibBpfLoader: Loaded relo section 13 (.relschedcls/tether_upstream6_rawip$4_14)
01-09 19:54:30.870   318   318 D LibBpfLoader: Adding section 13 to cs list
01-09 19:54:30.870   318   318 D LibBpfLoader: Loaded code section 15 (schedcls_tether_downstream6_rawip$stub)
01-09 19:54:30.870   318   318 D LibBpfLoader: Adding section 15 to cs list
01-09 19:54:30.870   318   318 D LibBpfLoader: Loaded code section 16 (schedcls_tether_upstream6_rawip$stub)
01-09 19:54:30.870   318   318 D LibBpfLoader: Adding section 16 to cs list
01-09 19:54:30.870   318   318 D LibBpfLoader: Loaded code section 17 (schedcls_tether_downstream4_rawip$5_8)
01-09 19:54:30.871   318   318 D LibBpfLoader: Loaded relo section 17 (.relschedcls/tether_downstream4_rawip$5_8)
01-09 19:54:30.871   318   318 D LibBpfLoader: Adding section 17 to cs list
01-09 19:54:30.871   318   318 D LibBpfLoader: Loaded code section 19 (schedcls_tether_upstream4_rawip$5_8)
01-09 19:54:30.871   318   318 D LibBpfLoader: Loaded relo section 19 (.relschedcls/tether_upstream4_rawip$5_8)
01-09 19:54:30.871   318   318 D LibBpfLoader: Adding section 19 to cs list
01-09 19:54:30.871   318   318 D LibBpfLoader: Loaded code section 21 (schedcls_tether_downstream4_ether$5_8)
01-09 19:54:30.871   318   318 D LibBpfLoader: Loaded relo section 21 (.relschedcls/tether_downstream4_ether$5_8)
01-09 19:54:30.871   318   318 D LibBpfLoader: Adding section 21 to cs list
01-09 19:54:30.871   318   318 D LibBpfLoader: Loaded code section 23 (schedcls_tether_upstream4_ether$5_8)
01-09 19:54:30.872   318   318 D LibBpfLoader: Loaded relo section 23 (.relschedcls/tether_upstream4_ether$5_8)
01-09 19:54:30.872   318   318 D LibBpfLoader: Adding section 23 to cs list
01-09 19:54:30.872   318   318 D LibBpfLoader: Loaded code section 25 (schedcls_tether_downstream4_rawip$opt)
01-09 19:54:30.872   318   318 D LibBpfLoader: Loaded relo section 25 (.relschedcls/tether_downstream4_rawip$opt)
01-09 19:54:30.872   318   318 D LibBpfLoader: Adding section 25 to cs list
01-09 19:54:30.872   318   318 D LibBpfLoader: Loaded code section 27 (schedcls_tether_upstream4_rawip$opt)
01-09 19:54:30.872   318   318 D LibBpfLoader: Loaded relo section 27 (.relschedcls/tether_upstream4_rawip$opt)
01-09 19:54:30.872   318   318 D LibBpfLoader: Adding section 27 to cs list
01-09 19:54:30.872   318   318 D LibBpfLoader: Loaded code section 29 (schedcls_tether_downstream4_ether$opt)
01-09 19:54:30.873   318   318 D LibBpfLoader: Loaded relo section 29 (.relschedcls/tether_downstream4_ether$opt)
01-09 19:54:30.873   318   318 D LibBpfLoader: Adding section 29 to cs list
01-09 19:54:30.873   318   318 D LibBpfLoader: Loaded code section 31 (schedcls_tether_upstream4_ether$opt)
01-09 19:54:30.873   318   318 D LibBpfLoader: Loaded relo section 31 (.relschedcls/tether_upstream4_ether$opt)
01-09 19:54:30.873   318   318 D LibBpfLoader: Adding section 31 to cs list
01-09 19:54:30.873   318   318 D LibBpfLoader: Loaded code section 33 (schedcls_tether_downstream4_rawip$5_4)
01-09 19:54:30.873   318   318 D LibBpfLoader: Loaded relo section 33 (.relschedcls/tether_downstream4_rawip$5_4)
01-09 19:54:30.873   318   318 D LibBpfLoader: Adding section 33 to cs list
01-09 19:54:30.873   318   318 D LibBpfLoader: Loaded code section 35 (schedcls_tether_upstream4_rawip$5_4)
01-09 19:54:30.873   318   318 D LibBpfLoader: Loaded relo section 35 (.relschedcls/tether_upstream4_rawip$5_4)
01-09 19:54:30.873   318   318 D LibBpfLoader: Adding section 35 to cs list
01-09 19:54:30.874   318   318 D LibBpfLoader: Loaded code section 37 (schedcls_tether_downstream4_rawip$4_14)
01-09 19:54:30.874   318   318 D LibBpfLoader: Loaded relo section 37 (.relschedcls/tether_downstream4_rawip$4_14)
01-09 19:54:30.874   318   318 D LibBpfLoader: Adding section 37 to cs list
01-09 19:54:30.874   318   318 D LibBpfLoader: Loaded code section 39 (schedcls_tether_upstream4_rawip$4_14)
01-09 19:54:30.874   318   318 D LibBpfLoader: Loaded relo section 39 (.relschedcls/tether_upstream4_rawip$4_14)
01-09 19:54:30.874   318   318 D LibBpfLoader: Adding section 39 to cs list
01-09 19:54:30.874   318   318 D LibBpfLoader: Loaded code section 41 (schedcls_tether_downstream4_ether$4_14)
01-09 19:54:30.874   318   318 D LibBpfLoader: Loaded relo section 41 (.relschedcls/tether_downstream4_ether$4_14)
01-09 19:54:30.875   318   318 D LibBpfLoader: Adding section 41 to cs list
01-09 19:54:30.875   318   318 D LibBpfLoader: Loaded code section 43 (schedcls_tether_upstream4_ether$4_14)
01-09 19:54:30.875   318   318 D LibBpfLoader: Loaded relo section 43 (.relschedcls/tether_upstream4_ether$4_14)
01-09 19:54:30.875   318   318 D LibBpfLoader: Adding section 43 to cs list
01-09 19:54:30.875   318   318 D LibBpfLoader: Loaded code section 45 (schedcls_tether_downstream4_rawip$stub)
01-09 19:54:30.875   318   318 D LibBpfLoader: Adding section 45 to cs list
01-09 19:54:30.875   318   318 D LibBpfLoader: Loaded code section 46 (schedcls_tether_upstream4_rawip$stub)
01-09 19:54:30.875   318   318 D LibBpfLoader: Adding section 46 to cs list
01-09 19:54:30.875   318   318 D LibBpfLoader: Loaded code section 47 (schedcls_tether_downstream4_ether$stub)
01-09 19:54:30.876   318   318 D LibBpfLoader: Adding section 47 to cs list
01-09 19:54:30.876   318   318 D LibBpfLoader: Loaded code section 48 (schedcls_tether_upstream4_ether$stub)
01-09 19:54:30.876   318   318 D LibBpfLoader: Adding section 48 to cs list
01-09 19:54:30.876   318   318 D LibBpfLoader: Loaded code section 49 (xdp_tether_downstream_ether)
01-09 19:54:30.876   318   318 D LibBpfLoader: Adding section 49 to cs list
01-09 19:54:30.876   318   318 D LibBpfLoader: Loaded code section 50 (xdp_tether_downstream_rawip)
01-09 19:54:30.876   318   318 D LibBpfLoader: Adding section 50 to cs list
01-09 19:54:30.876   318   318 D LibBpfLoader: Loaded code section 51 (xdp_tether_upstream_ether)
01-09 19:54:30.877   318   318 D LibBpfLoader: Adding section 51 to cs list
01-09 19:54:30.877   318   318 D LibBpfLoader: Loaded code section 52 (xdp_tether_upstream_rawip)
01-09 19:54:30.877   318   318 D LibBpfLoader: Adding section 52 to cs list
01-09 19:54:30.877   318   318 D LibBpfLoader: bpf_create_map name tether_error_map, ret: 6
01-09 19:54:30.877   318   318 D LibBpfLoader: bpf_create_map name tether_stats_map, ret: 7
01-09 19:54:30.877   318   318 D LibBpfLoader: bpf_create_map name tether_limit_map, ret: 8
01-09 19:54:30.877   318   318 D LibBpfLoader: bpf_create_map name tether_downstream6_map, ret: 9
01-09 19:54:30.877   318   318 D LibBpfLoader: bpf_create_map name tether_downstream64_map, ret: 10
01-09 19:54:30.877   318   318 D LibBpfLoader: bpf_create_map name tether_upstream6_map, ret: 11
01-09 19:54:30.877   318   318 D LibBpfLoader: bpf_create_map name tether_downstream4_map, ret: 12
01-09 19:54:30.877   318   318 D LibBpfLoader: bpf_create_map name tether_upstream4_map, ret: 13
01-09 19:54:30.877   318   318 D LibBpfLoader: bpf_create_map name tether_dev_map, ret: 14
01-09 19:54:30.877   318   318 D LibBpfLoader: map_fd found at 0 is 6 in /apex/com.android.tethering/etc/bpf/offload.o
01-09 19:54:30.877   318   318 D LibBpfLoader: map_fd found at 1 is 7 in /apex/com.android.tethering/etc/bpf/offload.o
01-09 19:54:30.878   318   318 D LibBpfLoader: map_fd found at 2 is 8 in /apex/com.android.tethering/etc/bpf/offload.o
01-09 19:54:30.878   318   318 D LibBpfLoader: map_fd found at 3 is 9 in /apex/com.android.tethering/etc/bpf/offload.o
01-09 19:54:30.878   318   318 D LibBpfLoader: map_fd found at 4 is 10 in /apex/com.android.tethering/etc/bpf/offload.o
01-09 19:54:30.878   318   318 D LibBpfLoader: map_fd found at 5 is 11 in /apex/com.android.tethering/etc/bpf/offload.o
01-09 19:54:30.878   318   318 D LibBpfLoader: map_fd found at 6 is 12 in /apex/com.android.tethering/etc/bpf/offload.o
01-09 19:54:30.878   318   318 D LibBpfLoader: map_fd found at 7 is 13 in /apex/com.android.tethering/etc/bpf/offload.o
01-09 19:54:30.878   318   318 D LibBpfLoader: map_fd found at 8 is 14 in /apex/com.android.tethering/etc/bpf/offload.o
01-09 19:54:30.878   318   318 D LibBpfLoader: applying relo to instruction at byte offset: 296, 	       insn offset 37 , insn 118
01-09 19:54:30.878   318   318 D LibBpfLoader: applying relo to instruction at byte offset: 400, 	       insn offset 50 , insn 118
01-09 19:54:30.878   318   318 D LibBpfLoader: applying relo to instruction at byte offset: 528, 	       insn offset 66 , insn 118
01-09 19:54:30.878   318   318 D LibBpfLoader: applying relo to instruction at byte offset: 624, 	       insn offset 78 , insn 118
01-09 19:54:30.878   318   318 D LibBpfLoader: applying relo to instruction at byte offset: 744, 	       insn offset 93 , insn 118
01-09 19:54:30.878   318   318 D LibBpfLoader: applying relo to instruction at byte offset: 848, 	       insn offset 106 , insn 118
01-09 19:54:30.878   318   318 D LibBpfLoader: applying relo to instruction at byte offset: 1144, 	       insn offset 143 , insn 118
01-09 19:54:30.878   318   318 D LibBpfLoader: applying relo to instruction at byte offset: 1216, 	       insn offset 152 , insn 118
01-09 19:54:30.878   318   318 D LibBpfLoader: applying relo to instruction at byte offset: 1288, 	       insn offset 161 , insn 118
01-09 19:54:30.878   318   318 D LibBpfLoader: applying relo to instruction at byte offset: 1368, 	       insn offset 171 , insn 118
01-09 19:54:30.878   318   318 D LibBpfLoader: applying relo to instruction at byte offset: 1432, 	       insn offset 179 , insn 118
01-09 19:54:30.878   318   318 D LibBpfLoader: applying relo to instruction at byte offset: 1520, 	       insn offset 190 , insn 118
01-09 19:54:30.878   318   318 D LibBpfLoader: applying relo to instruction at byte offset: 1792, 	       insn offset 224 , insn 118
01-09 19:54:30.878   318   318 D LibBpfLoader: applying relo to instruction at byte offset: 296, 	       insn offset 37 , insn 118
01-09 19:54:30.878   318   318 D LibBpfLoader: applying relo to instruction at byte offset: 400, 	       insn offset 50 , insn 118
01-09 19:54:30.878   318   318 D LibBpfLoader: applying relo to instruction at byte offset: 528, 	       insn offset 66 , insn 118
01-09 19:54:30.878   318   318 D LibBpfLoader: applying relo to instruction at byte offset: 624, 	       insn offset 78 , insn 118
01-09 19:54:30.878   318   318 D LibBpfLoader: applying relo to instruction at byte offset: 752, 	       insn offset 94 , insn 118
01-09 19:54:30.878   318   318 D LibBpfLoader: applying relo to instruction at byte offset: 864, 	       insn offset 108 , insn 118
01-09 19:54:30.878   318   318 D LibBpfLoader: applying relo to instruction at byte offset: 968, 	       insn offset 121 , insn 118
01-09 19:54:30.878   318   318 D LibBpfLoader: applying relo to instruction at byte offset: 1184, 	       insn offset 148 , insn 118
01-09 19:54:30.878   318   318 D LibBpfLoader: applying relo to instruction at byte offset: 1256, 	       insn offset 157 , insn 118
01-09 19:54:30.878   318   318 D LibBpfLoader: applying relo to instruction at byte offset: 1328, 	       insn offset 166 , insn 118
01-09 19:54:30.878   318   318 D LibBpfLoader: applying relo to instruction at byte offset: 1408, 	       insn offset 176 , insn 118
01-09 19:54:30.878   318   318 D LibBpfLoader: applying relo to instruction at byte offset: 1472, 	       insn offset 184 , insn 118
01-09 19:54:30.878   318   318 D LibBpfLoader: applying relo to instruction at byte offset: 1560, 	       insn offset 195 , insn 118
01-09 19:54:30.878   318   318 D LibBpfLoader: applying relo to instruction at byte offset: 1832, 	       insn offset 229 , insn 118
01-09 19:54:30.878   318   318 D LibBpfLoader: applying relo to instruction at byte offset: 240, 	       insn offset 30 , insn 118
01-09 19:54:30.878   318   318 D LibBpfLoader: applying relo to instruction at byte offset: 344, 	       insn offset 43 , insn 118
01-09 19:54:30.878   318   318 D LibBpfLoader: applying relo to instruction at byte offset: 472, 	       insn offset 59 , insn 118
01-09 19:54:30.878   318   318 D LibBpfLoader: applying relo to instruction at byte offset: 568, 	       insn offset 71 , insn 118
01-09 19:54:30.878   318   318 D LibBpfLoader: applying relo to instruction at byte offset: 688, 	       insn offset 86 , insn 118
01-09 19:54:30.878   318   318 D LibBpfLoader: applying relo to instruction at byte offset: 792, 	       insn offset 99 , insn 118
01-09 19:54:30.878   318   318 D LibBpfLoader: applying relo to instruction at byte offset: 960, 	       insn offset 120 , insn 118
01-09 19:54:30.878   318   318 D LibBpfLoader: applying relo to instruction at byte offset: 1032, 	       insn offset 129 , insn 118
01-09 19:54:30.878   318   318 D LibBpfLoader: applying relo to instruction at byte offset: 1104, 	       insn offset 138 , insn 118
01-09 19:54:30.878   318   318 D LibBpfLoader: applying relo to instruction at byte offset: 1184, 	       insn offset 148 , insn 118
01-09 19:54:30.878   318   318 D LibBpfLoader: applying relo to instruction at byte offset: 1248, 	       insn offset 156 , insn 118
01-09 19:54:30.878   318   318 D LibBpfLoader: applying relo to instruction at byte offset: 1336, 	       insn offset 167 , insn 118
01-09 19:54:30.878   318   318 D LibBpfLoader: applying relo to instruction at byte offset: 1592, 	       insn offset 199 , insn 118
01-09 19:54:30.878   318   318 D LibBpfLoader: applying relo to instruction at byte offset: 1752, 	       insn offset 219 , insn 118
01-09 19:54:30.878   318   318 D LibBpfLoader: applying relo to instruction at byte offset: 1896, 	       insn offset 237 , insn 118
01-09 19:54:30.878   318   318 D LibBpfLoader: applying relo to instruction at byte offset: 240, 	       insn offset 30 , insn 118
01-09 19:54:30.878   318   318 D LibBpfLoader: applying relo to instruction at byte offset: 344, 	       insn offset 43 , insn 118
01-09 19:54:30.878   318   318 D LibBpfLoader: applying relo to instruction at byte offset: 472, 	       insn offset 59 , insn 118
01-09 19:54:30.878   318   318 D LibBpfLoader: applying relo to instruction at byte offset: 568, 	       insn offset 71 , insn 118
01-09 19:54:30.878   318   318 D LibBpfLoader: applying relo to instruction at byte offset: 696, 	       insn offset 87 , insn 118
01-09 19:54:30.879   318   318 D LibBpfLoader: applying relo to instruction at byte offset: 808, 	       insn offset 101 , insn 118
01-09 19:54:30.879   318   318 D LibBpfLoader: applying relo to instruction at byte offset: 912, 	       insn offset 114 , insn 118
01-09 19:54:30.879   318   318 D LibBpfLoader: applying relo to instruction at byte offset: 1008, 	       insn offset 126 , insn 118
01-09 19:54:30.879   318   318 D LibBpfLoader: applying relo to instruction at byte offset: 1080, 	       insn offset 135 , insn 118
01-09 19:54:30.879   318   318 D LibBpfLoader: applying relo to instruction at byte offset: 1152, 	       insn offset 144 , insn 118
01-09 19:54:30.879   318   318 D LibBpfLoader: applying relo to instruction at byte offset: 1232, 	       insn offset 154 , insn 118
01-09 19:54:30.879   318   318 D LibBpfLoader: applying relo to instruction at byte offset: 1296, 	       insn offset 162 , insn 118
01-09 19:54:30.879   318   318 D LibBpfLoader: applying relo to instruction at byte offset: 1384, 	       insn offset 173 , insn 118
01-09 19:54:30.879   318   318 D LibBpfLoader: applying relo to instruction at byte offset: 1640, 	       insn offset 205 , insn 118
01-09 19:54:30.879   318   318 D LibBpfLoader: applying relo to instruction at byte offset: 1800, 	       insn offset 225 , insn 118
01-09 19:54:30.879   318   318 D LibBpfLoader: applying relo to instruction at byte offset: 1944, 	       insn offset 243 , insn 118
01-09 19:54:30.879   318   318 D LibBpfLoader: applying relo to instruction at byte offset: 240, 	       insn offset 30 , insn 118
01-09 19:54:30.879   318   318 D LibBpfLoader: applying relo to instruction at byte offset: 344, 	       insn offset 43 , insn 118
01-09 19:54:30.879   318   318 D LibBpfLoader: applying relo to instruction at byte offset: 472, 	       insn offset 59 , insn 118
01-09 19:54:30.879   318   318 D LibBpfLoader: applying relo to instruction at byte offset: 568, 	       insn offset 71 , insn 118
01-09 19:54:30.879   318   318 D LibBpfLoader: applying relo to instruction at byte offset: 688, 	       insn offset 86 , insn 118
01-09 19:54:30.879   318   318 D LibBpfLoader: applying relo to instruction at byte offset: 792, 	       insn offset 99 , insn 118
01-09 19:54:30.879   318   318 D LibBpfLoader: applying relo to instruction at byte offset: 960, 	       insn offset 120 , insn 118
01-09 19:54:30.879   318   318 D LibBpfLoader: applying relo to instruction at byte offset: 1032, 	       insn offset 129 , insn 118
01-09 19:54:30.879   318   318 D LibBpfLoader: applying relo to instruction at byte offset: 1104, 	       insn offset 138 , insn 118
01-09 19:54:30.879   318   318 D LibBpfLoader: applying relo to instruction at byte offset: 1184, 	       insn offset 148 , insn 118
01-09 19:54:30.879   318   318 D LibBpfLoader: applying relo to instruction at byte offset: 1248, 	       insn offset 156 , insn 118
01-09 19:54:30.879   318   318 D LibBpfLoader: applying relo to instruction at byte offset: 1336, 	       insn offset 167 , insn 118
01-09 19:54:30.879   318   318 D LibBpfLoader: applying relo to instruction at byte offset: 1592, 	       insn offset 199 , insn 118
01-09 19:54:30.879   318   318 D LibBpfLoader: applying relo to instruction at byte offset: 1752, 	       insn offset 219 , insn 118
01-09 19:54:30.879   318   318 D LibBpfLoader: applying relo to instruction at byte offset: 1896, 	       insn offset 237 , insn 118
01-09 19:54:30.879   318   318 D LibBpfLoader: applying relo to instruction at byte offset: 240, 	       insn offset 30 , insn 118
01-09 19:54:30.879   318   318 D LibBpfLoader: applying relo to instruction at byte offset: 344, 	       insn offset 43 , insn 118
01-09 19:54:30.879   318   318 D LibBpfLoader: applying relo to instruction at byte offset: 472, 	       insn offset 59 , insn 118
01-09 19:54:30.879   318   318 D LibBpfLoader: applying relo to instruction at byte offset: 568, 	       insn offset 71 , insn 118
01-09 19:54:30.879   318   318 D LibBpfLoader: applying relo to instruction at byte offset: 696, 	       insn offset 87 , insn 118
01-09 19:54:30.879   318   318 D LibBpfLoader: applying relo to instruction at byte offset: 808, 	       insn offset 101 , insn 118
01-09 19:54:30.879   318   318 D LibBpfLoader: applying relo to instruction at byte offset: 912, 	       insn offset 114 , insn 118
01-09 19:54:30.879   318   318 D LibBpfLoader: applying relo to instruction at byte offset: 1008, 	       insn offset 126 , insn 118
01-09 19:54:30.879   318   318 D LibBpfLoader: applying relo to instruction at byte offset: 1080, 	       insn offset 135 , insn 118
01-09 19:54:30.879   318   318 D LibBpfLoader: applying relo to instruction at byte offset: 1152, 	       insn offset 144 , insn 118
01-09 19:54:30.879   318   318 D LibBpfLoader: applying relo to instruction at byte offset: 1232, 	       insn offset 154 , insn 118
01-09 19:54:30.879   318   318 D LibBpfLoader: applying relo to instruction at byte offset: 1296, 	       insn offset 162 , insn 118
01-09 19:54:30.879   318   318 D LibBpfLoader: applying relo to instruction at byte offset: 1384, 	       insn offset 173 , insn 118
01-09 19:54:30.879   318   318 D LibBpfLoader: applying relo to instruction at byte offset: 1640, 	       insn offset 205 , insn 118
01-09 19:54:30.879   318   318 D LibBpfLoader: applying relo to instruction at byte offset: 1800, 	       insn offset 225 , insn 118
01-09 19:54:30.879   318   318 D LibBpfLoader: applying relo to instruction at byte offset: 1944, 	       insn offset 243 , insn 118
01-09 19:54:30.879   318   318 D LibBpfLoader: applying relo to instruction at byte offset: 248, 	       insn offset 31 , insn 118
01-09 19:54:30.879   318   318 D LibBpfLoader: applying relo to instruction at byte offset: 648, 	       insn offset 81 , insn 118
01-09 19:54:30.879   318   318 D LibBpfLoader: applying relo to instruction at byte offset: 720, 	       insn offset 90 , insn 118
01-09 19:54:30.879   318   318 D LibBpfLoader: applying relo to instruction at byte offset: 792, 	       insn offset 99 , insn 118
01-09 19:54:30.879   318   318 D LibBpfLoader: applying relo to instruction at byte offset: 880, 	       insn offset 110 , insn 118
01-09 19:54:30.879   318   318 D LibBpfLoader: applying relo to instruction at byte offset: 976, 	       insn offset 122 , insn 118
01-09 19:54:30.879   318   318 D LibBpfLoader: applying relo to instruction at byte offset: 1080, 	       insn offset 135 , insn 118
01-09 19:54:30.879   318   318 D LibBpfLoader: applying relo to instruction at byte offset: 1176, 	       insn offset 147 , insn 118
01-09 19:54:30.879   318   318 D LibBpfLoader: applying relo to instruction at byte offset: 1280, 	       insn offset 160 , insn 118
01-09 19:54:30.879   318   318 D LibBpfLoader: applying relo to instruction at byte offset: 1448, 	       insn offset 181 , insn 118
01-09 19:54:30.879   318   318 D LibBpfLoader: applying relo to instruction at byte offset: 1568, 	       insn offset 196 , insn 118
01-09 19:54:30.879   318   318 D LibBpfLoader: applying relo to instruction at byte offset: 1840, 	       insn offset 230 , insn 118
01-09 19:54:30.879   318   318 D LibBpfLoader: applying relo to instruction at byte offset: 1920, 	       insn offset 240 , insn 118
01-09 19:54:30.879   318   318 D LibBpfLoader: applying relo to instruction at byte offset: 1992, 	       insn offset 249 , insn 118
01-09 19:54:30.879   318   318 D LibBpfLoader: applying relo to instruction at byte offset: 2048, 	       insn offset 256 , insn 118
01-09 19:54:30.879   318   318 D LibBpfLoader: applying relo to instruction at byte offset: 2112, 	       insn offset 264 , insn 118
01-09 19:54:30.879   318   318 D LibBpfLoader: applying relo to instruction at byte offset: 2200, 	       insn offset 275 , insn 118
01-09 19:54:30.879   318   318 D LibBpfLoader: applying relo to instruction at byte offset: 2480, 	       insn offset 310 , insn 118
01-09 19:54:30.879   318   318 D LibBpfLoader: applying relo to instruction at byte offset: 2632, 	       insn offset 329 , insn 118
01-09 19:54:30.879   318   318 D LibBpfLoader: applying relo to instruction at byte offset: 2808, 	       insn offset 351 , insn 118
01-09 19:54:30.879   318   318 D LibBpfLoader: applying relo to instruction at byte offset: 248, 	       insn offset 31 , insn 118
01-09 19:54:30.879   318   318 D LibBpfLoader: applying relo to instruction at byte offset: 648, 	       insn offset 81 , insn 118
01-09 19:54:30.879   318   318 D LibBpfLoader: applying relo to instruction at byte offset: 720, 	       insn offset 90 , insn 118
01-09 19:54:30.880   318   318 D LibBpfLoader: applying relo to instruction at byte offset: 792, 	       insn offset 99 , insn 118
01-09 19:54:30.880   318   318 D LibBpfLoader: applying relo to instruction at byte offset: 880, 	       insn offset 110 , insn 118
01-09 19:54:30.880   318   318 D LibBpfLoader: applying relo to instruction at byte offset: 976, 	       insn offset 122 , insn 118
01-09 19:54:30.880   318   318 D LibBpfLoader: applying relo to instruction at byte offset: 1080, 	       insn offset 135 , insn 118
01-09 19:54:30.880   318   318 D LibBpfLoader: applying relo to instruction at byte offset: 1176, 	       insn offset 147 , insn 118
01-09 19:54:30.880   318   318 D LibBpfLoader: applying relo to instruction at byte offset: 1280, 	       insn offset 160 , insn 118
01-09 19:54:30.880   318   318 D LibBpfLoader: applying relo to instruction at byte offset: 1448, 	       insn offset 181 , insn 118
01-09 19:54:30.880   318   318 D LibBpfLoader: applying relo to instruction at byte offset: 1568, 	       insn offset 196 , insn 118
01-09 19:54:30.880   318   318 D LibBpfLoader: applying relo to instruction at byte offset: 1840, 	       insn offset 230 , insn 118
01-09 19:54:30.880   318   318 D LibBpfLoader: applying relo to instruction at byte offset: 1920, 	       insn offset 240 , insn 118
01-09 19:54:30.880   318   318 D LibBpfLoader: applying relo to instruction at byte offset: 1992, 	       insn offset 249 , insn 118
01-09 19:54:30.880   318   318 D LibBpfLoader: applying relo to instruction at byte offset: 2048, 	       insn offset 256 , insn 118
01-09 19:54:30.880   318   318 D LibBpfLoader: applying relo to instruction at byte offset: 2112, 	       insn offset 264 , insn 118
01-09 19:54:30.880   318   318 D LibBpfLoader: applying relo to instruction at byte offset: 2200, 	       insn offset 275 , insn 118
01-09 19:54:30.880   318   318 D LibBpfLoader: applying relo to instruction at byte offset: 2480, 	       insn offset 310 , insn 118
01-09 19:54:30.880   318   318 D LibBpfLoader: applying relo to instruction at byte offset: 2632, 	       insn offset 329 , insn 118
01-09 19:54:30.880   318   318 D LibBpfLoader: applying relo to instruction at byte offset: 2808, 	       insn offset 351 , insn 118
01-09 19:54:30.880   318   318 D LibBpfLoader: applying relo to instruction at byte offset: 304, 	       insn offset 38 , insn 118
