01-09 19:54:30.892   318   318 D LibBpfLoader: applying relo to instruction at byte offset: 2568, 	       insn offset 321 , insn 118
01-09 19:54:30.892   318   318 D LibBpfLoader: applying relo to instruction at byte offset: 2712, 	       insn offset 339 , insn 118
01-09 19:54:30.892   318   318 D LibBpfLoader: applying relo to instruction at byte offset: 2816, 	       insn offset 352 , insn 118
01-09 19:54:30.892   318   318 D LibBpfLoader: applying relo to instruction at byte offset: 2856, 	       insn offset 357 , insn 118
01-09 19:54:30.892   318   318 D LibBpfLoader: applying relo to instruction at byte offset: 3088, 	       insn offset 386 , insn 118
01-09 19:54:30.892   318   318 D LibBpfLoader: applying relo to instruction at byte offset: 3192, 	       insn offset 399 , insn 118
01-09 19:54:30.892   318   318 D LibBpfLoader: applying relo to instruction at byte offset: 3232, 	       insn offset 404 , insn 118
01-09 19:54:30.892   318   318 D LibBpfLoader: applying relo to instruction at byte offset: 448, 	       insn offset 56 , insn 118
01-09 19:54:30.892   318   318 D LibBpfLoader: applying relo to instruction at byte offset: 520, 	       insn offset 65 , insn 118
01-09 19:54:30.892   318   318 D LibBpfLoader: applying relo to instruction at byte offset: 992, 	       insn offset 124 , insn 118
01-09 19:54:30.892   318   318 D LibBpfLoader: applying relo to instruction at byte offset: 1272, 	       insn offset 159 , insn 118
01-09 19:54:30.892   318   318 D LibBpfLoader: applying relo to instruction at byte offset: 1352, 	       insn offset 169 , insn 118
01-09 19:54:30.892   318   318 D LibBpfLoader: applying relo to instruction at byte offset: 1456, 	       insn offset 182 , insn 118
01-09 19:54:30.892   318   318 D LibBpfLoader: applying relo to instruction at byte offset: 1560, 	       insn offset 195 , insn 118
01-09 19:54:30.892   318   318 D LibBpfLoader: applying relo to instruction at byte offset: 1600, 	       insn offset 200 , insn 118
01-09 19:54:30.892   318   318 D LibBpfLoader: applying relo to instruction at byte offset: 1744, 	       insn offset 218 , insn 118
01-09 19:54:30.892   318   318 D LibBpfLoader: applying relo to instruction at byte offset: 1848, 	       insn offset 231 , insn 118
01-09 19:54:30.892   318   318 D LibBpfLoader: applying relo to instruction at byte offset: 1888, 	       insn offset 236 , insn 118
01-09 19:54:30.892   318   318 D LibBpfLoader: applying relo to instruction at byte offset: 2160, 	       insn offset 270 , insn 118
01-09 19:54:30.892   318   318 D LibBpfLoader: applying relo to instruction at byte offset: 2264, 	       insn offset 283 , insn 118
01-09 19:54:30.892   318   318 D LibBpfLoader: applying relo to instruction at byte offset: 2304, 	       insn offset 288 , insn 118
01-09 19:54:30.892   318   318 D LibBpfLoader: applying relo to instruction at byte offset: 2448, 	       insn offset 306 , insn 118
01-09 19:54:30.892   318   318 D LibBpfLoader: applying relo to instruction at byte offset: 2552, 	       insn offset 319 , insn 118
01-09 19:54:30.892   318   318 D LibBpfLoader: applying relo to instruction at byte offset: 2592, 	       insn offset 324 , insn 118
01-09 19:54:30.892   318   318 D LibBpfLoader: applying relo to instruction at byte offset: 2824, 	       insn offset 353 , insn 118
01-09 19:54:30.892   318   318 D LibBpfLoader: applying relo to instruction at byte offset: 2928, 	       insn offset 366 , insn 118
01-09 19:54:30.892   318   318 D LibBpfLoader: applying relo to instruction at byte offset: 2968, 	       insn offset 371 , insn 118
01-09 19:54:30.892   318   318 D LibBpfLoader: applying relo to instruction at byte offset: 88, 	       insn offset 11 , insn 118
01-09 19:54:30.892   318   318 D LibBpfLoader: applying relo to instruction at byte offset: 192, 	       insn offset 24 , insn 118
01-09 19:54:30.893   318   318 D LibBpfLoader: applying relo to instruction at byte offset: 232, 	       insn offset 29 , insn 118
01-09 19:54:30.893   318   318 D LibBpfLoader: applying relo to instruction at byte offset: 40, 	       insn offset 5 , insn 118
01-09 19:54:30.893   318   318 D LibBpfLoader: applying relo to instruction at byte offset: 144, 	       insn offset 18 , insn 118
01-09 19:54:30.893   318   318 D LibBpfLoader: applying relo to instruction at byte offset: 184, 	       insn offset 23 , insn 118
01-09 19:54:30.893   318   318 D LibBpfLoader: applying relo to instruction at byte offset: 136, 	       insn offset 17 , insn 118
01-09 19:54:30.893   318   318 D LibBpfLoader: applying relo to instruction at byte offset: 32, 	       insn offset 4 , insn 118
01-09 19:54:30.893   318   318 D LibBpfLoader: applying relo to instruction at byte offset: 80, 	       insn offset 10 , insn 118
01-09 19:54:30.893   318   318 D LibBpfLoader: cs[0].name:cgroupskb_ingress_stats min_kver:0 .max_kver:ffffffff (kvers:50a006e)
01-09 19:54:30.893   318   318 D LibBpfLoader: cs[0].name:cgroupskb_ingress_stats requires bpfloader version [0x00000,0x10000)
01-09 19:54:30.893   318   318 D LibBpfLoader: bpf_prog_load lib call for /system/etc/bpf/netd.o (cgroupskb_ingress_stats) returned fd: 16 (no error)
01-09 19:54:30.893   318   318 D LibBpfLoader: cs[1].name:cgroupskb_egress_stats min_kver:0 .max_kver:ffffffff (kvers:50a006e)
01-09 19:54:30.893   318   318 D LibBpfLoader: cs[1].name:cgroupskb_egress_stats requires bpfloader version [0x00000,0x10000)
01-09 19:54:30.893   318   318 D LibBpfLoader: bpf_prog_load lib call for /system/etc/bpf/netd.o (cgroupskb_egress_stats) returned fd: 17 (no error)
01-09 19:54:30.893   318   318 D LibBpfLoader: cs[2].name:skfilter_egress_xtbpf min_kver:0 .max_kver:ffffffff (kvers:50a006e)
01-09 19:54:30.893   318   318 D LibBpfLoader: cs[2].name:skfilter_egress_xtbpf requires bpfloader version [0x00000,0x10000)
01-09 19:54:30.894   318   318 D LibBpfLoader: bpf_prog_load lib call for /system/etc/bpf/netd.o (skfilter_egress_xtbpf) returned fd: 18 (no error)
01-09 19:54:30.894   318   318 D LibBpfLoader: cs[3].name:skfilter_ingress_xtbpf min_kver:0 .max_kver:ffffffff (kvers:50a006e)
01-09 19:54:30.894   318   318 D LibBpfLoader: cs[3].name:skfilter_ingress_xtbpf requires bpfloader version [0x00000,0x10000)
01-09 19:54:30.894   318   318 D LibBpfLoader: bpf_prog_load lib call for /system/etc/bpf/netd.o (skfilter_ingress_xtbpf) returned fd: 19 (no error)
01-09 19:54:30.894   318   318 D LibBpfLoader: cs[4].name:skfilter_allowlist_xtbpf min_kver:0 .max_kver:ffffffff (kvers:50a006e)
01-09 19:54:30.894   318   318 D LibBpfLoader: cs[4].name:skfilter_allowlist_xtbpf requires bpfloader version [0x00000,0x10000)
01-09 19:54:30.894   318   318 D LibBpfLoader: bpf_prog_load lib call for /system/etc/bpf/netd.o (skfilter_allowlist_xtbpf) returned fd: 20 (no error)
01-09 19:54:30.894   318   318 D LibBpfLoader: cs[5].name:skfilter_denylist_xtbpf min_kver:0 .max_kver:ffffffff (kvers:50a006e)
01-09 19:54:30.894   318   318 D LibBpfLoader: cs[5].name:skfilter_denylist_xtbpf requires bpfloader version [0x00000,0x10000)
01-09 19:54:30.894   318   318 D LibBpfLoader: bpf_prog_load lib call for /system/etc/bpf/netd.o (skfilter_denylist_xtbpf) returned fd: 21 (no error)
01-09 19:54:30.894   318   318 D LibBpfLoader: cs[6].name:cgroupsock_inet_create min_kver:40e0000 .max_kver:ffffffff (kvers:50a006e)
01-09 19:54:30.894   318   318 D LibBpfLoader: cs[6].name:cgroupsock_inet_create requires bpfloader version [0x00000,0x10000)
01-09 19:54:30.894   318   318 D LibBpfLoader: bpf_prog_load lib call for /system/etc/bpf/netd.o (cgroupsock_inet_create) returned fd: 22 (no error)
01-09 19:54:30.894   318   318 I bpfloader: Loaded object: /system/etc/bpf/netd.o
01-09 19:54:30.894   318   318 D LibBpfLoader: Loading optional ELF object /system/etc/bpf/time_in_state.o with license GPL
01-09 19:54:30.895   318   318 I LibBpfLoader: Section bpfloader_min_ver value is 0 [0x0]
01-09 19:54:30.895   318   318 I LibBpfLoader: Section bpfloader_max_ver value is 65536 [0x10000]
01-09 19:54:30.895   318   318 I LibBpfLoader: Section size_of_bpf_map_def value is 48 [0x30]
01-09 19:54:30.895   318   318 I LibBpfLoader: Section size_of_bpf_prog_def value is 28 [0x1c]
01-09 19:54:30.895   318   318 I LibBpfLoader: BpfLoader version 0x00002 processing ELF object /system/etc/bpf/time_in_state.o with ver [0x00000,0x10000)
01-09 19:54:30.895   318   318 D LibBpfLoader: Loaded code section 3 (tracepoint_sched_sched_switch)
01-09 19:54:30.895   318   318 D LibBpfLoader: Loaded relo section 3 (.reltracepoint/sched/sched_switch)
01-09 19:54:30.895   318   318 D LibBpfLoader: Adding section 3 to cs list
01-09 19:54:30.895   318   318 D LibBpfLoader: Loaded code section 5 (tracepoint_power_cpu_frequency)
01-09 19:54:30.895   318   318 D LibBpfLoader: Loaded relo section 5 (.reltracepoint/power/cpu_frequency)
01-09 19:54:30.895   318   318 D LibBpfLoader: Adding section 5 to cs list
01-09 19:54:30.895   318   318 D LibBpfLoader: Loaded code section 7 (tracepoint_sched_sched_process_free)
01-09 19:54:30.895   318   318 D LibBpfLoader: Loaded relo section 7 (.reltracepoint/sched/sched_process_free)
01-09 19:54:30.895   318   318 D LibBpfLoader: Adding section 7 to cs list
01-09 19:54:30.895   318   318 D LibBpfLoader: bpf_create_map name total_time_in_state_map, ret: 6
01-09 19:54:30.896   318   318 D LibBpfLoader: bpf_create_map name uid_time_in_state_map, ret: 7
01-09 19:54:30.896   318   318 D LibBpfLoader: bpf_create_map name uid_concurrent_times_map, ret: 8
01-09 19:54:30.896   318   318 D LibBpfLoader: bpf_create_map name uid_last_update_map, ret: 9
01-09 19:54:30.896   318   318 D LibBpfLoader: bpf_create_map name cpu_last_update_map, ret: 10
01-09 19:54:30.896   318   318 D LibBpfLoader: bpf_create_map name cpu_policy_map, ret: 11
01-09 19:54:30.896   318   318 D LibBpfLoader: bpf_create_map name policy_freq_idx_map, ret: 12
01-09 19:54:30.896   318   318 D LibBpfLoader: bpf_create_map name freq_to_idx_map, ret: 13
01-09 19:54:30.896   318   318 D LibBpfLoader: bpf_create_map name nr_active_map, ret: 14
01-09 19:54:30.896   318   318 D LibBpfLoader: bpf_create_map name policy_nr_active_map, ret: 15
01-09 19:54:30.896   318   318 D LibBpfLoader: bpf_create_map name pid_tracked_hash_map, ret: 16
01-09 19:54:30.896   318   318 D LibBpfLoader: bpf_create_map name pid_tracked_map, ret: 17
01-09 19:54:30.896   318   318 D LibBpfLoader: bpf_create_map name pid_task_aggregation_map, ret: 18
01-09 19:54:30.896   318   318 D LibBpfLoader: bpf_create_map name pid_time_in_state_map, ret: 19
01-09 19:54:30.896   318   318 D LibBpfLoader: map_fd found at 0 is 6 in /system/etc/bpf/time_in_state.o
01-09 19:54:30.896   318   318 D LibBpfLoader: map_fd found at 1 is 7 in /system/etc/bpf/time_in_state.o
01-09 19:54:30.896   318   318 D LibBpfLoader: map_fd found at 2 is 8 in /system/etc/bpf/time_in_state.o
01-09 19:54:30.896   318   318 D LibBpfLoader: map_fd found at 3 is 9 in /system/etc/bpf/time_in_state.o
01-09 19:54:30.896   318   318 D LibBpfLoader: map_fd found at 4 is 10 in /system/etc/bpf/time_in_state.o
01-09 19:54:30.896   318   318 D LibBpfLoader: map_fd found at 5 is 11 in /system/etc/bpf/time_in_state.o
01-09 19:54:30.896   318   318 D LibBpfLoader: map_fd found at 6 is 12 in /system/etc/bpf/time_in_state.o
01-09 19:54:30.896   318   318 D LibBpfLoader: map_fd found at 7 is 13 in /system/etc/bpf/time_in_state.o
01-09 19:54:30.896   318   318 D LibBpfLoader: map_fd found at 8 is 14 in /system/etc/bpf/time_in_state.o
01-09 19:54:30.896   318   318 D LibBpfLoader: map_fd found at 9 is 15 in /system/etc/bpf/time_in_state.o
01-09 19:54:30.896   318   318 D LibBpfLoader: map_fd found at 10 is 16 in /system/etc/bpf/time_in_state.o
01-09 19:54:30.896   318   318 D LibBpfLoader: map_fd found at 11 is 17 in /system/etc/bpf/time_in_state.o
01-09 19:54:30.896   318   318 D LibBpfLoader: map_fd found at 12 is 18 in /system/etc/bpf/time_in_state.o
01-09 19:54:30.896   318   318 D LibBpfLoader: map_fd found at 13 is 19 in /system/etc/bpf/time_in_state.o
01-09 19:54:30.896   318   318 D LibBpfLoader: applying relo to instruction at byte offset: 40, 	       insn offset 5 , insn 118
01-09 19:54:30.896   318   318 D LibBpfLoader: applying relo to instruction at byte offset: 128, 	       insn offset 16 , insn 118
01-09 19:54:30.896   318   318 D LibBpfLoader: applying relo to instruction at byte offset: 200, 	       insn offset 25 , insn 118
01-09 19:54:30.896   318   318 D LibBpfLoader: applying relo to instruction at byte offset: 264, 	       insn offset 33 , insn 118
01-09 19:54:30.896   318   318 D LibBpfLoader: applying relo to instruction at byte offset: 504, 	       insn offset 63 , insn 118
01-09 19:54:30.896   318   318 D LibBpfLoader: applying relo to instruction at byte offset: 640, 	       insn offset 80 , insn 118
01-09 19:54:30.896   318   318 D LibBpfLoader: applying relo to instruction at byte offset: 1000, 	       insn offset 125 , insn 118
01-09 19:54:30.896   318   318 D LibBpfLoader: applying relo to instruction at byte offset: 1040, 	       insn offset 130 , insn 118
01-09 19:54:30.896   318   318 D LibBpfLoader: applying relo to instruction at byte offset: 1216, 	       insn offset 152 , insn 118
01-09 19:54:30.896   318   318 D LibBpfLoader: applying relo to instruction at byte offset: 1344, 	       insn offset 168 , insn 118
01-09 19:54:30.897   318   318 D LibBpfLoader: applying relo to instruction at byte offset: 1440, 	       insn offset 180 , insn 118
01-09 19:54:30.897   318   318 D LibBpfLoader: applying relo to instruction at byte offset: 1536, 	       insn offset 192 , insn 118
01-09 19:54:30.897   318   318 D LibBpfLoader: applying relo to instruction at byte offset: 1864, 	       insn offset 233 , insn 118
01-09 19:54:30.897   318   318 D LibBpfLoader: applying relo to instruction at byte offset: 1904, 	       insn offset 238 , insn 118
01-09 19:54:30.897   318   318 D LibBpfLoader: applying relo to instruction at byte offset: 2080, 	       insn offset 260 , insn 118
01-09 19:54:30.897   318   318 D LibBpfLoader: applying relo to instruction at byte offset: 2288, 	       insn offset 286 , insn 118
01-09 19:54:30.897   318   318 D LibBpfLoader: applying relo to instruction at byte offset: 2328, 	       insn offset 291 , insn 118
01-09 19:54:30.897   318   318 D LibBpfLoader: applying relo to instruction at byte offset: 2504, 	       insn offset 313 , insn 118
01-09 19:54:30.897   318   318 D LibBpfLoader: applying relo to instruction at byte offset: 2712, 	       insn offset 339 , insn 118
01-09 19:54:30.897   318   318 D LibBpfLoader: applying relo to instruction at byte offset: 2752, 	       insn offset 344 , insn 118
01-09 19:54:30.897   318   318 D LibBpfLoader: applying relo to instruction at byte offset: 2864, 	       insn offset 358 , insn 118
01-09 19:54:30.897   318   318 D LibBpfLoader: applying relo to instruction at byte offset: 2952, 	       insn offset 369 , insn 118
01-09 19:54:30.897   318   318 D LibBpfLoader: applying relo to instruction at byte offset: 3056, 	       insn offset 382 , insn 118
01-09 19:54:30.897   318   318 D LibBpfLoader: applying relo to instruction at byte offset: 3160, 	       insn offset 395 , insn 118
01-09 19:54:30.897   318   318 D LibBpfLoader: applying relo to instruction at byte offset: 3264, 	       insn offset 408 , insn 118
01-09 19:54:30.897   318   318 D LibBpfLoader: applying relo to instruction at byte offset: 3368, 	       insn offset 421 , insn 118
01-09 19:54:30.897   318   318 D LibBpfLoader: applying relo to instruction at byte offset: 3472, 	       insn offset 434 , insn 118
01-09 19:54:30.897   318   318 D LibBpfLoader: applying relo to instruction at byte offset: 3576, 	       insn offset 447 , insn 118
01-09 19:54:30.897   318   318 D LibBpfLoader: applying relo to instruction at byte offset: 3688, 	       insn offset 461 , insn 118
01-09 19:54:30.897   318   318 D LibBpfLoader: applying relo to instruction at byte offset: 40, 	       insn offset 5 , insn 118
01-09 19:54:30.897   318   318 D LibBpfLoader: applying relo to instruction at byte offset: 120, 	       insn offset 15 , insn 118
01-09 19:54:30.897   318   318 D LibBpfLoader: applying relo to instruction at byte offset: 200, 	       insn offset 25 , insn 118
01-09 19:54:30.897   318   318 D LibBpfLoader: applying relo to instruction at byte offset: 48, 	       insn offset 6 , insn 118
01-09 19:54:30.897   318   318 D LibBpfLoader: applying relo to instruction at byte offset: 200, 	       insn offset 25 , insn 118
01-09 19:54:30.897   318   318 D LibBpfLoader: applying relo to instruction at byte offset: 328, 	       insn offset 41 , insn 118
01-09 19:54:30.897   318   318 D LibBpfLoader: applying relo to instruction at byte offset: 456, 	       insn offset 57 , insn 118
01-09 19:54:30.897   318   318 D LibBpfLoader: applying relo to instruction at byte offset: 584, 	       insn offset 73 , insn 118
01-09 19:54:30.897   318   318 D LibBpfLoader: applying relo to instruction at byte offset: 712, 	       insn offset 89 , insn 118
01-09 19:54:30.897   318   318 D LibBpfLoader: applying relo to instruction at byte offset: 840, 	       insn offset 105 , insn 118
01-09 19:54:30.897   318   318 D LibBpfLoader: applying relo to instruction at byte offset: 968, 	       insn offset 121 , insn 118
01-09 19:54:30.897   318   318 D LibBpfLoader: applying relo to instruction at byte offset: 1104, 	       insn offset 138 , insn 118
01-09 19:54:30.897   318   318 D LibBpfLoader: applying relo to instruction at byte offset: 1144, 	       insn offset 143 , insn 118
01-09 19:54:30.897   318   318 D LibBpfLoader: cs[0].name:tracepoint_sched_sched_switch min_kver:0 .max_kver:ffffffff (kvers:50a006e)
01-09 19:54:30.897   318   318 D LibBpfLoader: cs[0].name:tracepoint_sched_sched_switch requires bpfloader version [0x00000,0x10000)
01-09 19:54:30.897   318   318 D LibBpfLoader: bpf_prog_load lib call for /system/etc/bpf/time_in_state.o (tracepoint_sched_sched_switch) returned fd: 20 (no error)
01-09 19:54:30.897   318   318 D LibBpfLoader: cs[1].name:tracepoint_power_cpu_frequency min_kver:0 .max_kver:ffffffff (kvers:50a006e)
01-09 19:54:30.897   318   318 D LibBpfLoader: cs[1].name:tracepoint_power_cpu_frequency requires bpfloader version [0x00000,0x10000)
01-09 19:54:30.898   318   318 D LibBpfLoader: bpf_prog_load lib call for /system/etc/bpf/time_in_state.o (tracepoint_power_cpu_frequency) returned fd: 21 (no error)
01-09 19:54:30.898   318   318 D LibBpfLoader: cs[2].name:tracepoint_sched_sched_process_free min_kver:0 .max_kver:ffffffff (kvers:50a006e)
01-09 19:54:30.898   318   318 D LibBpfLoader: cs[2].name:tracepoint_sched_sched_process_free requires bpfloader version [0x00000,0x10000)
01-09 19:54:30.898   318   318 D LibBpfLoader: bpf_prog_load lib call for /system/etc/bpf/time_in_state.o (tracepoint_sched_sched_process_free) returned fd: 22 (no error)
01-09 19:54:30.898   318   318 I bpfloader: Loaded object: /system/etc/bpf/time_in_state.o
01-09 19:54:30.919     1     1 I init    : Service 'bpfloader' (pid 318) exited with status 0 waiting took 0.036000 seconds
01-09 19:54:30.919     1     1 I init    : Sending signal 9 to service 'bpfloader' (pid 318) process group...
01-09 19:54:30.919     1     1 I libprocessgroup: Successfully killed process cgroup uid 0 pid 318 in 0ms
01-09 19:54:30.919     1     1 I init    : processing action (ro.crypto.state=encrypted && ro.crypto.type=file && zygote-start) from (/system/etc/init/hw/init.rc:980)
01-09 19:54:30.919     1     1 I init    : start_waiting_for_property("odsign.verification.done", "1"): already set
01-09 19:54:30.919     1     1 I init    : starting service 'update_verifier_nonencrypted'...
01-09 19:54:30.920     1     1 I init    : SVC_EXEC service 'update_verifier_nonencrypted' pid 319 (uid 0 gid 2001+1 context default) started; waiting...
01-09 19:54:30.926     1     1 I init    : Service 'update_verifier_nonencrypted' (pid 319) exited with status 0 waiting took 0.005000 seconds
01-09 19:54:30.926     1     1 I init    : Sending signal 9 to service 'update_verifier_nonencrypted' (pid 319) process group...
01-09 19:54:30.926     1     1 I libprocessgroup: Successfully killed process cgroup uid 0 pid 319 in 0ms
01-09 19:54:30.926     1     1 I init    : starting service 'statsd'...
01-09 19:54:30.926     1     1 I init    : Created socket '/dev/socket/statsdw', mode 222, user 1066, group 1066
01-09 19:54:30.927     1     1 I init    : starting service 'netd'...
01-09 19:54:30.927     1     1 I init    : Created socket '/dev/socket/dnsproxyd', mode 660, user 0, group 3003
01-09 19:54:30.927     1     1 I init    : Created socket '/dev/socket/mdns', mode 660, user 0, group 1000
01-09 19:54:30.927     1     1 I init    : Created socket '/dev/socket/fwmarkd', mode 660, user 0, group 3003
01-09 19:54:30.928     1     1 I init    : starting service 'zygote'...
01-09 19:54:30.928     1     1 I init    : Created socket '/dev/socket/zygote', mode 660, user 0, group 1000
01-09 19:54:30.928     1     1 I init    : Created socket '/dev/socket/usap_pool_primary', mode 660, user 0, group 1000
01-09 19:54:30.929     1     1 I init    : Command 'start zygote_secondary' action=ro.crypto.state=encrypted && ro.crypto.type=file && zygote-start (/system/etc/init/hw/init.rc:987) took 0ms and failed: service zygote_secondary not found
01-09 19:54:30.929     1     1 I init    : processing action (zygote-start) from (/vendor/etc/init/hw/init.ranchu.rc:75)
01-09 19:54:30.929     1     1 I init    : processing action (firmware_mounts_complete) from (/system/etc/init/hw/init.rc:464)
01-09 19:54:30.929     1     1 I init    : processing action (early-boot) from (/system/etc/init/installd.rc:5)
01-09 19:54:30.932     1     1 I init    : processing action (boot) from (/system/etc/init/hw/init.rc:994)
01-09 19:54:30.933     1     1 I init    : Command 'write /dev/sys/block/by-name/userdata/queue/discard_max_bytes 134217728' action=boot (/system/etc/init/hw/init.rc:1034) took 0ms and failed: Unable to write to file '/dev/sys/block/by-name/userdata/queue/discard_max_bytes': Unable to write file contents: Invalid argument
01-09 19:54:30.934     1     1 I init    : starting service 'hidl_memory'...
01-09 19:54:30.936     1     1 I init    : starting service 'vendor.audio-hal'...
01-09 19:54:30.917   320   320 I ServiceManager: Waiting for service 'statscompanion' on '/dev/binder'...
01-09 19:54:30.938     1     1 I init    : starting service 'vendor.authsecret-1-0'...
01-09 19:54:30.939     1     1 I init    : starting service 'btlinux-1.1'...
01-09 19:54:30.940     1     1 I init    : starting service 'vendor.camera-provider-2-4'...
01-09 19:54:30.921   323   323 I HidlServiceManagement: Registered android.hidl.allocator@1.0::IAllocator/ashmem
01-09 19:54:30.921   323   323 I HidlServiceManagement: Removing namespace from process name android.hidl.allocator@1.0-service to allocator@1.0-service.
01-09 19:54:30.945     1     1 I init    : starting service 'vendor.camera-provider-2-7-google'...
01-09 19:54:30.945     1     1 I init    : starting service 'vendor.cas-hal-1-2'...
01-09 19:54:30.946     1     1 I init    : starting service 'vendor.contexthub-hal-1-1-mock'...
01-09 19:54:30.947     1     1 I init    : starting service 'vendor.drm-hal-1-0'...
01-09 19:54:30.948     1     1 I init    : starting service 'vendor.drm-clearkey-hal-1-4'...
01-09 19:54:30.948     1     1 I init    : starting service 'vendor.drm-widevine-hal-1-4'...
01-09 19:54:30.949     1     1 I init    : starting service 'vendor.gatekeeper-1-0'...
01-09 19:54:30.950     1     1 I init    : starting service 'vendor.gralloc-3-0'...
01-09 19:54:30.951     1     1 I init    : starting service 'vendor.hwcomposer-2-3'...
01-09 19:54:30.952     1     1 I init    : starting service 'health-hal-2-1'...
01-09 19:54:30.952     1     1 I init    : Opened file '/dev/kmsg', flags 1
01-09 19:54:30.953     1     1 I init    : starting service 'android-hardware-media-c2-goldfish-hal-1-0'...
01-09 19:54:30.954     1     1 I init    : starting service 'neuralnetworks_hal_service_sample_all'...
01-09 19:54:30.954     1     1 I init    : starting service 'neuralnetworks_hal_service_sample_float_fast'...
01-09 19:54:30.955     1     1 I init    : starting service 'neuralnetworks_hal_service_sample_float_slow'...
01-09 19:54:30.956     1     1 I init    : starting service 'neuralnetworks_hal_service_sample_minimal'...
01-09 19:54:30.957     1     1 I init    : starting service 'neuralnetworks_hal_service_sample_quant'...
01-09 19:54:30.958     1     1 I init    : starting service 'vendor.power.stats-hal-1-0-mock'...
01-09 19:54:30.960     1     1 I init    : starting service 'vendor.sensors-hal-2-1-multihal'...
01-09 19:54:30.962     1     1 I init    : starting service 'vendor.thermal-hal-2-0-mock'...
01-09 19:54:30.963     1     1 I init    : starting service 'vendor.usb-hal-1-0'...
01-09 19:54:30.964     1     1 I init    : starting service 'vendor.wifi_hal_legacy'...
01-09 19:54:30.965     1     1 I init    : starting service 'vendor.identity-default'...
01-09 19:54:30.967     1     1 I init    : starting service 'vendor.light-default'...
01-09 19:54:30.949   337   337 I HidlServiceManagement: Registered android.hardware.gatekeeper@1.0::IGatekeeper/default
01-09 19:54:30.949   337   337 I HidlServiceManagement: Removing namespace from process name android.hardware.gatekeeper@1.0-service.software to gatekeeper@1.0-service.software.
01-09 19:54:30.951   340   340 I android.hardware.health@2.1-service: default instance initializing with healthd_config...
01-09 19:54:30.969     1     1 I init    : starting service 'vendor.power-default'...
01-09 19:54:30.972   340   340 W healthd : batteryCapacityLevelPath not found
01-09 19:54:30.972   340   340 W healthd : batteryChargeTimeToFullNowPath. not found
01-09 19:54:30.972   340   340 W healthd : batteryFullChargeDesignCapacityUahPath. not found
01-09 19:54:30.952   340   340 I HidlServiceManagement: Registered android.hardware.health@2.1::IHealth/default
01-09 19:54:30.952   340   340 I HidlServiceManagement: Removing namespace from process name android.hardware.health@2.1-service to health@2.1-service.
01-09 19:54:30.952   340   340 I android.hardware.health@2.1-service: default: Hal init done
01-09 19:54:30.973     1     1 I init    : starting service 'vendor.rebootescrow-default'...
01-09 19:54:30.973   340   340 W healthd : battery l=100 v=5000 t=25.0 h=2 st=4 c=900000 fc=300000 cc=10 chg=
01-09 19:54:30.974     1     1 I init    : starting service 'vendor.vibrator-default'...
01-09 19:54:30.980     1     1 I init    : starting service 'ranchu-setup'...
01-09 19:54:30.963   332   332 I HidlServiceManagement: Registered android.hardware.cas@1.2::IMediaCasService/default
01-09 19:54:30.963   332   332 I HidlServiceManagement: Removing namespace from process name android.hardware.cas@1.2-service to cas@1.2-service.
01-09 19:54:30.982     1     1 I init    : starting service 'audioserver'...
01-09 19:54:30.985     1     1 I init    : starting service 'credstore'...
01-09 19:54:30.967   328   328 I HidlServiceManagement: Registered android.hardware.authsecret@1.0::IAuthSecret/default
01-09 19:54:30.968   328   328 I HidlServiceManagement: Removing namespace from process name android.hardware.authsecret@1.0-service to authsecret@1.0-service.
01-09 19:54:31.001     1     1 I init    : starting service 'gpu'...
01-09 19:54:31.002     1     1 I init    : starting service 'surfaceflinger'...
01-09 19:54:31.003     1     1 I init    : Could not create socket 'pdx/system/vr/display/client': Failed to bind socket 'pdx/system/vr/display/client': No such file or directory
01-09 19:54:31.003     1     1 I init    : Could not create socket 'pdx/system/vr/display/manager': Failed to bind socket 'pdx/system/vr/display/manager': No such file or directory
01-09 19:54:31.003     1     1 I init    : Could not create socket 'pdx/system/vr/display/vsync': Failed to bind socket 'pdx/system/vr/display/vsync': No such file or directory
01-09 19:54:30.985   321   321 I netdClient: Skipping libnetd_client init since *we* are netd
01-09 19:54:31.005     1     1 I init    : processing action (persist.sys.usb.config=* && boot) from (/system/etc/init/hw/init.usb.rc:108)
01-09 19:54:30.989   186   186 I hwservicemanager: getTransport: Cannot find entry android.hardware.audio@7.0::IDevicesFactory/default in either framework or device VINTF manifest.
01-09 19:54:30.990   329   329 I HidlServiceManagement: Registered android.hardware.bluetooth@1.1::IBluetoothHci/default
01-09 19:54:30.990   329   329 I HidlServiceManagement: Removing namespace from process name android.hardware.bluetooth@1.1-service.btlinux to bluetooth@1.1-service.btlinux.
01-09 19:54:30.990   326   326 E LegacySupport: Could not get passthrough implementation for android.hardware.audio@7.0::IDevicesFactory/default.
01-09 19:54:30.994   185   185 I servicemanager: Found android.hardware.light.ILights/default in device VINTF manifest.
01-09 19:54:30.997   330   330 I android.hardware.camera.provider@2.4-service: CameraProvider@2.4 legacy service is starting.
01-09 19:54:30.999   348   348 I android.hardware.sensors@2.1-impl.ranchu: MultihalSensors:77: host sensors mask=207ff, available sensors mask=3ff
01-09 19:54:31.019     1     1 I init    : processing action (boot) from (/vendor/etc/init/hw/init.ranchu.rc:81)
01-09 19:54:31.001   321   321 I netd    : netd 1.0 starting
01-09 19:54:31.002   185   185 I servicemanager: Found android.hardware.power.IPower/default in device VINTF manifest.
01-09 19:54:31.022     1     1 I init    : Command 'setprop debug.stagefright.ccodec ${ro.boot.debug.stagefright.ccodec}' action=boot (/vendor/etc/init/hw/init.ranchu.rc:90) took 0ms and failed: property 'ro.boot.debug.stagefright.ccodec' doesn't exist while expanding '${ro.boot.debug.stagefright.ccodec}'
01-09 19:54:31.023     1     1 I init    : Command 'setprop dalvik.vm.checkjni ${ro.boot.dalvik.vm.checkjni}' action=boot (/vendor/etc/init/hw/init.ranchu.rc:94) took 0ms and failed: property 'ro.boot.dalvik.vm.checkjni' doesn't exist while expanding '${ro.boot.dalvik.vm.checkjni}'
01-09 19:54:31.024     1     1 I init    : processing action (boot) from (/system/etc/init/dumpstate.rc:1)
01-09 19:54:31.024     1     1 I init    : processing action (boot) from (/system/etc/init/gsid.rc:25)
01-09 19:54:31.024     1     1 I init    : starting service 'exec 16 (/system/bin/gsid run-startup-tasks)'...
01-09 19:54:31.004   347   347 I android.hardware.power.stats@1.0-service-mock: power.stats service 1.0 mock is starting.
01-09 19:54:31.006   321   321 I netd    : Pid file removed
01-09 19:54:31.006   321   321 I netd    : SIGPIPE is blocked
01-09 19:54:31.006   321   321 I netd    : setCloseOnExec(dnsproxyd)
01-09 19:54:31.006   321   321 I netd    : setCloseOnExec(fwmarkd)
01-09 19:54:31.006   321   321 I netd    : setCloseOnExec(mdns)
01-09 19:54:31.007   321   321 I netd    : BPF programs are loaded
01-09 19:54:31.025     1     1 I init    : processing action (enable_property_trigger) from (<Builtin Action>:0)
01-09 19:54:31.025     1     1 I init    : processing action (apexd.status=ready && ro.product.cpu.abilist64=*) from (/system/etc/init/hw/init.rc:96)
01-09 19:54:31.008   348   348 I HidlServiceManagement: Registered android.hardware.sensors@2.1::ISensors/default
01-09 19:54:31.008   348   348 I HidlServiceManagement: Removing namespace from process name android.hardware.sensors@2.1-service.multihal to sensors@2.1-service.multihal.
01-09 19:54:31.008   349   349 I android.hardware.thermal@2.0-service-mock: Thermal HAL Service Mock 2.0 starting...
01-09 19:54:31.014   185   185 I servicemanager: Found android.hardware.vibrator.IVibrator/default in device VINTF manifest.
01-09 19:54:31.014   185   185 I servicemanager: Found android.hardware.vibrator.IVibratorManager/default in device VINTF manifest.
01-09 19:54:31.015   335   335 I HidlServiceManagement: Registered android.hardware.drm@1.4::IDrmFactory/clearkey
01-09 19:54:31.015   335   335 I HidlServiceManagement: Removing namespace from process name android.hardware.drm@1.4-service.clearkey to drm@1.4-service.clearkey.
01-09 19:54:31.015   185   185 I servicemanager: Found android.hardware.rebootescrow.IRebootEscrow/default in device VINTF manifest.
01-09 19:54:31.015   321   321 I netd    : NetlinkManager instanced
01-09 19:54:31.035     1     1 I init    : starting service 'boringssl_self_test_apex64'...
01-09 19:54:31.036     1     1 I init    : SVC_EXEC service 'boringssl_self_test_apex64' pid 370 (uid 0 gid 0+0 context default) started; waiting...
01-09 19:54:31.017   335   335 I HidlServiceManagement: Registered android.hardware.drm@1.4::ICryptoFactory/clearkey
01-09 19:54:31.017   335   335 I HidlServiceManagement: Removing namespace from process name android.hardware.drm@1.4-service.clearkey to drm@1.4-service.clearkey.
01-09 19:54:31.021   321   321 I netd    : enter NetworkController ctor
01-09 19:54:31.023   321   321 I netd    : leave NetworkController ctor
01-09 19:54:31.024   321   321 I netd    : enter TetherController ctor
01-09 19:54:31.024   321   321 D TetherController: Setting IP forward enable = 0
01-09 19:54:31.024   347   347 I HidlServiceManagement: Registered android.hardware.power.stats@1.0::IPowerStats/default
01-09 19:54:31.024   347   347 I HidlServiceManagement: Removing namespace from process name android.hardware.power.stats@1.0-service.mock to stats@1.0-service.mock.
01-09 19:54:31.024   347   347 I android.hardware.power.stats@1.0-service-mock: power.stats service is ready
01-09 19:54:31.025   321   321 I netd    : leave TetherController ctor
01-09 19:54:31.025   321   321 D FirewallController: Could not read /proc/self/uid_map, max uid defaulting to 4294967294
01-09 19:54:31.032   338   338 D HostConnection: createUnique: call
01-09 19:54:31.033   338   338 D HostConnection: HostConnection::get() New Host Connection established 0xb40000732e072350, tid 338
01-09 19:54:31.052     1     1 I init    : Service 'ranchu-setup' (pid 358) exited with status 0 oneshot service took 0.071000 seconds in background
01-09 19:54:31.052     1     1 I init    : Sending signal 9 to service 'ranchu-setup' (pid 358) process group...
01-09 19:54:31.052     1     1 I libprocessgroup: Successfully killed process cgroup uid 0 pid 358 in 0ms
01-09 19:54:31.036   349   349 I HidlServiceManagement: Registered android.hardware.thermal@2.0::IThermal/default
01-09 19:54:31.036   349   349 I HidlServiceManagement: Removing namespace from process name android.hardware.thermal@2.0-service.mock to thermal@2.0-service.mock.
01-09 19:54:31.036   349   349 I android.hardware.thermal@2.0-service-mock: Thermal Service started successfully.
01-09 19:54:31.043   338   338 I HidlServiceManagement: Registered android.hardware.graphics.allocator@3.0::IAllocator/default
01-09 19:54:31.043   338   338 I HidlServiceManagement: Removing namespace from process name android.hardware.graphics.allocator@3.0-service to allocator@3.0-service.
01-09 19:54:31.043   338   338 I android.hardware.graphics.allocator@3.0-service: graphics IAllocator@3.0 service is initialized
01-09 19:54:31.043   334   334 I HidlServiceManagement: Registered android.hardware.drm@1.0::IDrmFactory/default
01-09 19:54:31.044   334   334 I HidlServiceManagement: Removing namespace from process name android.hardware.drm@1.0-service to drm@1.0-service.
01-09 19:54:31.044   334   334 I LegacySupport: Registration complete for android.hardware.drm@1.0::IDrmFactory/default.
01-09 19:54:31.045   334   334 I HidlServiceManagement: Registered android.hardware.drm@1.0::ICryptoFactory/default
01-09 19:54:31.045   334   334 I HidlServiceManagement: Removing namespace from process name android.hardware.drm@1.0-service to drm@1.0-service.
01-09 19:54:31.045   334   334 I LegacySupport: Registration complete for android.hardware.drm@1.0::ICryptoFactory/default.
01-09 19:54:31.046   343   343 I HidlServiceManagement: Registered android.hardware.neuralnetworks@1.3::IDevice/nnapi-sample_float_fast
01-09 19:54:31.046   343   343 I HidlServiceManagement: Removing namespace from process name android.hardware.neuralnetworks@1.3-service-sample-float-fast to neuralnetworks@1.3-service-sample-float-fast.
01-09 19:54:31.046   360   360 I credstore: Registered binder service
01-09 19:54:31.046   350   350 I HidlServiceManagement: Registered android.hardware.usb@1.0::IUsb/default
01-09 19:54:31.046   350   350 I HidlServiceManagement: Removing namespace from process name android.hardware.usb@1.0-service to usb@1.0-service.
01-09 19:54:31.046   350   350 I android.hardware.usb@1.0-service: USB HAL Ready.
01-09 19:54:31.047   185   185 I servicemanager: Found android.hardware.identity.IIdentityCredentialStore/default in device VINTF manifest.
01-09 19:54:31.048   351   351 I android.hardware.wifi@1.0-service: Wifi Hal is booting up...
01-09 19:54:31.050   351   351 I HidlServiceManagement: Registered android.hardware.wifi@1.5::IWifi/default
01-09 19:54:31.050   351   351 I HidlServiceManagement: Removing namespace from process name android.hardware.wifi@1.0-service to wifi@1.0-service.
01-09 19:54:31.050   336   336 I HidlServiceManagement: Registered android.hardware.drm@1.4::IDrmFactory/widevine
01-09 19:54:31.050   336   336 I HidlServiceManagement: Removing namespace from process name android.hardware.drm@1.4-service.widevine to drm@1.4-service.widevine.
01-09 19:54:31.050   336   336 I HidlServiceManagement: Registered android.hardware.drm@1.4::ICryptoFactory/widevine
01-09 19:54:31.050   336   336 I HidlServiceManagement: Removing namespace from process name android.hardware.drm@1.4-service.widevine to drm@1.4-service.widevine.
01-09 19:54:31.075     1     1 I init    : Service 'boringssl_self_test_apex64' (pid 370) exited with status 0 waiting took 0.039000 seconds
01-09 19:54:31.075     1     1 I init    : Sending signal 9 to service 'boringssl_self_test_apex64' (pid 370) process group...
01-09 19:54:31.075     1     1 I libprocessgroup: Successfully killed process cgroup uid 0 pid 370 in 0ms
01-09 19:54:31.075     1     1 I init    : processing action (bootreceiver.enable=1 && ro.product.cpu.abilist64=*) from (/system/etc/init/hw/init.rc:606)
01-09 19:54:31.056   331   331 I android.hardware.pixel.camera.provider@2.7-service: Google camera provider service is starting.
01-09 19:54:31.056   331   331 I android.hardware.pixel.camera.provider@2.7-service: Not using ApexUpdateListener since not running in an apex.
01-09 19:54:31.059   367   367 I gsid    : no DSU: No such file or directory
01-09 19:54:31.064   333   333 I HidlServiceManagement: Registered android.hardware.contexthub@1.1::IContexthub/default
01-09 19:54:31.064   333   333 I HidlServiceManagement: Removing namespace from process name android.hardware.contexthub@1.1-service.mock to contexthub@1.1-service.mock.
01-09 19:54:31.071   186   186 I hwservicemanager: getTransport: Cannot find entry android.hardware.graphics.mapper@4.0::IMapper/default in either framework or device VINTF manifest.
01-09 19:54:31.071   330   330 I Gralloc4: mapper 4.x is not supported
01-09 19:54:31.076   330   330 D HostConnection: createUnique: call
01-09 19:54:31.077   330   330 D HostConnection: HostConnection::get() New Host Connection established 0xb400007c8025e3d0, tid 330
01-09 19:54:31.077   330   330 D goldfish-address-space: allocate: Ask for block of size 0x100
01-09 19:54:31.077   330   330 D goldfish-address-space: allocate: ioctl allocate returned offset 0x1ffff8000 size 0x8000
01-09 19:54:31.077   331   331 I GCH_CameraProvider: CreateHwl:Loading /vendor/lib64/libgooglecamerahwl_impl.so library
01-09 19:54:31.078   344   344 I HidlServiceManagement: Registered android.hardware.neuralnetworks@1.3::IDevice/nnapi-sample_float_slow
01-09 19:54:31.078   344   344 I HidlServiceManagement: Removing namespace from process name android.hardware.neuralnetworks@1.3-service-sample-float-slow to neuralnetworks@1.3-service-sample-float-slow.
01-09 19:54:31.098     1     1 I init    : Service 'exec 16 (/system/bin/gsid run-startup-tasks)' (pid 367) exited with status 0 oneshot service took 0.073000 seconds in background
01-09 19:54:31.098     1     1 I init    : Sending signal 9 to service 'exec 16 (/system/bin/gsid run-startup-tasks)' (pid 367) process group...
01-09 19:54:31.098     1     1 I libprocessgroup: Successfully killed process cgroup uid 0 pid 367 in 0ms
01-09 19:54:31.085   339   339 D RanchuHwc: isMinigbmFromProperty: Is not using minigbm, in goldfish mode.
01-09 19:54:31.085   339   339 D HostConnection: createUnique: call
01-09 19:54:31.085   339   339 D HostConnection: HostConnection::get() New Host Connection established 0xb400007ad6fbc290, tid 339
01-09 19:54:31.106     1     1 I init    : processing action (net.tcp_def_init_rwnd=*) from (/system/etc/init/hw/init.rc:1159)
01-09 19:54:31.107     1     1 I init    : processing action (sys.init.perf_lsm_hooks=1) from (/system/etc/init/hw/init.rc:1170)
01-09 19:54:31.107     1     1 I init    : processing action (security.perf_harden=1) from (/system/etc/init/hw/init.rc:1184)
01-09 19:54:31.107     1     1 I init    : processing action (ro.debuggable=1) from (/system/etc/init/hw/init.rc:1219)
01-09 19:54:31.107     1     1 I init    : processing action (sys.usb.config=adb && sys.usb.configfs=0) from (/system/etc/init/hw/init.usb.rc:40)
01-09 19:54:31.107     1     1 I init    : Command 'write /sys/class/android_usb/android0/enable 0' action=sys.usb.config=adb && sys.usb.configfs=0 (/system/etc/init/hw/init.usb.rc:41) took 0ms and failed: Unable to write to file '/sys/class/android_usb/android0/enable': open() failed: Permission denied
01-09 19:54:31.107     1     1 I init    : Command 'write /sys/class/android_usb/android0/idVendor 18d1' action=sys.usb.config=adb && sys.usb.configfs=0 (/system/etc/init/hw/init.usb.rc:42) took 0ms and failed: Unable to write to file '/sys/class/android_usb/android0/idVendor': open() failed: Permission denied
01-09 19:54:31.107     1     1 I init    : Command 'write /sys/class/android_usb/android0/idProduct 4EE7' action=sys.usb.config=adb && sys.usb.configfs=0 (/system/etc/init/hw/init.usb.rc:43) took 0ms and failed: Unable to write to file '/sys/class/android_usb/android0/idProduct': open() failed: Permission denied
01-09 19:54:31.107     1     1 I init    : Command 'write /sys/class/android_usb/android0/functions ${sys.usb.config}' action=sys.usb.config=adb && sys.usb.configfs=0 (/system/etc/init/hw/init.usb.rc:44) took 0ms and failed: Unable to write to file '/sys/class/android_usb/android0/functions': open() failed: Permission denied
01-09 19:54:31.107     1     1 I init    : Command 'write /sys/class/android_usb/android0/enable 1' action=sys.usb.config=adb && sys.usb.configfs=0 (/system/etc/init/hw/init.usb.rc:45) took 0ms and failed: Unable to write to file '/sys/class/android_usb/android0/enable': open() failed: Permission denied
01-09 19:54:31.088   331   331 I EmulatedCameraProviderHwlImpl: Create: Created EmulatedCameraProviderHwlImpl
01-09 19:54:31.088   331   331 E GCH_CameraProvider: Initialize: HWL doesn't support vendor buffer allocation Function not implemented(-38)
01-09 19:54:31.088   339   339 D HostConnection: HostComposition ext ANDROID_EMU_CHECKSUM_HELPER_v1 ANDROID_EMU_native_sync_v2 ANDROID_EMU_native_sync_v3 ANDROID_EMU_native_sync_v4 ANDROID_EMU_dma_v1 ANDROID_EMU_direct_mem ANDROID_EMU_host_composition_v1 ANDROID_EMU_host_composition_v2 ANDROID_EMU_vulkan ANDROID_EMU_deferred_vulkan_commands ANDROID_EMU_vulkan_null_optional_strings ANDROID_EMU_vulkan_create_resources_with_requirements ANDROID_EMU_YUV_Cache ANDROID_EMU_vulkan_ignored_handles ANDROID_EMU_has_shared_slots_host_memory_allocator ANDROID_EMU_vulkan_free_memory_sync ANDROID_EMU_vulkan_shader_float16_int8 ANDROID_EMU_vulkan_async_queue_submit ANDROID_EMU_vulkan_queue_submit_with_commands ANDROID_EMU_vulkan_batched_descriptor_set_update ANDROID_EMU_sync_buffer_data ANDROID_EMU_vulkan_async_qsri ANDROID_EMU_read_color_buffer_dma GL_OES_EGL_image_external_essl3 GL_OES_vertex_array_object ANDROID_EMU_host_side_tracing ANDROID_EMU_gles_max_version_3_0 
01-09 19:54:31.089   339   339 D RanchuHwc: init initializing display:0 width:1080 height:2340 dpiX:440 dpiY:440 refreshRateHz:60
01-09 19:54:31.089   186   186 I hwservicemanager: getTransport: Cannot find entry android.hardware.graphics.mapper@4.0::IMapper/default in either framework or device VINTF manifest.
01-09 19:54:31.089   339   339 I Gralloc4: mapper 4.x is not supported
01-09 19:54:31.090   339   339 D HostConnection: createUnique: call
01-09 19:54:31.090   339   339 D HostConnection: HostConnection::get() New Host Connection established 0xb400007ad6fbbc90, tid 339
01-09 19:54:31.090   339   339 D goldfish-address-space: allocate: Ask for block of size 0x100
01-09 19:54:31.090   339   339 D goldfish-address-space: allocate: ioctl allocate returned offset 0x1ffff8000 size 0x8000
01-09 19:54:31.091   186   186 I hwservicemanager: getTransport: Cannot find entry android.hardware.graphics.allocator@4.0::IAllocator/default in either framework or device VINTF manifest.
01-09 19:54:31.091   331   331 I HidlServiceManagement: Registered android.hardware.camera.provider@2.7::ICameraProvider/internal/0
01-09 19:54:31.091   331   331 I HidlServiceManagement: Removing namespace from process name android.hardware.camera.provider@2.7-service-google to provider@2.7-service-google.
01-09 19:54:31.091   339   339 W Gralloc4: allocator 4.x is not supported
01-09 19:54:31.110     1     1 I init    : starting service 'adbd'...
01-09 19:54:31.110     1     1 I init    : Created socket '/dev/socket/adbd', mode 660, user 1000, group 1000
01-09 19:54:31.111     1     1 I init    : processing action (vendor.qemu.timezone=*) from (/vendor/etc/init/hw/init.ranchu.rc:121)
01-09 19:54:31.094   341   341 D android.hardware.media.c2@1.0-service-goldfish: Goldfish C2 Service starting...
01-09 19:54:31.094   338   338 D HostConnection: HostComposition ext ANDROID_EMU_CHECKSUM_HELPER_v1 ANDROID_EMU_native_sync_v2 ANDROID_EMU_native_sync_v3 ANDROID_EMU_native_sync_v4 ANDROID_EMU_dma_v1 ANDROID_EMU_direct_mem ANDROID_EMU_host_composition_v1 ANDROID_EMU_host_composition_v2 ANDROID_EMU_vulkan ANDROID_EMU_deferred_vulkan_commands ANDROID_EMU_vulkan_null_optional_strings ANDROID_EMU_vulkan_create_resources_with_requirements ANDROID_EMU_YUV_Cache ANDROID_EMU_vulkan_ignored_handles ANDROID_EMU_has_shared_slots_host_memory_allocator ANDROID_EMU_vulkan_free_memory_sync ANDROID_EMU_vulkan_shader_float16_int8 ANDROID_EMU_vulkan_async_queue_submit ANDROID_EMU_vulkan_queue_submit_with_commands ANDROID_EMU_vulkan_batched_descriptor_set_update ANDROID_EMU_sync_buffer_data ANDROID_EMU_vulkan_async_qsri ANDROID_EMU_read_color_buffer_dma GL_OES_EGL_image_external_essl3 GL_OES_vertex_array_object ANDROID_EMU_host_side_tracing ANDROID_EMU_gles_max_version_3_0 
01-09 19:54:31.094   341   341 W android.hardware.media.c2@1.0-service-goldfish: Could not read additional policy file '/vendor/etc/seccomp_policy/codec2.vendor.ext.policy'
01-09 19:54:31.094   341   341 W android.hardware.media.c2@1.0-service-goldfish: libminijail[341]: failed to get path of fd 4: No such file or directory
01-09 19:54:31.094   341   341 W android.hardware.media.c2@1.0-service-goldfish: libminijail[341]: allowing syscall: connect
01-09 19:54:31.094   341   341 W android.hardware.media.c2@1.0-service-goldfish: libminijail[341]: allowing syscall: fcntl
01-09 19:54:31.094   341   341 W android.hardware.media.c2@1.0-service-goldfish: libminijail[341]: allowing syscall: sendto
01-09 19:54:31.094   341   341 W android.hardware.media.c2@1.0-service-goldfish: libminijail[341]: allowing syscall: socket
01-09 19:54:31.094   341   341 W android.hardware.media.c2@1.0-service-goldfish: libminijail[341]: allowing syscall: writev
01-09 19:54:31.094   338   338 D goldfish-address-space: claimShared: Ask to claim region [0x1fc000000 0x1fc9a4000]
01-09 19:54:31.094   341   341 W android.hardware.media.c2@1.0-service-goldfish: libminijail[341]: compile_file: <fd>(75): syscall munmap redefined here
01-09 19:54:31.094   341   341 W android.hardware.media.c2@1.0-service-goldfish: libminijail[341]: compile_file: <fd>(39): previous definition here
01-09 19:54:31.094   341   341 W android.hardware.media.c2@1.0-service-goldfish: libminijail[341]: logging seccomp filter failures
01-09 19:54:31.095   341   341 D android.hardware.media.c2@1.0-service-goldfish: Instantiating Codec2's Goldfish IComponentStore service...
01-09 19:54:31.095   341   341 I GoldfishComponentStore: Create()
01-09 19:54:31.095   341   341 W GoldfishComponentStore: created goldfish store 0xb400007be1c88dd0 reflector of param 0xb400007bc1c86f78
01-09 19:54:31.095   341   341 D GoldfishComponentStore: useAndroidGoldfishComponentInstance 253 found prop ro.boot.qemu.hwcodec.vpxdec val 2
01-09 19:54:31.095   341   341 D GoldfishComponentStore: useAndroidGoldfishComponentInstance 253 found prop ro.boot.qemu.hwcodec.avcdec val 2
01-09 19:54:31.095   346   346 I HidlServiceManagement: Registered android.hardware.neuralnetworks@1.3::IDevice/nnapi-sample_quant
01-09 19:54:31.095   346   346 I HidlServiceManagement: Removing namespace from process name android.hardware.neuralnetworks@1.3-service-sample-quant to neuralnetworks@1.3-service-sample-quant.
01-09 19:54:31.095   330   330 D EmulatedCamera_QemuClient: Emulated camera list: name=virtualscene channel=0 pix=876758866 dir=back framedims=640x480,352x288,320x240,176x144,1280x720,1280x960
01-09 19:54:31.096   330   330 W libc    : Access denied finding property "qemu.sf.back_camera_hal"
01-09 19:54:31.096   330   330 I EmulatedCamera_QemuCamera3: Constructing emulated qemu camera 3: ID 0
01-09 19:54:31.096   330   330 I EmulatedCamera_QemuCamera3: parseResolutions: 640x480
01-09 19:54:31.096   330   330 I EmulatedCamera_QemuCamera3: parseResolutions: 352x288
