01-09 19:54:32.689   530   530 W android.permission.PermissionManager: Missing ActivityManager; assuming 1000 holds android.permission.SET_PREFERRED_APPLICATIONS
01-09 19:54:32.689   530   530 W android.permission.PermissionManager: Missing ActivityManager; assuming 1000 holds android.permission.SET_PREFERRED_APPLICATIONS
01-09 19:54:32.690   530   530 W android.permission.PermissionManager: Missing ActivityManager; assuming 1000 holds android.permission.SET_PREFERRED_APPLICATIONS
01-09 19:54:32.690   530   530 W android.permission.PermissionManager: Missing ActivityManager; assuming 1000 holds android.permission.SET_PREFERRED_APPLICATIONS
01-09 19:54:32.690   530   530 W android.permission.PermissionManager: Missing ActivityManager; assuming 1000 holds android.permission.SET_PREFERRED_APPLICATIONS
01-09 19:54:32.690   530   530 W android.permission.PermissionManager: Missing ActivityManager; assuming 1000 holds android.permission.SET_PREFERRED_APPLICATIONS
01-09 19:54:32.691   530   530 W android.permission.PermissionManager: Missing ActivityManager; assuming 1000 holds android.permission.SET_PREFERRED_APPLICATIONS
01-09 19:54:32.691   530   530 W android.permission.PermissionManager: Missing ActivityManager; assuming 1000 holds android.permission.SET_PREFERRED_APPLICATIONS
01-09 19:54:32.691   530   530 W android.permission.PermissionManager: Missing ActivityManager; assuming 1000 holds android.permission.SET_PREFERRED_APPLICATIONS
01-09 19:54:32.692   530   530 W android.permission.PermissionManager: Missing ActivityManager; assuming 1000 holds android.permission.SET_PREFERRED_APPLICATIONS
01-09 19:54:32.692   530   530 W android.permission.PermissionManager: Missing ActivityManager; assuming 1000 holds android.permission.SET_PREFERRED_APPLICATIONS
01-09 19:54:32.692   530   530 W android.permission.PermissionManager: Missing ActivityManager; assuming 1000 holds android.permission.SET_PREFERRED_APPLICATIONS
01-09 19:54:32.693   530   530 W android.permission.PermissionManager: Missing ActivityManager; assuming 1000 holds android.permission.SET_PREFERRED_APPLICATIONS
01-09 19:54:32.693   530   530 W android.permission.PermissionManager: Missing ActivityManager; assuming 1000 holds android.permission.SET_PREFERRED_APPLICATIONS
01-09 19:54:32.693   530   530 W android.permission.PermissionManager: Missing ActivityManager; assuming 1000 holds android.permission.SET_PREFERRED_APPLICATIONS
01-09 19:54:32.693   530   530 W android.permission.PermissionManager: Missing ActivityManager; assuming 1000 holds android.permission.SET_PREFERRED_APPLICATIONS
01-09 19:54:32.694   530   530 W android.permission.PermissionManager: Missing ActivityManager; assuming 1000 holds android.permission.SET_PREFERRED_APPLICATIONS
01-09 19:54:32.694   530   530 W android.permission.PermissionManager: Missing ActivityManager; assuming 1000 holds android.permission.SET_PREFERRED_APPLICATIONS
01-09 19:54:32.694   530   530 W android.permission.PermissionManager: Missing ActivityManager; assuming 1000 holds android.permission.SET_PREFERRED_APPLICATIONS
01-09 19:54:32.694   530   530 W android.permission.PermissionManager: Missing ActivityManager; assuming 1000 holds android.permission.SET_PREFERRED_APPLICATIONS
01-09 19:54:32.695   530   530 W android.permission.PermissionManager: Missing ActivityManager; assuming 1000 holds android.permission.SET_PREFERRED_APPLICATIONS
01-09 19:54:32.695   530   530 W android.permission.PermissionManager: Missing ActivityManager; assuming 1000 holds android.permission.SET_PREFERRED_APPLICATIONS
01-09 19:54:32.695   530   530 W android.permission.PermissionManager: Missing ActivityManager; assuming 1000 holds android.permission.SET_PREFERRED_APPLICATIONS
01-09 19:54:32.696   530   530 W android.permission.PermissionManager: Missing ActivityManager; assuming 1000 holds android.permission.SET_PREFERRED_APPLICATIONS
01-09 19:54:32.696   530   530 W android.permission.PermissionManager: Missing ActivityManager; assuming 1000 holds android.permission.SET_PREFERRED_APPLICATIONS
01-09 19:54:32.696   530   530 W android.permission.PermissionManager: Missing ActivityManager; assuming 1000 holds android.permission.SET_PREFERRED_APPLICATIONS
01-09 19:54:32.696   530   530 W android.permission.PermissionManager: Missing ActivityManager; assuming 1000 holds android.permission.SET_PREFERRED_APPLICATIONS
01-09 19:54:32.696   530   530 W android.permission.PermissionManager: Missing ActivityManager; assuming 1000 holds android.permission.SET_PREFERRED_APPLICATIONS
01-09 19:54:32.701   530   530 W PackageSettings: Missing permission state for package: com.android.cts.priv.ctsshim
01-09 19:54:32.701   530   530 W PackageSettings: Missing permission state for package: com.android.internal.display.cutout.emulation.corner
01-09 19:54:32.701   530   530 W PackageSettings: Missing permission state for package: com.android.internal.display.cutout.emulation.double
01-09 19:54:32.701   530   530 W PackageSettings: Missing permission state for package: com.google.android.ext.shared
01-09 19:54:32.701   530   530 W PackageSettings: Missing permission state for package: com.android.internal.systemui.navbar.gestural_wide_back
01-09 19:54:32.701   530   530 W PackageSettings: Missing permission state for package: com.android.managedprovisioning.auto_generated_rro_product__
01-09 19:54:32.701   530   530 W PackageSettings: Missing permission state for package: com.android.carrierconfig.auto_generated_rro_vendor__
01-09 19:54:32.701   530   530 W PackageSettings: Missing permission state for package: com.android.systemui.emulation.pixel_2_xl
01-09 19:54:32.701   530   530 W PackageSettings: Missing permission state for package: com.android.systemui.emulation.pixel_3_xl
01-09 19:54:32.701   530   530 W PackageSettings: Missing permission state for package: com.android.systemui.emulation.pixel_4_xl
01-09 19:54:32.701   530   530 W PackageSettings: Missing permission state for package: com.android.simappdialog.auto_generated_rro_product__
01-09 19:54:32.701   530   530 W PackageSettings: Missing permission state for package: com.android.htmlviewer
01-09 19:54:32.701   530   530 W PackageSettings: Missing permission state for package: com.android.systemui.auto_generated_rro_product__
01-09 19:54:32.701   530   530 W PackageSettings: Missing permission state for package: com.android.internal.systemui.onehanded.gestural
01-09 19:54:32.701   530   530 W PackageSettings: Missing permission state for package: com.android.internal.emulation.pixel_4a
01-09 19:54:32.701   530   530 W PackageSettings: Missing permission state for package: com.google.android.overlay.googlewebview
01-09 19:54:32.701   530   530 W PackageSettings: Missing permission state for package: com.android.simappdialog
01-09 19:54:32.701   530   530 W PackageSettings: Missing permission state for package: com.android.internal.display.cutout.emulation.hole
01-09 19:54:32.701   530   530 W PackageSettings: Missing permission state for package: com.android.internal.display.cutout.emulation.tall
01-09 19:54:32.701   530   530 W PackageSettings: Missing permission state for package: com.android.internal.systemui.navbar.threebutton
01-09 19:54:32.701   530   530 W PackageSettings: Missing permission state for package: com.android.systemui.auto_generated_rro_vendor__
01-09 19:54:32.701   530   530 W PackageSettings: Missing permission state for package: com.android.internal.systemui.navbar.twobutton
01-09 19:54:32.701   530   530 W PackageSettings: Missing permission state for package: com.android.internal.systemui.navbar.gestural_extra_wide_back
01-09 19:54:32.701   530   530 W PackageSettings: Missing permission state for package: com.android.systemui.emulation.pixel_3
01-09 19:54:32.701   530   530 W PackageSettings: Missing permission state for package: com.android.systemui.emulation.pixel_4
01-09 19:54:32.701   530   530 W PackageSettings: Missing permission state for package: com.android.systemui.emulation.pixel_5
01-09 19:54:32.702   530   530 W PackageSettings: Missing permission state for package: com.android.nfc.auto_generated_rro_product__
01-09 19:54:32.702   530   530 W PackageSettings: Missing permission state for package: com.android.emergency.auto_generated_rro_product__
01-09 19:54:32.702   530   530 W PackageSettings: Missing permission state for package: com.android.dreams.basic
01-09 19:54:32.702   530   530 W PackageSettings: Missing permission state for package: com.google.android.networkstack.tethering.emulator
01-09 19:54:32.702   530   530 W PackageSettings: Missing permission state for package: com.android.providers.settings.auto_generated_rro_product__
01-09 19:54:32.702   530   530 W PackageSettings: Missing permission state for package: com.android.traceur.auto_generated_rro_product__
01-09 19:54:32.702   530   530 W PackageSettings: Missing permission state for package: com.android.internal.emulation.pixel_4
01-09 19:54:32.702   530   530 W PackageSettings: Missing permission state for package: com.android.internal.emulation.pixel_5
01-09 19:54:32.702   530   530 W PackageSettings: Missing permission state for package: com.google.android.modulemetadata
01-09 19:54:32.702   530   530 W PackageSettings: Missing permission state for package: com.android.internal.display.cutout.emulation.emu01
01-09 19:54:32.702   530   530 W PackageSettings: Missing permission state for package: com.google.android.markup
01-09 19:54:32.702   530   530 W PackageSettings: Missing permission state for package: com.android.providers.settings.auto_generated_rro_vendor__
01-09 19:54:32.702   530   530 W PackageSettings: Missing permission state for package: com.android.cellbroadcastreceiver
01-09 19:54:32.702   530   530 W PackageSettings: Missing permission state for package: com.google.android.apps.nexuslauncher.auto_generated_rro_vendor__
01-09 19:54:32.702   530   530 W PackageSettings: Missing permission state for package: com.android.server.telecom.auto_generated_rro_product__
01-09 19:54:32.702   530   530 W PackageSettings: Missing permission state for package: com.google.android.overlay.googleconfig
01-09 19:54:32.702   530   530 W PackageSettings: Missing permission state for package: com.android.bips.auto_generated_rro_product__
01-09 19:54:32.702   530   530 W PackageSettings: Missing permission state for package: com.google.android.overlay.permissioncontroller
01-09 19:54:32.702   530   530 W PackageSettings: Missing permission state for package: com.google.android.overlay.emulatorconfig
01-09 19:54:32.702   530   530 W PackageSettings: Missing permission state for package: com.android.cameraextensions
01-09 19:54:32.702   530   530 W PackageSettings: Missing permission state for package: com.google.android.apps.wallpaper.nexus
01-09 19:54:32.702   530   530 W PackageSettings: Missing permission state for package: com.android.theme.font.notoserifsource
01-09 19:54:32.702   530   530 W PackageSettings: Missing permission state for package: com.android.internal.display.cutout.emulation.waterfall
01-09 19:54:32.702   530   530 W PackageSettings: Missing permission state for package: com.google.android.connectivity.resources
01-09 19:54:32.702   530   530 W PackageSettings: Missing permission state for package: com.android.providers.contacts.auto_generated_rro_product__
01-09 19:54:32.702   530   530 W PackageSettings: Missing permission state for package: com.android.systemui.emulation.pixel_3a_xl
01-09 19:54:32.702   530   530 W PackageSettings: Missing permission state for package: com.google.mainline.telemetry
01-09 19:54:32.702   530   530 W PackageSettings: Missing permission state for package: com.android.providers.partnerbookmarks
01-09 19:54:32.702   530   530 W PackageSettings: Missing permission state for package: com.android.providers.telephony.auto_generated_rro_product__
01-09 19:54:32.702   530   530 W PackageSettings: Missing permission state for package: com.android.phone.auto_generated_rro_vendor__
01-09 19:54:32.702   530   530 W PackageSettings: Missing permission state for package: com.android.internal.emulation.pixel_2_xl
01-09 19:54:32.702   530   530 W PackageSettings: Missing permission state for package: com.android.internal.emulation.pixel_3_xl
01-09 19:54:32.702   530   530 W PackageSettings: Missing permission state for package: com.android.internal.emulation.pixel_4_xl
01-09 19:54:32.702   530   530 W PackageSettings: Missing permission state for package: com.android.bookmarkprovider
01-09 19:54:32.702   530   530 W PackageSettings: Missing permission state for package: com.google.android.overlay.pixelconfigcommon
01-09 19:54:32.702   530   530 W PackageSettings: Missing permission state for package: com.android.systemui.emulation.pixel_3a
01-09 19:54:32.702   530   530 W PackageSettings: Missing permission state for package: com.android.systemui.emulation.pixel_4a
01-09 19:54:32.702   530   530 W PackageSettings: Missing permission state for package: com.android.cts.ctsshim
01-09 19:54:32.702   530   530 W PackageSettings: Missing permission state for package: com.google.android.wifi.resources
01-09 19:54:32.702   530   530 W PackageSettings: Missing permission state for package: com.android.settings.auto_generated_rro_product__
01-09 19:54:32.702   530   530 W PackageSettings: Missing permission state for package: com.android.internal.systemui.navbar.gestural
01-09 19:54:32.702   530   530 W PackageSettings: Missing permission state for package: com.android.storagemanager.auto_generated_rro_product__
01-09 19:54:32.702   530   530 W PackageSettings: Missing permission state for package: com.android.phone.auto_generated_rro_product__
01-09 19:54:32.702   530   530 W PackageSettings: Missing permission state for package: android.auto_generated_rro_product__
01-09 19:54:32.702   530   530 W PackageSettings: Missing permission state for package: com.android.internal.systemui.navbar.gestural_narrow_back
01-09 19:54:32.702   530   530 W PackageSettings: Missing permission state for package: android.auto_generated_rro_vendor__
01-09 19:54:32.702   530   530 W PackageSettings: Missing permission state for shared user: android.uid.log
01-09 19:54:32.702   530   530 W PackageSettings: Missing permission state for shared user: android.uid.uwb
01-09 19:54:32.703   530   530 D PackageManagerTiming: read user settings took to complete: 68ms
01-09 19:54:32.703   530   530 D PackageManager: Keeping known cache bac28b0e2307411a9a8b1c8cedf0335bd941fad8
01-09 19:54:32.705   530   530 W android.permission.PermissionManager: Missing ActivityManager; assuming 1000 holds android.permission.WATCH_APPOPS
01-09 19:54:32.706   530   530 W android.permission.PermissionManager: Missing ActivityManager; assuming 1000 holds android.permission.WATCH_APPOPS
01-09 19:54:32.730   290   290 E apexd   : Can't open /system_ext/apex for reading : No such file or directory
01-09 19:54:32.730   290   290 E apexd   : Can't open /product/apex for reading : No such file or directory
01-09 19:54:32.730   290   290 E apexd   : Can't open /vendor/apex for reading : No such file or directory
01-09 19:54:32.735   530   530 D PackageManager: No files in app dir /system_ext/overlay
01-09 19:54:32.736   530   530 I PackageBackwardCompatibility: Loaded android.content.pm.AndroidTestBaseUpdater
01-09 19:54:32.737   530   530 D CompatibilityChangeReporter: Compat change id reported: 143539591; UID -1; state: ENABLED
01-09 19:54:32.746   530   530 D PackageManager: No files in app dir /oem/overlay
01-09 19:54:32.746   530   530 D PackageManager: No files in app dir /odm/overlay
01-09 19:54:32.748   530   530 W PackageManager: Failed to parse /system/framework/oat: Missing base APK in /system/framework/oat/arm64
01-09 19:54:32.748   530   530 W PackageManager: Failed to parse /system/framework/arm64: Missing base APK in /system/framework/arm64
01-09 19:54:32.760   530   530 D CompatibilityChangeReporter: Compat change id reported: 143539591; UID -1; state: DISABLED
01-09 19:54:32.760   530   530 D CompatibilityChangeReporter: Compat change id reported: 168782947; UID -1; state: ENABLED
01-09 19:54:32.767   530   530 D CompatibilityChangeReporter: Compat change id reported: 168782947; UID -1; state: DISABLED
01-09 19:54:32.783   530   530 D PackageManager: No files in app dir /vendor/priv-app
01-09 19:54:32.783   530   530 D PackageManager: No files in app dir /vendor/app
01-09 19:54:32.783   530   530 D PackageManager: No files in app dir /odm/priv-app
01-09 19:54:32.783   530   530 D PackageManager: No files in app dir /odm/app
01-09 19:54:32.783   530   530 D PackageManager: No files in app dir /oem/app
01-09 19:54:32.791   530   530 W PackageManager: Skipping provider name com.google.android.settings.intelligence (in package com.google.android.settings.intelligence): name already used by com.google.android.settings.intelligence
01-09 19:54:32.802   530   530 W PackageManager: Failed to parse /product/app/Chrome: Missing base APK in /product/app/Chrome
01-09 19:54:32.804   530   530 W PackageManager: Failed to parse /product/app/TrichromeLibrary: Missing base APK in /product/app/TrichromeLibrary
01-09 19:54:32.811   530   530 I PackageManager: getCompressedFiles[/product/app/WebViewGoogle-Stub]: [/product/app/WebViewGoogle/WebViewGoogle.apk.gz]
01-09 19:54:32.812   530   530 W PackageManager: Failed to scan /product/app/WebViewGoogle-Stub: Package com.google.android.webview at /product/app/WebViewGoogle-Stub ignored: updated version 447211484 better than this 447211484
01-09 19:54:32.812   530   530 I PackageManager: getCompressedFiles[/product/app/TrichromeLibrary-Stub]: [/product/app/TrichromeLibrary/TrichromeLibrary.apk.gz]
01-09 19:54:32.812   530   530 W PackageManager: Failed to scan /product/app/TrichromeLibrary-Stub: Package com.google.android.trichromelibrary_447211484 at /product/app/TrichromeLibrary-Stub ignored: updated version 447211484 better than this 447211484
01-09 19:54:32.814   530   530 I PackageManager: getCompressedFiles[/product/app/Chrome-Stub]: [/product/app/Chrome/Chrome.apk.gz]
01-09 19:54:32.815   530   530 W PackageManager: Failed to scan /product/app/Chrome-Stub: Package com.android.chrome at /product/app/Chrome-Stub ignored: updated version 447211484 better than this 447211484
01-09 19:54:32.817   530   530 W PackageManager: Failed to parse /product/app/WebViewGoogle: Missing base APK in /product/app/WebViewGoogle
01-09 19:54:32.829   530   530 D PackageManager: No files in app dir /apex/com.android.appsearch/priv-app
01-09 19:54:32.829   530   530 D PackageManager: No files in app dir /apex/com.android.appsearch/app
01-09 19:54:32.829   530   530 D PackageManager: No files in app dir /apex/com.android.conscrypt/priv-app
01-09 19:54:32.829   530   530 D PackageManager: No files in app dir /apex/com.android.conscrypt/app
01-09 19:54:32.829   530   530 D PackageManager: No files in app dir /apex/com.android.art/priv-app
01-09 19:54:32.829   530   530 D PackageManager: No files in app dir /apex/com.android.art/app
01-09 19:54:32.829   530   530 D PackageManager: No files in app dir /apex/com.android.media/priv-app
01-09 19:54:32.829   530   530 D PackageManager: No files in app dir /apex/com.android.media/app
01-09 19:54:32.829   530   530 D PackageManager: No files in app dir /apex/com.android.tzdata/priv-app
01-09 19:54:32.829   530   530 D PackageManager: No files in app dir /apex/com.android.tzdata/app
01-09 19:54:32.829   530   530 D PackageManager: No files in app dir /apex/com.android.runtime/priv-app
01-09 19:54:32.829   530   530 D PackageManager: No files in app dir /apex/com.android.runtime/app
01-09 19:54:32.829   530   530 D PackageManager: No files in app dir /apex/com.android.media.swcodec/priv-app
01-09 19:54:32.829   530   530 D PackageManager: No files in app dir /apex/com.android.media.swcodec/app
01-09 19:54:32.831   530   530 I ApexManager: Registering com.google.android.cellbroadcastservice as apk-in-apex of com.android.cellbroadcast
01-09 19:54:32.831   530   530 I ApexManager: Registering com.google.android.cellbroadcastreceiver as apk-in-apex of com.android.cellbroadcast
01-09 19:54:32.832   530   530 D PackageManager: No files in app dir /apex/com.android.cellbroadcast/app
01-09 19:54:32.832   530   530 D PackageManager: No files in app dir /apex/com.android.telephony/priv-app
01-09 19:54:32.832   530   530 D PackageManager: No files in app dir /apex/com.android.telephony/app
01-09 19:54:32.833   530   530 I ApexManager: Registering com.google.android.wifi.resources as apk-in-apex of com.android.wifi
01-09 19:54:32.834   530   530 I ApexManager: Registering com.google.android.hotspot2.osulogin as apk-in-apex of com.android.wifi
01-09 19:54:32.834   530   530 D PackageManager: No files in app dir /apex/com.google.mainline.primary.libs/priv-app
01-09 19:54:32.834   530   530 D PackageManager: No files in app dir /apex/com.google.mainline.primary.libs/app
01-09 19:54:32.834   530   530 D PackageManager: No files in app dir /apex/com.android.scheduling/priv-app
01-09 19:54:32.834   530   530 D PackageManager: No files in app dir /apex/com.android.scheduling/app
01-09 19:54:32.835   530   530 I ApexManager: Registering com.google.android.ext.services as apk-in-apex of com.android.extservices
01-09 19:54:32.836   530   530 D PackageManager: No files in app dir /apex/com.android.extservices/app
01-09 19:54:32.836   530   530 D PackageManager: No files in app dir /apex/com.android.i18n/priv-app
01-09 19:54:32.836   530   530 D PackageManager: No files in app dir /apex/com.android.i18n/app
01-09 19:54:32.837   530   530 I ApexManager: Registering com.google.android.connectivity.resources as apk-in-apex of com.android.tethering
01-09 19:54:32.837   530   530 I ApexManager: Registering com.google.android.networkstack.tethering as apk-in-apex of com.android.tethering
01-09 19:54:32.837   530   530 D PackageManager: No files in app dir /apex/com.android.tethering/app
01-09 19:54:32.838   530   530 I ApexManager: Registering com.android.cts.priv.ctsshim as apk-in-apex of com.android.apex.cts.shim
01-09 19:54:32.839   530   530 I ApexManager: Registering com.android.cts.ctsshim as apk-in-apex of com.android.apex.cts.shim
01-09 19:54:32.840   530   530 I ApexManager: Registering com.google.android.providers.media.module as apk-in-apex of com.android.mediaprovider
01-09 19:54:32.840   530   530 D PackageManager: No files in app dir /apex/com.android.mediaprovider/app
01-09 19:54:32.840   530   530 D PackageManager: No files in app dir /apex/com.android.neuralnetworks/priv-app
01-09 19:54:32.840   530   530 D PackageManager: No files in app dir /apex/com.android.neuralnetworks/app
01-09 19:54:32.840   530   530 D PackageManager: No files in app dir /apex/com.android.resolv/priv-app
01-09 19:54:32.840   530   530 D PackageManager: No files in app dir /apex/com.android.resolv/app
01-09 19:54:32.840   530   530 D PackageManager: No files in app dir /apex/com.android.ipsec/priv-app
01-09 19:54:32.840   530   530 D PackageManager: No files in app dir /apex/com.android.ipsec/app
01-09 19:54:32.840   530   530 D PackageManager: No files in app dir /apex/com.android.adbd/priv-app
01-09 19:54:32.840   530   530 D PackageManager: No files in app dir /apex/com.android.adbd/app
01-09 19:54:32.840   530   530 D PackageManager: No files in app dir /apex/com.android.vndk.v31/priv-app
01-09 19:54:32.840   530   530 D PackageManager: No files in app dir /apex/com.android.vndk.v31/app
01-09 19:54:32.840   530   530 D PackageManager: No files in app dir /apex/com.android.os.statsd/priv-app
01-09 19:54:32.840   530   530 D PackageManager: No files in app dir /apex/com.android.os.statsd/app
01-09 19:54:32.841   530   530 I ApexManager: Registering com.google.android.permissioncontroller as apk-in-apex of com.android.permission
01-09 19:54:32.842   530   530 D PackageManager: No files in app dir /apex/com.android.permission/app
01-09 19:54:32.842   530   530 D PackageManager: No files in app dir /apex/com.android.sdkext/priv-app
01-09 19:54:32.842   530   530 D PackageManager: No files in app dir /apex/com.android.sdkext/app
01-09 19:54:32.844   530   530 I PackageManager: Finished scanning system apps. Time: 141 ms, packageCount: 175 , timePerPackage: 0 , cached: 203
01-09 19:54:32.846   530   530 W PackageManager: Relax SCAN_REQUIRE_KNOWN requirement for package com.google.android.trichromelibrary_447211484
01-09 19:54:32.847   530   530 W PackageManager: Relax SCAN_REQUIRE_KNOWN requirement for package com.google.android.webview
01-09 19:54:32.848   530   530 D CompatibilityChangeReporter: Compat change id reported: 133396946; UID -1; state: ENABLED
01-09 19:54:32.849   530   530 W PackageManager: Relax SCAN_REQUIRE_KNOWN requirement for package com.android.chrome
01-09 19:54:32.851   530   530 W PackageManager: Skipping provider name host.exp.exponent.fileprovider (in package host.exp.exponent): name already used by host.exp.exponent
01-09 19:54:32.851   530   530 W PackageManager: Skipping provider name host.exp.exponent.fileprovider (in package host.exp.exponent): name already used by host.exp.exponent
01-09 19:54:32.851   530   530 W PackageManager: Skipping provider name host.exp.exponent.fileprovider (in package host.exp.exponent): name already used by host.exp.exponent
01-09 19:54:32.854   530   530 I PackageManager: Finished scanning non-system apps. Time: 10 ms, packageCount: 6 , timePerPackage: 1 , cached: 5
01-09 19:54:32.855   530   530 I PackageManager: Time to scan packages: 0.152 seconds
01-09 19:54:32.858   530   530 I PackageManager: Permission ownership changed. Updating all permissions.
01-09 19:54:32.866   530   530 V PackageManager: reconcileAppsData for null u0 0x1 migrateAppData=true
01-09 19:54:32.868   414   453 I SELinux : SELinux: Loaded file_contexts
01-09 19:54:32.878   530   530 V PackageManager: reconcileAppsData finished 21 packages
01-09 19:54:32.879   530   530 I PackageManagerTiming: write settings
01-09 19:54:32.879   530   587 I SystemServerTimingAsync: InitThreadPoolExec:prepareAppData
01-09 19:54:32.879   530   587 D SystemServerInitThreadPool: Started executing prepareAppData
01-09 19:54:32.887   530   530 I SELinux : SELinux: Loaded file_contexts
01-09 19:54:32.893   530   530 D PackageManagerTiming: write settings took to complete: 14ms
01-09 19:54:32.893   530   530 W PackageManager: There should probably be a verifier, but, none were found
01-09 19:54:32.894   530   530 V PackageManager: Ephemeral resolver found; pkg: com.google.android.gms, info:ResolveInfo{bec120 com.google.android.gms/.chimera.PersistentBoundBrokerService m=0x108000}
01-09 19:54:32.894   530   530 D PackageManager: Set ephemeral resolver: ComponentInfo{com.google.android.gms/com.google.android.gms.chimera.PersistentBoundBrokerService}
01-09 19:54:32.895   530   530 D PackageManager: Instant App installer not found with android.intent.action.INSTALL_INSTANT_APP_PACKAGE
01-09 19:54:32.895   530   530 D PackageManager: Clear ephemeral installer activity
01-09 19:54:32.897   530   530 I PackageManagerTiming: GC
01-09 19:54:32.899   530   530 D PackageManagerTiming: GC took to complete: 3ms
01-09 19:54:32.900   530   530 I PackageManager: Fix for b/169414761 is applied
01-09 19:54:32.900   530   530 D PackageManagerTiming: create package manager took to complete: 278ms
01-09 19:54:32.900   530   530 V UserManagerService: Checking that all system packages are whitelisted.
01-09 19:54:32.900   530   530 W UserManagerService: checkWhitelistedSystemPackages(mode=ENFORCE|IMPLICIT_WHITELIST|IMPLICIT_WHITELIST_SYSTEM) has 51 warnings:
01-09 19:54:32.900   530   530 W UserManagerService: com.android.theme.color.amethyst is allowlisted but not present.
01-09 19:54:32.900   530   530 W UserManagerService: com.android.theme.icon.pebble is allowlisted but not present.
01-09 19:54:32.900   530   530 W UserManagerService: com.android.theme.color.sand is allowlisted but not present.
01-09 19:54:32.900   530   530 W UserManagerService: com.android.wallpapercropper is allowlisted but not present.
01-09 19:54:32.900   530   530 W UserManagerService: com.android.theme.icon.vessel is allowlisted but not present.
01-09 19:54:32.900   530   530 W UserManagerService: com.android.theme.color.cinnamon is allowlisted but not present.
01-09 19:54:32.900   530   530 W UserManagerService: com.android.theme.icon_pack.victor.settings is allowlisted but not present.
01-09 19:54:32.900   530   530 W UserManagerService: com.android.theme.icon_pack.rounded.systemui is allowlisted but not present.
01-09 19:54:32.900   530   530 W UserManagerService: com.android.theme.icon.taperedrect is allowlisted but not present.
01-09 19:54:32.900   530   530 W UserManagerService: com.android.theme.icon_pack.rounded.android is allowlisted but not present.
01-09 19:54:32.900   530   530 W UserManagerService: com.android.theme.icon_pack.victor.systemui is allowlisted but not present.
01-09 19:54:32.900   530   530 W UserManagerService: com.android.theme.icon_pack.circular.themepicker is allowlisted but not present.
01-09 19:54:32.900   530   530 W UserManagerService: com.android.theme.color.tangerine is allowlisted but not present.
01-09 19:54:32.900   530   530 W UserManagerService: com.android.theme.color.aquamarine is allowlisted but not present.
01-09 19:54:32.900   530   530 W UserManagerService: com.android.theme.color.black is allowlisted but not present.
01-09 19:54:32.900   530   530 W UserManagerService: com.android.theme.color.green is allowlisted but not present.
01-09 19:54:32.900   530   530 W UserManagerService: com.android.theme.color.ocean is allowlisted but not present.
01-09 19:54:32.900   530   530 W UserManagerService: com.android.theme.color.space is allowlisted but not present.
01-09 19:54:32.900   530   530 W UserManagerService: com.android.theme.icon_pack.rounded.launcher is allowlisted but not present.
01-09 19:54:32.900   530   530 W UserManagerService: com.android.theme.icon_pack.kai.settings is allowlisted but not present.
01-09 19:54:32.900   530   530 W UserManagerService: com.android.theme.icon_pack.sam.settings is allowlisted but not present.
01-09 19:54:32.900   530   530 W UserManagerService: com.android.theme.icon_pack.kai.themepicker is allowlisted but not present.
01-09 19:54:32.900   530   530 W UserManagerService: com.android.theme.icon_pack.victor.launcher is allowlisted but not present.
01-09 19:54:32.900   530   530 W UserManagerService: com.android.theme.icon_pack.filled.settings is allowlisted but not present.
01-09 19:54:32.900   530   530 W UserManagerService: com.android.theme.icon_pack.kai.systemui is allowlisted but not present.
01-09 19:54:32.900   530   530 W UserManagerService: com.android.theme.icon_pack.circular.settings is allowlisted but not present.
01-09 19:54:32.900   530   530 W UserManagerService: com.android.theme.icon_pack.sam.systemui is allowlisted but not present.
01-09 19:54:32.900   530   530 W UserManagerService: com.android.theme.icon.teardrop is allowlisted but not present.
01-09 19:54:32.900   530   530 W UserManagerService: com.android.theme.icon_pack.rounded.themepicker is allowlisted but not present.
01-09 19:54:32.900   530   530 W UserManagerService: com.android.theme.icon_pack.filled.systemui is allowlisted but not present.
01-09 19:54:32.900   530   530 W UserManagerService: com.android.theme.icon_pack.sam.android is allowlisted but not present.
01-09 19:54:32.900   530   530 W UserManagerService: com.android.theme.icon_pack.filled.android is allowlisted but not present.
01-09 19:54:32.900   530   530 W UserManagerService: com.android.theme.icon_pack.circular.systemui is allowlisted but not present.
01-09 19:54:32.900   530   530 W UserManagerService: com.android.theme.icon_pack.kai.android is allowlisted but not present.
01-09 19:54:32.900   530   530 W UserManagerService: com.android.theme.icon_pack.kai.launcher is allowlisted but not present.
01-09 19:54:32.900   530   530 W UserManagerService: com.android.theme.icon_pack.sam.launcher is allowlisted but not present.
01-09 19:54:32.900   530   530 W UserManagerService: com.android.theme.icon.squircle is allowlisted but not present.
01-09 19:54:32.900   530   530 W UserManagerService: com.android.theme.icon_pack.victor.android is allowlisted but not present.
01-09 19:54:32.900   530   530 W UserManagerService: com.android.theme.color.palette is allowlisted but not present.
01-09 19:54:32.900   530   530 W UserManagerService: com.android.theme.icon_pack.filled.launcher is allowlisted but not present.
01-09 19:54:32.900   530   530 W UserManagerService: com.android.theme.color.carbon is allowlisted but not present.
01-09 19:54:32.900   530   530 W UserManagerService: com.android.theme.icon_pack.circular.launcher is allowlisted but not present.
01-09 19:54:32.900   530   530 W UserManagerService: com.android.theme.icon_pack.filled.themepicker is allowlisted but not present.
01-09 19:54:32.900   530   530 W UserManagerService: com.android.theme.icon_pack.victor.themepicker is allowlisted but not present.
01-09 19:54:32.900   530   530 W UserManagerService: com.android.theme.color.orchid is allowlisted but not present.
01-09 19:54:32.900   530   530 W UserManagerService: com.android.theme.color.purple is allowlisted but not present.
01-09 19:54:32.900   530   530 W UserManagerService: com.android.theme.icon_pack.sam.themepicker is allowlisted but not present.
01-09 19:54:32.900   530   530 W UserManagerService: com.android.wallpaperpicker is allowlisted but not present.
01-09 19:54:32.900   530   530 W UserManagerService: com.android.theme.icon.roundedrect is allowlisted but not present.
01-09 19:54:32.900   530   530 W UserManagerService: com.android.theme.icon_pack.rounded.settings is allowlisted but not present.
01-09 19:54:32.900   530   530 W UserManagerService: com.android.theme.icon_pack.circular.android is allowlisted but not present.
01-09 19:54:32.901   530   530 I Watchdog: Resuming HandlerChecker: main thread for reason: packagemanagermain. Pause count: 0
01-09 19:54:32.901   530   530 I SystemServerDexLoadReporter: Configuring system server dex reporter
01-09 19:54:32.901   419   419 I ServiceManager: Waiting for service 'package_native' on '/dev/binder' successful after waiting 1707ms
01-09 19:54:32.904   530   530 D SystemServerTiming: StartPackageManagerService took to complete: 285ms
01-09 19:54:32.904   530   530 I SystemServerTiming: StartOtaDexOptService
01-09 19:54:32.904   530   530 I Watchdog: Pausing HandlerChecker: main thread for reason: moveab. Pause count: 1
01-09 19:54:32.904   530   530 D OTADexopt: No upgrade, skipping A/B artifacts check.
01-09 19:54:32.904   530   530 I Watchdog: Resuming HandlerChecker: main thread for reason: moveab. Pause count: 0
01-09 19:54:32.904   530   530 D SystemServerTiming: StartOtaDexOptService took to complete: 0ms
01-09 19:54:32.904   530   530 I SystemServerTiming: StartUserManagerService
01-09 19:54:32.904   530   530 I SystemServiceManager: Starting com.android.server.pm.UserManagerService$LifeCycle
01-09 19:54:32.904   530   530 D SystemServerTiming: StartUserManagerService took to complete: 0ms
01-09 19:54:32.904   530   530 I SystemServerTiming: InitAttributerCache
01-09 19:54:32.904   530   530 D SystemServerTiming: InitAttributerCache took to complete: 0ms
01-09 19:54:32.905   419   590 I storaged: storaged: Start
01-09 19:54:32.906   530   530 I SystemServerTiming: SetSystemProcess
01-09 19:54:32.908   530   562 I ActivityManager: Connection with lmkd established
01-09 19:54:32.909   184   184 I lowmemorykiller: lmkd data connection established
01-09 19:54:32.909   530   530 D SystemServerTiming: SetSystemProcess took to complete: 3ms
01-09 19:54:32.909   530   530 I SystemServerTiming: InitWatchdog
01-09 19:54:32.909   530   530 D SystemServerTiming: InitWatchdog took to complete: 1ms
01-09 19:54:32.909   530   530 I SystemServerTiming: StartOverlayManagerService
01-09 19:54:32.933     1     1 I init    : Control message: Processed ctl.start for 'idmap2d' from pid: 530 (system_server)
01-09 19:54:32.916   407   437 W idmap2d : failed to parse idmap header of '/data/resource-cache/product@overlay@ManagedProvisioning__auto_generated_rro_product.apk@idmap'
01-09 19:54:32.922   407   437 W idmap2d : failed to find resource 'array/vendor_required_apps_managed_device'
01-09 19:54:32.922   407   437 W idmap2d : failed to find resource 'array/vendor_required_apps_managed_profile'
01-09 19:54:32.922   407   437 W idmap2d : failed to find resource 'array/vendor_required_apps_managed_user'
01-09 19:54:32.922   407   437 E idmap2d : no resources were overlaid
01-09 19:54:32.923   530   545 V HistoricalRegistry: Interaction before persistence initialized
01-09 19:54:32.924   530   544 V HistoricalRegistry: Interaction before persistence initialized
01-09 19:54:32.924   406   406 I cameraserver: Waiting for sensor privacy service
01-09 19:54:32.924   359   359 I audioserver: Waiting for sensor privacy service
01-09 19:54:32.938   416   435 I ServiceManager: Waiting for service 'package_native' on '/dev/binder' successful after waiting 1608ms
01-09 19:54:32.938   416   435 W AudioAnalytics: (key=audio.flinger) Audioflinger constructor event detected
01-09 19:54:32.940   407   594 W idmap2d : failed to parse idmap header of '/data/resource-cache/vendor@overlay@SystemUIGoogle__auto_generated_rro_vendor.apk@idmap'
01-09 19:54:32.985   407   594 W idmap2d : failed to find resource 'bool/config_show4GForLTE'
01-09 19:54:32.985   407   594 E idmap2d : no resources were overlaid
01-09 19:54:33.027   530   587 D SystemServerTimingAsync: AppDataFixup took to complete: 148ms
01-09 19:54:33.050   414   453 W cutils  : Expected path /data/user_de/0/com.google.android.gms with mode 700 but found 711
01-09 19:54:33.064   407   407 W idmap2d : active ffro iterator was not previously released
01-09 19:54:33.065   530   587 D SystemServerTimingAsync: AppDataPrepare took to complete: 38ms
01-09 19:54:33.065   530   587 I PackageManager: Deferred reconcileAppsData finished 160 packages
01-09 19:54:33.065   530   587 D SystemServerInitThreadPool: Finished executing prepareAppData
01-09 19:54:33.065   530   587 D SystemServerTimingAsync: InitThreadPoolExec:prepareAppData took to complete: 187ms
01-09 19:54:33.068   530   530 D SystemServerTiming: StartOverlayManagerService took to complete: 158ms
01-09 19:54:33.068   530   530 I SystemServerTiming: StartSensorPrivacyService
01-09 19:54:33.069   530   549 W ActivityTaskManager: Skip updateConfiguration because mWindowManager isn't set
01-09 19:54:33.069   530   530 D SystemServerTiming: StartSensorPrivacyService took to complete: 2ms
01-09 19:54:33.069   530   530 I SystemServerTiming: StartSensorService
01-09 19:54:33.069   530   530 I SystemServiceManager: Starting com.android.server.sensors.SensorService
01-09 19:54:33.070   530   530 D SystemServerTiming: StartSensorService took to complete: 0ms
01-09 19:54:33.070   530   530 D SystemServerTiming: startBootstrapServices took to complete: 610ms
01-09 19:54:33.070   530   530 I SystemServerTiming: startCoreServices
01-09 19:54:33.070   530   530 I SystemServerTiming: StartSystemConfigService
01-09 19:54:33.070   530   530 I SystemServiceManager: Starting com.android.server.SystemConfigService
01-09 19:54:33.070   530   599 I SystemServerTimingAsync: InitThreadPoolExec:StartNativeSensorService
01-09 19:54:33.070   530   599 D SystemServerInitThreadPool: Started executing StartNativeSensorService
01-09 19:54:33.070   530   599 I SystemServerTimingAsync: StartNativeSensorService
01-09 19:54:33.070   530   530 D SystemServerTiming: StartSystemConfigService took to complete: 0ms
01-09 19:54:33.070   530   530 I SystemServerTiming: StartBatteryService
01-09 19:54:33.070   530   530 I SystemServiceManager: Starting com.android.server.BatteryService
01-09 19:54:33.070   530   599 D SensorService: nuSensorService starting...
01-09 19:54:33.071   530   530 I android_os_HwBinder: HwBinder: Starting thread pool for getting: android.hardware.health@2.0::IHealth/default
01-09 19:54:33.072   530   599 W SensorService: Goldfish 3-axis Accelerometer's max range 39.299999237061 is not a multiple of the resolution 0.000248015887 - updated to 39.300102233887
01-09 19:54:33.072   530   599 I SensorService: Goldfish Ambient Temperature sensor's reported power 0.000000 invalid, clamped to 0.001000
01-09 19:54:33.073   530   567 E BluetoothAdapter: Bluetooth binder is null
01-09 19:54:33.074   530   603 D SensorService: nuSensorService thread starting...
01-09 19:54:33.074   530   599 V HistoricalRegistry: Interaction before persistence initialized
01-09 19:54:33.074   530   602 D SensorService: new thread SensorEventAckReceiver
01-09 19:54:33.068   200   200 W Binder:200_2: type=1400 audit(0.0:15): avc: denied { read } for name="wakeup4" dev="sysfs" ino=18635 scontext=u:r:system_suspend:s0 tcontext=u:object_r:sysfs:s0 tclass=dir permissive=0
01-09 19:54:33.068   200   200 W Binder:200_2: type=1400 audit(0.0:16): avc: denied { read } for name="wakeup2" dev="sysfs" ino=17764 scontext=u:r:system_suspend:s0 tcontext=u:object_r:sysfs:s0 tclass=dir permissive=0
01-09 19:54:33.068   200   200 W Binder:200_2: type=1400 audit(0.0:17): avc: denied { read } for name="wakeup0" dev="sysfs" ino=14669 scontext=u:r:system_suspend:s0 tcontext=u:object_r:sysfs:s0 tclass=dir permissive=0
01-09 19:54:33.068   200   200 W Binder:200_2: type=1400 audit(0.0:18): avc: denied { read } for name="wakeup5" dev="sysfs" ino=18695 scontext=u:r:system_suspend:s0 tcontext=u:object_r:sysfs:s0 tclass=dir permissive=0
01-09 19:54:33.068   200   200 W Binder:200_2: type=1400 audit(0.0:19): avc: denied { read } for name="wakeup3" dev="sysfs" ino=17812 scontext=u:r:system_suspend:s0 tcontext=u:object_r:sysfs:s0 tclass=dir permissive=0
01-09 19:54:33.068   200   200 W Binder:200_2: type=1400 audit(0.0:20): avc: denied { read } for name="wakeup1" dev="sysfs" ino=14730 scontext=u:r:system_suspend:s0 tcontext=u:object_r:sysfs:s0 tclass=dir permissive=0
01-09 19:54:33.074   200   206 E android.system.suspend@1.0-service: Error opening kernel wakelock stats for: wakeup4: Permission denied
01-09 19:54:33.074   200   206 E android.system.suspend@1.0-service: Error opening kernel wakelock stats for: wakeup2: Permission denied
01-09 19:54:33.074   200   206 E android.system.suspend@1.0-service: Error opening kernel wakelock stats for: wakeup0: Permission denied
01-09 19:54:33.074   530   530 I android_os_HwBinder: HwBinder: Starting thread pool for getting: android.hidl.manager@1.0::IServiceManager/default
01-09 19:54:33.074   200   206 E android.system.suspend@1.0-service: Error opening kernel wakelock stats for: wakeup5: Permission denied
01-09 19:54:33.074   200   206 E android.system.suspend@1.0-service: Error opening kernel wakelock stats for: wakeup3: Permission denied
01-09 19:54:33.074   200   206 E android.system.suspend@1.0-service: Error opening kernel wakelock stats for: wakeup1: Permission denied
01-09 19:54:33.074   530   599 D SystemServerTimingAsync: StartNativeSensorService took to complete: 5ms
01-09 19:54:33.074   530   599 D SystemServerInitThreadPool: Finished executing StartNativeSensorService
01-09 19:54:33.074   530   599 D SystemServerTimingAsync: InitThreadPoolExec:StartNativeSensorService took to complete: 5ms
01-09 19:54:33.068   200   200 W Binder:200_2: type=1400 audit(0.0:21): avc: denied { read } for name="wakeup4" dev="sysfs" ino=18635 scontext=u:r:system_suspend:s0 tcontext=u:object_r:sysfs:s0 tclass=dir permissive=0
01-09 19:54:33.068   200   200 W Binder:200_2: type=1400 audit(0.0:22): avc: denied { read } for name="wakeup2" dev="sysfs" ino=17764 scontext=u:r:system_suspend:s0 tcontext=u:object_r:sysfs:s0 tclass=dir permissive=0
01-09 19:54:33.068   200   200 W Binder:200_2: type=1400 audit(0.0:23): avc: denied { read } for name="wakeup0" dev="sysfs" ino=14669 scontext=u:r:system_suspend:s0 tcontext=u:object_r:sysfs:s0 tclass=dir permissive=0
01-09 19:54:33.068   200   200 W Binder:200_2: type=1400 audit(0.0:24): avc: denied { read } for name="wakeup5" dev="sysfs" ino=18695 scontext=u:r:system_suspend:s0 tcontext=u:object_r:sysfs:s0 tclass=dir permissive=0
01-09 19:54:33.068   200   200 W Binder:200_2: type=1400 audit(0.0:25): avc: denied { read } for name="wakeup3" dev="sysfs" ino=17812 scontext=u:r:system_suspend:s0 tcontext=u:object_r:sysfs:s0 tclass=dir permissive=0
01-09 19:54:33.068   200   200 W Binder:200_2: type=1400 audit(0.0:26): avc: denied { read } for name="wakeup1" dev="sysfs" ino=14730 scontext=u:r:system_suspend:s0 tcontext=u:object_r:sysfs:s0 tclass=dir permissive=0
01-09 19:54:33.075   200   206 E android.system.suspend@1.0-service: Error opening kernel wakelock stats for: wakeup4: Permission denied
01-09 19:54:33.075   200   206 E android.system.suspend@1.0-service: Error opening kernel wakelock stats for: wakeup2: Permission denied
01-09 19:54:33.075   200   206 E android.system.suspend@1.0-service: Error opening kernel wakelock stats for: wakeup0: Permission denied
01-09 19:54:33.075   200   206 E android.system.suspend@1.0-service: Error opening kernel wakelock stats for: wakeup5: Permission denied
01-09 19:54:33.075   200   206 E android.system.suspend@1.0-service: Error opening kernel wakelock stats for: wakeup3: Permission denied
01-09 19:54:33.075   200   206 E android.system.suspend@1.0-service: Error opening kernel wakelock stats for: wakeup1: Permission denied
01-09 19:54:33.075   530   604 I android_os_HwBinder: HwBinder: Starting thread pool for getting: android.hardware.health@2.0::IHealth/default
01-09 19:54:33.094   340   340 W healthd : battery l=100 v=5000 t=25.0 h=2 st=4 c=900000 fc=300000 cc=10 chg=
01-09 19:54:33.077   530   530 I HealthServiceWrapper: health: HealthServiceWrapper listening to instance default
01-09 19:54:33.077   530   530 I BatteryService: health: Waited 0ms and received the update.
01-09 19:54:33.078   530   530 D SystemServerTiming: StartBatteryService took to complete: 8ms
01-09 19:54:33.078   530   530 I SystemServerTiming: StartUsageService
01-09 19:54:33.078   530   530 I SystemServiceManager: Starting com.android.server.usage.UsageStatsService
01-09 19:54:33.079   530   530 D SystemServerTiming: StartUsageService took to complete: 2ms
01-09 19:54:33.079   530   530 I SystemServerTiming: StartWebViewUpdateService
01-09 19:54:33.079   530   530 I SystemServiceManager: Starting com.android.server.webkit.WebViewUpdateService
01-09 19:54:33.080   530   530 D SystemServerTiming: StartWebViewUpdateService took to complete: 0ms
01-09 19:54:33.080   530   530 I SystemServerTiming: StartCachedDeviceStateService
01-09 19:54:33.080   530   530 I SystemServiceManager: Starting com.android.server.CachedDeviceStateService
01-09 19:54:33.080   530   530 D SystemServerTiming: StartCachedDeviceStateService took to complete: 0ms
01-09 19:54:33.080   530   530 I SystemServerTiming: StartBinderCallsStatsService
01-09 19:54:33.080   530   530 I SystemServiceManager: Starting com.android.server.BinderCallsStatsService$LifeCycle
01-09 19:54:33.081   530   530 D SystemServerTiming: StartBinderCallsStatsService took to complete: 1ms
01-09 19:54:33.081   530   530 I SystemServerTiming: StartLooperStatsService
01-09 19:54:33.081   530   530 I SystemServiceManager: Starting com.android.server.LooperStatsService$Lifecycle
01-09 19:54:33.081   530   530 D SystemServerTiming: StartLooperStatsService took to complete: 0ms
01-09 19:54:33.081   530   530 I SystemServerTiming: StartRollbackManagerService
01-09 19:54:33.081   530   530 I SystemServiceManager: Starting com.android.server.rollback.RollbackManagerService
01-09 19:54:33.081   414   453 D installd: Found quota mount /dev/block/dm-4 at /data
01-09 19:54:33.081   414   453 D installd: Found quota mount /dev/block/dm-4 at /data/user/0
01-09 19:54:33.082   530   530 I PackageWatchdog: Syncing state, reason: added new observer
01-09 19:54:33.082   530   530 I PackageWatchdog: Not pruning observers, elapsed time: 0ms
01-09 19:54:33.082   530   559 I PackageWatchdog: Saving observer state to file
01-09 19:54:33.082   406   406 I HidlServiceManagement: Registered android.frameworks.cameraservice.service@2.2::ICameraService/default
01-09 19:54:33.083   406   406 I CameraService: CameraService pinged cameraservice proxy
01-09 19:54:33.083   530   530 D SystemServerTiming: StartRollbackManagerService took to complete: 2ms
01-09 19:54:33.083   530   530 I SystemServerTiming: StartNativeTombstoneManagerService
01-09 19:54:33.083   530   530 I SystemServiceManager: Starting com.android.server.os.NativeTombstoneManagerService
01-09 19:54:33.084   406   406 I cameraserver: ServiceManager: 0xb4000076a1848b80 done instantiate
01-09 19:54:33.084   530   530 D SystemServerTiming: StartNativeTombstoneManagerService took to complete: 0ms
01-09 19:54:33.084   530   530 I SystemServerTiming: StartBugreportManagerService
01-09 19:54:33.084   530   530 I SystemServiceManager: Starting com.android.server.os.BugreportManagerService
01-09 19:54:33.084   530   530 D SystemServerTiming: StartBugreportManagerService took to complete: 0ms
01-09 19:54:33.084   530   530 I SystemServerTiming: GpuService
01-09 19:54:33.084   530   530 I SystemServiceManager: Starting com.android.server.gpu.GpuService
01-09 19:54:33.084   530   530 D SystemServerTiming: GpuService took to complete: 0ms
01-09 19:54:33.084   530   530 D SystemServerTiming: startCoreServices took to complete: 14ms
01-09 19:54:33.084   530   530 I SystemServerTiming: startOtherServices
01-09 19:54:33.084   530   610 I SystemServerTimingAsync: InitThreadPoolExec:SecondaryZygotePreload
01-09 19:54:33.084   530   610 D SystemServerInitThreadPool: Started executing SecondaryZygotePreload
01-09 19:54:33.084   530   610 I SystemServer: SecondaryZygotePreload
01-09 19:54:33.084   530   610 I SystemServerTimingAsync: SecondaryZygotePreload
