01-09 19:54:32.502   530   556 I SystemConfig: Reading permissions from /product/etc/permissions/privapp-permissions-goldfish.xml
01-09 19:54:32.503   530   556 I SystemConfig: Reading permissions from /product/etc/permissions/split-permissions-google.xml
01-09 19:54:32.503   530   530 D SystemServerTiming: UriGrantsManagerService took to complete: 1ms
01-09 19:54:32.503   530   530 I SystemServerTiming: StartPowerStatsService
01-09 19:54:32.503   530   530 I SystemServiceManager: Starting com.android.server.powerstats.PowerStatsService
01-09 19:54:32.503   530   556 W SystemConfig: No directory /system_ext/etc/sysconfig, skipping
01-09 19:54:32.503   530   556 I SystemConfig: Reading permissions from /system_ext/etc/permissions/com.android.systemui.xml
01-09 19:54:32.504   185   185 E servicemanager: Could not find android.hardware.power.stats.IPowerStats/default in the VINTF manifest.
01-09 19:54:32.504   530   556 I SystemConfig: Reading permissions from /system_ext/etc/permissions/com.google.android.sdksetup.xml
01-09 19:54:32.504   530   556 I SystemConfig: Reading permissions from /system_ext/etc/permissions/privapp-permissions-google-se.xml
01-09 19:54:32.505   530   556 I SystemConfig: Reading permissions from /system_ext/etc/permissions/com.android.emergency.xml
01-09 19:54:32.505   530   556 I SystemConfig: Reading permissions from /system_ext/etc/permissions/com.android.settings.xml
01-09 19:54:32.506   530   556 I SystemConfig: Reading permissions from /system_ext/etc/permissions/com.android.emulator.radio.config.xml
01-09 19:54:32.506   530   556 I SystemConfig: Reading permissions from /system_ext/etc/permissions/com.android.launcher3.xml
01-09 19:54:32.506   530   530 D SystemServerTiming: StartPowerStatsService took to complete: 4ms
01-09 19:54:32.507   530   530 I SystemServerTiming: StartIStatsService
01-09 19:54:32.507   530   556 I SystemConfig: Reading permissions from /system_ext/etc/permissions/com.android.storagemanager.xml
01-09 19:54:32.507   530   556 I SystemConfig: Reading permissions from /system_ext/etc/permissions/com.android.carrierconfig.xml
01-09 19:54:32.507   530   530 I HidlServiceManagement: Registered android.frameworks.stats@1.0::IStats/default
01-09 19:54:32.508   530   556 I SystemConfig: Reading permissions from /system_ext/etc/permissions/androidx.window.sidecar.xml
01-09 19:54:32.508   185   185 I servicemanager: Found android.frameworks.stats.IStats/default in framework VINTF manifest.
01-09 19:54:32.508   530   530 D SystemServerTiming: StartIStatsService took to complete: 1ms
01-09 19:54:32.508   530   530 I SystemServerTiming: MemtrackProxyService
01-09 19:54:32.508   186   186 I hwservicemanager: getTransport: Cannot find entry android.hardware.memtrack@1.0::IMemtrack/default in either framework or device VINTF manifest.
01-09 19:54:32.508   185   185 E servicemanager: Could not find android.hardware.memtrack.IMemtrack/default in the VINTF manifest.
01-09 19:54:32.509   530   530 I Stability: Interface set with vintf stability wire protocol version 1 downgraded to system stability wire protocol version 1 stability
01-09 19:54:32.509   530   556 I SystemConfig: Reading permissions from /apex/com.android.ipsec/etc/permissions/android.net.ipsec.ike.xml
01-09 19:54:32.509   530   530 D SystemServerTiming: MemtrackProxyService took to complete: 1ms
01-09 19:54:32.509   530   530 I SystemServerTiming: StartActivityManager
01-09 19:54:32.509   530   530 I SystemServiceManager: Starting com.android.server.wm.ActivityTaskManagerService$Lifecycle
01-09 19:54:32.512   530   530 I SystemServiceManager: Starting com.android.server.am.ActivityManagerService$Lifecycle
01-09 19:54:32.512   530   556 W SystemConfig: Failed to read public libraries file /vendor/etc/public.libraries.txt
01-09 19:54:32.512   530   556 W SystemConfig: java.io.FileNotFoundException: /vendor/etc/public.libraries.txt: open failed: ENOENT (No such file or directory)
01-09 19:54:32.512   530   556 W SystemConfig: 	at libcore.io.IoBridge.open(IoBridge.java:575)
01-09 19:54:32.512   530   556 W SystemConfig: 	at java.io.FileInputStream.<init>(FileInputStream.java:160)
01-09 19:54:32.512   530   556 W SystemConfig: 	at java.io.FileReader.<init>(FileReader.java:72)
01-09 19:54:32.512   530   556 W SystemConfig: 	at com.android.server.SystemConfig.readPublicLibrariesListFile(SystemConfig.java:1601)
01-09 19:54:32.512   530   556 W SystemConfig: 	at com.android.server.SystemConfig.readPublicNativeLibrariesList(SystemConfig.java:1583)
01-09 19:54:32.512   530   556 W SystemConfig: 	at com.android.server.SystemConfig.<init>(SystemConfig.java:484)
01-09 19:54:32.512   530   556 W SystemConfig: 	at com.android.server.SystemConfig.getInstance(SystemConfig.java:272)
01-09 19:54:32.512   530   556 W SystemConfig: 	at com.android.server.SystemServer$$ExternalSyntheticLambda6.run(Unknown Source:0)
01-09 19:54:32.512   530   556 W SystemConfig: 	at com.android.server.SystemServerInitThreadPool.lambda$submitTask$0$SystemServerInitThreadPool(SystemServerInitThreadPool.java:105)
01-09 19:54:32.512   530   556 W SystemConfig: 	at com.android.server.SystemServerInitThreadPool$$ExternalSyntheticLambda0.run(Unknown Source:6)
01-09 19:54:32.512   530   556 W SystemConfig: 	at java.util.concurrent.Executors$RunnableAdapter.call(Executors.java:462)
01-09 19:54:32.512   530   556 W SystemConfig: 	at java.util.concurrent.FutureTask.run(FutureTask.java:266)
01-09 19:54:32.512   530   556 W SystemConfig: 	at java.util.concurrent.ThreadPoolExecutor.runWorker(ThreadPoolExecutor.java:1167)
01-09 19:54:32.512   530   556 W SystemConfig: 	at java.util.concurrent.ThreadPoolExecutor$Worker.run(ThreadPoolExecutor.java:641)
01-09 19:54:32.512   530   556 W SystemConfig: 	at com.android.internal.util.ConcurrentUtils$1$1.run(ConcurrentUtils.java:65)
01-09 19:54:32.512   530   556 W SystemConfig: Caused by: android.system.ErrnoException: open failed: ENOENT (No such file or directory)
01-09 19:54:32.512   530   556 W SystemConfig: 	at libcore.io.Linux.open(Native Method)
01-09 19:54:32.512   530   556 W SystemConfig: 	at libcore.io.ForwardingOs.open(ForwardingOs.java:567)
01-09 19:54:32.512   530   556 W SystemConfig: 	at libcore.io.BlockGuardOs.open(BlockGuardOs.java:273)
01-09 19:54:32.512   530   556 W SystemConfig: 	at libcore.io.IoBridge.open(IoBridge.java:561)
01-09 19:54:32.512   530   556 W SystemConfig: 	... 14 more
01-09 19:54:32.512   530   556 D SystemConfig: readAllPermissions took to complete: 48ms
01-09 19:54:32.512   530   556 D SystemServerInitThreadPool: Finished executing ReadingSystemConfig
01-09 19:54:32.512   530   556 D SystemServerTimingAsync: InitThreadPoolExec:ReadingSystemConfig took to complete: 48ms
01-09 19:54:32.516   530   530 I ActivityManager: Memory class: 192
01-09 19:54:32.517   530   560 I Binder  : Setting heavy hitter watcher config: false, 0, 0.0
01-09 19:54:32.525   530   530 I PackageWatchdog: Updated health check state for package com.google.android.providers.media.module: INACTIVE -> PASSED
01-09 19:54:32.525   530   530 I PackageWatchdog: Updated health check state for package android: INACTIVE -> PASSED
01-09 19:54:32.525   530   530 I PackageWatchdog: Updated health check state for package com.google.android.permissioncontroller: INACTIVE -> PASSED
01-09 19:54:32.525   530   530 I PackageWatchdog: Updated health check state for package com.google.android.setupwizard: INACTIVE -> PASSED
01-09 19:54:32.525   530   530 I PackageWatchdog: Updated health check state for package com.google.android.networkstack: INACTIVE -> PASSED
01-09 19:54:32.525   530   530 I PackageWatchdog: Updated health check state for package com.google.android.gms: INACTIVE -> PASSED
01-09 19:54:32.525   530   530 I PackageWatchdog: Updated health check state for package com.google.android.gsf: INACTIVE -> PASSED
01-09 19:54:32.525   530   530 I PackageWatchdog: Updated health check state for package com.google.android.apps.nexuslauncher: INACTIVE -> PASSED
01-09 19:54:32.525   530   530 I PackageWatchdog: Updated health check state for package com.android.settings: INACTIVE -> PASSED
01-09 19:54:32.525   530   530 I PackageWatchdog: Updated health check state for package com.google.android.settings.intelligence: INACTIVE -> PASSED
01-09 19:54:32.525   530   530 I PackageWatchdog: Updated health check state for package com.android.phone: INACTIVE -> PASSED
01-09 19:54:32.525   530   530 I PackageWatchdog: Updated health check state for package com.android.providers.blockednumber: INACTIVE -> PASSED
01-09 19:54:32.525   530   530 I PackageWatchdog: Updated health check state for package com.android.providers.userdictionary: INACTIVE -> PASSED
01-09 19:54:32.525   530   530 I PackageWatchdog: Updated health check state for package com.android.systemui: INACTIVE -> PASSED
01-09 19:54:32.525   530   530 I PackageWatchdog: Updated health check state for package com.android.bluetooth: INACTIVE -> PASSED
01-09 19:54:32.528   530   530 D BatteryStatsImpl: Reading daily items from /data/system/batterystats-daily.xml
01-09 19:54:32.534   530   567 I BatteryStatsService: Using power.stats HAL
01-09 19:54:32.535   530   567 W BatteryStatsService: Rail information is not available
01-09 19:54:32.535   530   567 W BatteryStatsService: Rail energy data is not available
01-09 19:54:32.535   530   567 E BluetoothAdapter: Bluetooth binder is null
01-09 19:54:32.535   530   567 I KernelCpuUidFreqTimeReader: mPerClusterTimesAvailable=false
01-09 19:54:32.532   200   200 W Binder:200_2: type=1400 audit(0.0:9): avc: denied { read } for name="wakeup4" dev="sysfs" ino=18635 scontext=u:r:system_suspend:s0 tcontext=u:object_r:sysfs:s0 tclass=dir permissive=0
01-09 19:54:32.532   200   200 W Binder:200_2: type=1400 audit(0.0:10): avc: denied { read } for name="wakeup2" dev="sysfs" ino=17764 scontext=u:r:system_suspend:s0 tcontext=u:object_r:sysfs:s0 tclass=dir permissive=0
01-09 19:54:32.532   200   200 W Binder:200_2: type=1400 audit(0.0:11): avc: denied { read } for name="wakeup0" dev="sysfs" ino=14669 scontext=u:r:system_suspend:s0 tcontext=u:object_r:sysfs:s0 tclass=dir permissive=0
01-09 19:54:32.537   200   206 E android.system.suspend@1.0-service: Error opening kernel wakelock stats for: wakeup4: Permission denied
01-09 19:54:32.537   200   206 E android.system.suspend@1.0-service: Error opening kernel wakelock stats for: wakeup2: Permission denied
01-09 19:54:32.537   200   206 E android.system.suspend@1.0-service: Error opening kernel wakelock stats for: wakeup0: Permission denied
01-09 19:54:32.537   200   206 E android.system.suspend@1.0-service: Error opening kernel wakelock stats for: wakeup5: Permission denied
01-09 19:54:32.537   200   206 E android.system.suspend@1.0-service: Error opening kernel wakelock stats for: wakeup3: Permission denied
01-09 19:54:32.532   200   200 W Binder:200_2: type=1400 audit(0.0:12): avc: denied { read } for name="wakeup5" dev="sysfs" ino=18695 scontext=u:r:system_suspend:s0 tcontext=u:object_r:sysfs:s0 tclass=dir permissive=0
01-09 19:54:32.532   200   200 W Binder:200_2: type=1400 audit(0.0:13): avc: denied { read } for name="wakeup3" dev="sysfs" ino=17812 scontext=u:r:system_suspend:s0 tcontext=u:object_r:sysfs:s0 tclass=dir permissive=0
01-09 19:54:32.532   200   200 W Binder:200_2: type=1400 audit(0.0:14): avc: denied { read } for name="wakeup1" dev="sysfs" ino=14730 scontext=u:r:system_suspend:s0 tcontext=u:object_r:sysfs:s0 tclass=dir permissive=0
01-09 19:54:32.537   200   206 E android.system.suspend@1.0-service: Error opening kernel wakelock stats for: wakeup1: Permission denied
01-09 19:54:32.538   530   567 W KernelMemoryBandwidthStats: No kernel memory bandwidth stats available
01-09 19:54:32.587   530   530 I IntentFirewall: Read new rules (A:0 B:0 S:0)
01-09 19:54:32.591   530   530 D AppOps  : AppOpsService published
01-09 19:54:32.592   530   530 D SystemServerTiming: StartActivityManager took to complete: 83ms
01-09 19:54:32.592   530   530 I SystemServerTiming: StartDataLoaderManagerService
01-09 19:54:32.592   530   530 I SystemServiceManager: Starting com.android.server.pm.DataLoaderManagerService
01-09 19:54:32.592   530   530 D SystemServerTiming: StartDataLoaderManagerService took to complete: 0ms
01-09 19:54:32.592   530   530 I SystemServerTiming: StartIncrementalService
01-09 19:54:32.594   530   530 I incfs-mounts: [incfs] Loaded incremental-fs mount info: 0 instances, 0 mount points
01-09 19:54:32.595   530   530 D SystemServerTiming: StartIncrementalService took to complete: 2ms
01-09 19:54:32.595   530   530 I SystemServerTiming: StartPowerManager
01-09 19:54:32.595   530   530 I SystemServiceManager: Starting com.android.server.power.PowerManagerService
01-09 19:54:32.598   185   185 I servicemanager: Found android.hardware.power.IPower/default in device VINTF manifest.
01-09 19:54:32.598   186   186 I hw-BpHwBinder: onLastStrongRef automatically unlinking death recipients
01-09 19:54:32.599   354   354 I android.hardware.power-service.example: Power isModeSupported: 7
01-09 19:54:32.599   354   354 I android.hardware.power-service.example: Power isModeSupported: 0
01-09 19:54:32.600   530   530 D SystemServerTiming: StartPowerManager took to complete: 5ms
01-09 19:54:32.600   530   530 I SystemServerTiming: StartThermalManager
01-09 19:54:32.600   530   530 I SystemServiceManager: Starting com.android.server.power.ThermalManagerService
01-09 19:54:32.601   530   530 D SystemServerTiming: StartThermalManager took to complete: 1ms
01-09 19:54:32.601   530   530 I SystemServerTiming: StartHintManager
01-09 19:54:32.601   530   530 I SystemServiceManager: Starting com.android.server.power.hint.HintManagerService
01-09 19:54:32.602   530   530 D SystemServerTiming: StartHintManager took to complete: 1ms
01-09 19:54:32.602   530   530 I SystemServerTiming: InitPowerManagement
01-09 19:54:32.602   530   530 D SystemServerTiming: InitPowerManagement took to complete: 0ms
01-09 19:54:32.602   530   530 I SystemServerTiming: StartRecoverySystemService
01-09 19:54:32.602   530   530 I SystemServiceManager: Starting com.android.server.recoverysystem.RecoverySystemService$Lifecycle
01-09 19:54:32.603   530   530 D SystemServerTiming: StartRecoverySystemService took to complete: 1ms
01-09 19:54:32.604   530   530 I SystemServerTiming: StartLightsService
01-09 19:54:32.604   530   530 I SystemServiceManager: Starting com.android.server.lights.LightsService
01-09 19:54:32.605   185   185 I servicemanager: Found android.hardware.light.ILights/default in device VINTF manifest.
01-09 19:54:32.605   353   353 I android.hardware.lights-service.example: Lights reporting supported lights
01-09 19:54:32.606   530   530 D SystemServerTiming: StartLightsService took to complete: 2ms
01-09 19:54:32.606   530   530 I SystemServerTiming: StartSidekickService
01-09 19:54:32.606   530   530 D SystemServerTiming: StartSidekickService took to complete: 0ms
01-09 19:54:32.606   530   530 I SystemServerTiming: StartDisplayManager
01-09 19:54:32.606   530   530 I SystemServiceManager: Starting com.android.server.display.DisplayManagerService
01-09 19:54:32.610   530   530 D SystemServerTiming: StartDisplayManager took to complete: 4ms
01-09 19:54:32.610   530   530 I SystemServerTiming: WaitForDisplay
01-09 19:54:32.610   530   530 I SystemServiceManager: Starting phase 100
01-09 19:54:32.610   530   530 I SystemServerTiming: OnBootPhase_100
01-09 19:54:32.610   530   530 I SystemServerTiming: OnBootPhase_100_com.android.server.security.FileIntegrityService
01-09 19:54:32.610   530   530 D SystemServerTiming: OnBootPhase_100_com.android.server.security.FileIntegrityService took to complete: 0ms
01-09 19:54:32.610   530   530 I SystemServerTiming: OnBootPhase_100_com.android.server.pm.Installer
01-09 19:54:32.610   530   530 D SystemServerTiming: OnBootPhase_100_com.android.server.pm.Installer took to complete: 0ms
01-09 19:54:32.610   530   530 I SystemServerTiming: OnBootPhase_100_com.android.server.os.DeviceIdentifiersPolicyService
01-09 19:54:32.610   530   530 D SystemServerTiming: OnBootPhase_100_com.android.server.os.DeviceIdentifiersPolicyService took to complete: 0ms
01-09 19:54:32.610   530   530 I SystemServerTiming: OnBootPhase_100_com.android.server.uri.UriGrantsManagerService$Lifecycle
01-09 19:54:32.610   530   530 D SystemServerTiming: OnBootPhase_100_com.android.server.uri.UriGrantsManagerService$Lifecycle took to complete: 0ms
01-09 19:54:32.610   530   530 I SystemServerTiming: OnBootPhase_100_com.android.server.powerstats.PowerStatsService
01-09 19:54:32.610   530   530 D SystemServerTiming: OnBootPhase_100_com.android.server.powerstats.PowerStatsService took to complete: 0ms
01-09 19:54:32.610   530   530 I SystemServerTiming: OnBootPhase_100_com.android.server.wm.ActivityTaskManagerService$Lifecycle
01-09 19:54:32.610   530   530 D SystemServerTiming: OnBootPhase_100_com.android.server.wm.ActivityTaskManagerService$Lifecycle took to complete: 0ms
01-09 19:54:32.610   530   530 I SystemServerTiming: OnBootPhase_100_com.android.server.am.ActivityManagerService$Lifecycle
01-09 19:54:32.610   530   530 D SystemServerTiming: OnBootPhase_100_com.android.server.am.ActivityManagerService$Lifecycle took to complete: 0ms
01-09 19:54:32.610   530   530 I SystemServerTiming: OnBootPhase_100_com.android.server.pm.DataLoaderManagerService
01-09 19:54:32.610   530   530 D SystemServerTiming: OnBootPhase_100_com.android.server.pm.DataLoaderManagerService took to complete: 0ms
01-09 19:54:32.610   530   530 I SystemServerTiming: OnBootPhase_100_com.android.server.power.PowerManagerService
01-09 19:54:32.610   530   530 D SystemServerTiming: OnBootPhase_100_com.android.server.power.PowerManagerService took to complete: 0ms
01-09 19:54:32.610   530   530 I SystemServerTiming: OnBootPhase_100_com.android.server.power.ThermalManagerService
01-09 19:54:32.610   530   530 D SystemServerTiming: OnBootPhase_100_com.android.server.power.ThermalManagerService took to complete: 0ms
01-09 19:54:32.610   530   530 I SystemServerTiming: OnBootPhase_100_com.android.server.power.hint.HintManagerService
01-09 19:54:32.610   530   530 D SystemServerTiming: OnBootPhase_100_com.android.server.power.hint.HintManagerService took to complete: 0ms
01-09 19:54:32.610   530   530 I SystemServerTiming: OnBootPhase_100_com.android.server.recoverysystem.RecoverySystemService$Lifecycle
01-09 19:54:32.610   530   530 D SystemServerTiming: OnBootPhase_100_com.android.server.recoverysystem.RecoverySystemService$Lifecycle took to complete: 0ms
01-09 19:54:32.610   530   530 I SystemServerTiming: OnBootPhase_100_com.android.server.lights.LightsService
01-09 19:54:32.610   530   530 D SystemServerTiming: OnBootPhase_100_com.android.server.lights.LightsService took to complete: 0ms
01-09 19:54:32.610   530   530 I SystemServerTiming: OnBootPhase_100_com.android.server.display.DisplayManagerService
01-09 19:54:32.611   362   578 E HWComposer: getSupportedContentTypes: getSupportedContentTypes failed for display 4619827259835644672: Unsupported (8)
01-09 19:54:32.614   530   552 I DisplayDeviceRepository: Display device added: DisplayDeviceInfo{"Built-in Screen": uniqueId="local:4619827259835644672", 1080 x 2340, modeId 1, defaultModeId 1, supportedModes [{id=1, width=1080, height=2340, fps=60.000004, alternativeRefreshRates=[]}], colorMode 0, supportedColorModes [0], hdrCapabilities HdrCapabilities{mSupportedHdrTypes=[], mMaxLuminance=500.0, mMaxAverageLuminance=500.0, mMinLuminance=0.0}, allmSupported false, gameContentTypeSupported false, density 440, 440.0 x 440.0 dpi, appVsyncOff 1000000, presDeadline 16666666, touch INTERNAL, rotation 0, type INTERNAL, address {port=0, model=0x401cec6a7a2b7b}, deviceProductInfo DeviceProductInfo{name=EMU_display_0, manufacturerPnpId=GGL, productId=1, modelYear=null, manufactureDate=ManufactureDate{week=27, year=2006}, connectionToSinkType=0}, state UNKNOWN, frameRateOverride , brightnessMinimum 0.0, brightnessMaximum 1.0, brightnessDefault 0.39763778, FLAG_DEFAULT_DISPLAY, FLAG_ROTATES_WITH_CONTENT, FLAG_SECURE, FLAG_SUPPORTS_PROTECTED_BUFFERS}
01-09 19:54:32.615   530   552 I LogicalDisplayMapper: Applying layout: [{addr: {port=0, model=0x401cec6a7a2b7b}, dispId: 0(ON)}], Previous layout: null
01-09 19:54:32.617   530   552 I LogicalDisplayMapper: Adding new display: 0: DisplayInfo{"Built-in Screen", displayId 0", displayGroupId -1, FLAG_SECURE, FLAG_SUPPORTS_PROTECTED_BUFFERS, FLAG_TRUSTED, real 1080 x 2340, largest app 1080 x 2340, smallest app 1080 x 2340, appVsyncOff 1000000, presDeadline 16666666, mode 1, defaultMode 1, modes [{id=1, width=1080, height=2340, fps=60.000004, alternativeRefreshRates=[]}], hdrCapabilities HdrCapabilities{mSupportedHdrTypes=[], mMaxLuminance=500.0, mMaxAverageLuminance=500.0, mMinLuminance=0.0}, userDisabledHdrTypes [], minimalPostProcessingSupported false, rotation 0, state UNKNOWN, type INTERNAL, uniqueId "local:4619827259835644672", app 1080 x 2340, density 440 (440.0 x 440.0) dpi, layerStack 0, colorMode 0, supportedColorModes [0], address {port=0, model=0x401cec6a7a2b7b}, deviceProductInfo DeviceProductInfo{name=EMU_display_0, manufacturerPnpId=GGL, productId=1, modelYear=null, manufactureDate=ManufactureDate{week=27, year=2006}, connectionToSinkType=0}, removeMode 0, refreshRateOverride 0.0, brightnessMinimum 0.0, brightnessMaximum 1.0, brightnessDefault 0.39763778}
01-09 19:54:32.617   530   552 I LogicalDisplayMapper: Setting new display group 0 for display 0, from previous group: null
01-09 19:54:32.617   530   530 D SystemServerTiming: OnBootPhase_100_com.android.server.display.DisplayManagerService took to complete: 8ms
01-09 19:54:32.617   530   530 D SystemServerTiming: OnBootPhase_100 took to complete: 8ms
01-09 19:54:32.617   530   530 D SystemServerTiming: WaitForDisplay took to complete: 8ms
01-09 19:54:32.618   530   530 I SystemServerTiming: StartDomainVerificationService
01-09 19:54:32.619   530   530 D SystemServerTiming: StartDomainVerificationService took to complete: 1ms
01-09 19:54:32.619   530   530 I SystemServerTiming: StartPackageManagerService
01-09 19:54:32.619   530   530 I Watchdog: Pausing HandlerChecker: main thread for reason: packagemanagermain. Pause count: 1
01-09 19:54:32.619   530   552 W StrictMode: No activity manager; failed to Dropbox violation.
01-09 19:54:32.619   530   552 W StrictMode: No activity manager; failed to Dropbox violation.
01-09 19:54:32.620   530   552 W StrictMode: No activity manager; failed to Dropbox violation.
01-09 19:54:32.620   530   552 W StrictMode: No activity manager; failed to Dropbox violation.
01-09 19:54:32.620   530   552 W StrictMode: No activity manager; failed to Dropbox violation.
01-09 19:54:32.620   530   552 W StrictMode: No activity manager; failed to Dropbox violation.
01-09 19:54:32.622   530   530 I PackageManagerTiming: create package manager
01-09 19:54:32.624   530   530 I PackageManagerTiming: createSubComponents
01-09 19:54:32.631   530   530 D PackageManagerTiming: createSubComponents took to complete: 7ms
01-09 19:54:32.631   530   530 I PackageManagerTiming: addSharedUsers
01-09 19:54:32.632   530   530 D PackageManagerTiming: addSharedUsers took to complete: 1ms
01-09 19:54:32.632   530   530 I PackageManagerTiming: get system config
01-09 19:54:32.632   530   530 D PackageManagerTiming: get system config took to complete: 0ms
01-09 19:54:32.632   530   530 D PackageManager: Directories scanned as system partitions: [/system:0, /vendor:524288, /odm:4194304, /oem:262144, /product:1048576, /system_ext:2097152, /apex/com.android.appsearch:8388608, /apex/com.android.conscrypt:8388608, /apex/com.android.art:8388608, /apex/com.android.media:8388608, /apex/com.android.tzdata:8388608, /apex/com.android.runtime:8388608, /apex/com.android.media.swcodec:8388608, /apex/com.android.cellbroadcast:8388608, /apex/com.android.telephony:8388608, /apex/com.android.wifi:8388608, /apex/com.google.mainline.primary.libs:8388608, /apex/com.android.scheduling:8388608, /apex/com.android.extservices:8388608, /apex/com.android.i18n:8388608, /apex/com.android.tethering:8388608, /apex/com.android.apex.cts.shim:8388608, /apex/com.android.mediaprovider:8388608, /apex/com.android.neuralnetworks:8388608, /apex/com.android.resolv:8388608, /apex/com.android.ipsec:8388608, /apex/com.android.adbd:8388608, /apex/com.android.vndk.v31:8388608, /apex/com.android.os.statsd:8388608, /apex/com.android.permission:8388608, /apex/com.android.sdkext:8388608]
01-09 19:54:32.633   530   530 D SELinuxMMAC: Using policy file /system/etc/selinux/plat_mac_permissions.xml
01-09 19:54:32.634   530   530 D SELinuxMMAC: Using policy file /vendor/etc/selinux/vendor_mac_permissions.xml
01-09 19:54:32.634   530   530 I PackageManagerTiming: loadFallbacks
01-09 19:54:32.634   530   530 D FallbackCategoryProvider: Found 387 fallback categories
01-09 19:54:32.634   530   530 D PackageManagerTiming: loadFallbacks took to complete: 1ms
01-09 19:54:32.634   530   530 I PackageManagerTiming: read user settings
01-09 19:54:32.654   530   530 W android.permission.PermissionManager: Missing ActivityManager; assuming 1000 holds android.permission.SET_PREFERRED_APPLICATIONS
01-09 19:54:32.654   530   530 W android.permission.PermissionManager: Missing ActivityManager; assuming 1000 holds android.permission.SET_PREFERRED_APPLICATIONS
01-09 19:54:32.654   530   530 W android.permission.PermissionManager: Missing ActivityManager; assuming 1000 holds android.permission.SET_PREFERRED_APPLICATIONS
01-09 19:54:32.654   530   530 W android.permission.PermissionManager: Missing ActivityManager; assuming 1000 holds android.permission.SET_PREFERRED_APPLICATIONS
01-09 19:54:32.655   530   530 W android.permission.PermissionManager: Missing ActivityManager; assuming 1000 holds android.permission.SET_PREFERRED_APPLICATIONS
01-09 19:54:32.655   530   530 W android.permission.PermissionManager: Missing ActivityManager; assuming 1000 holds android.permission.SET_PREFERRED_APPLICATIONS
01-09 19:54:32.655   530   530 W android.permission.PermissionManager: Missing ActivityManager; assuming 1000 holds android.permission.SET_PREFERRED_APPLICATIONS
01-09 19:54:32.655   530   530 W android.permission.PermissionManager: Missing ActivityManager; assuming 1000 holds android.permission.SET_PREFERRED_APPLICATIONS
01-09 19:54:32.656   530   530 W android.permission.PermissionManager: Missing ActivityManager; assuming 1000 holds android.permission.SET_PREFERRED_APPLICATIONS
01-09 19:54:32.656   530   530 W android.permission.PermissionManager: Missing ActivityManager; assuming 1000 holds android.permission.SET_PREFERRED_APPLICATIONS
01-09 19:54:32.656   530   530 W android.permission.PermissionManager: Missing ActivityManager; assuming 1000 holds android.permission.SET_PREFERRED_APPLICATIONS
01-09 19:54:32.656   530   530 W android.permission.PermissionManager: Missing ActivityManager; assuming 1000 holds android.permission.SET_PREFERRED_APPLICATIONS
01-09 19:54:32.656   530   530 W android.permission.PermissionManager: Missing ActivityManager; assuming 1000 holds android.permission.SET_PREFERRED_APPLICATIONS
01-09 19:54:32.657   530   530 W android.permission.PermissionManager: Missing ActivityManager; assuming 1000 holds android.permission.SET_PREFERRED_APPLICATIONS
01-09 19:54:32.657   530   530 W android.permission.PermissionManager: Missing ActivityManager; assuming 1000 holds android.permission.SET_PREFERRED_APPLICATIONS
01-09 19:54:32.657   530   530 W android.permission.PermissionManager: Missing ActivityManager; assuming 1000 holds android.permission.SET_PREFERRED_APPLICATIONS
01-09 19:54:32.657   530   530 W android.permission.PermissionManager: Missing ActivityManager; assuming 1000 holds android.permission.SET_PREFERRED_APPLICATIONS
01-09 19:54:32.657   530   530 W android.permission.PermissionManager: Missing ActivityManager; assuming 1000 holds android.permission.SET_PREFERRED_APPLICATIONS
01-09 19:54:32.658   530   530 W android.permission.PermissionManager: Missing ActivityManager; assuming 1000 holds android.permission.SET_PREFERRED_APPLICATIONS
01-09 19:54:32.658   530   530 W android.permission.PermissionManager: Missing ActivityManager; assuming 1000 holds android.permission.SET_PREFERRED_APPLICATIONS
01-09 19:54:32.658   530   530 W android.permission.PermissionManager: Missing ActivityManager; assuming 1000 holds android.permission.SET_PREFERRED_APPLICATIONS
01-09 19:54:32.658   530   530 W android.permission.PermissionManager: Missing ActivityManager; assuming 1000 holds android.permission.SET_PREFERRED_APPLICATIONS
01-09 19:54:32.659   530   530 W android.permission.PermissionManager: Missing ActivityManager; assuming 1000 holds android.permission.SET_PREFERRED_APPLICATIONS
01-09 19:54:32.659   530   530 W android.permission.PermissionManager: Missing ActivityManager; assuming 1000 holds android.permission.SET_PREFERRED_APPLICATIONS
01-09 19:54:32.659   530   530 W android.permission.PermissionManager: Missing ActivityManager; assuming 1000 holds android.permission.SET_PREFERRED_APPLICATIONS
01-09 19:54:32.659   530   530 W android.permission.PermissionManager: Missing ActivityManager; assuming 1000 holds android.permission.SET_PREFERRED_APPLICATIONS
01-09 19:54:32.660   530   530 W android.permission.PermissionManager: Missing ActivityManager; assuming 1000 holds android.permission.SET_PREFERRED_APPLICATIONS
01-09 19:54:32.660   530   530 W android.permission.PermissionManager: Missing ActivityManager; assuming 1000 holds android.permission.SET_PREFERRED_APPLICATIONS
01-09 19:54:32.660   530   530 W android.permission.PermissionManager: Missing ActivityManager; assuming 1000 holds android.permission.SET_PREFERRED_APPLICATIONS
01-09 19:54:32.660   530   530 W android.permission.PermissionManager: Missing ActivityManager; assuming 1000 holds android.permission.SET_PREFERRED_APPLICATIONS
01-09 19:54:32.660   530   530 W android.permission.PermissionManager: Missing ActivityManager; assuming 1000 holds android.permission.SET_PREFERRED_APPLICATIONS
01-09 19:54:32.661   530   530 W android.permission.PermissionManager: Missing ActivityManager; assuming 1000 holds android.permission.SET_PREFERRED_APPLICATIONS
01-09 19:54:32.661   530   530 W android.permission.PermissionManager: Missing ActivityManager; assuming 1000 holds android.permission.SET_PREFERRED_APPLICATIONS
01-09 19:54:32.661   530   530 W android.permission.PermissionManager: Missing ActivityManager; assuming 1000 holds android.permission.SET_PREFERRED_APPLICATIONS
01-09 19:54:32.661   530   530 W android.permission.PermissionManager: Missing ActivityManager; assuming 1000 holds android.permission.SET_PREFERRED_APPLICATIONS
01-09 19:54:32.661   530   530 W android.permission.PermissionManager: Missing ActivityManager; assuming 1000 holds android.permission.SET_PREFERRED_APPLICATIONS
01-09 19:54:32.662   530   530 W android.permission.PermissionManager: Missing ActivityManager; assuming 1000 holds android.permission.SET_PREFERRED_APPLICATIONS
01-09 19:54:32.662   530   530 W android.permission.PermissionManager: Missing ActivityManager; assuming 1000 holds android.permission.SET_PREFERRED_APPLICATIONS
01-09 19:54:32.662   530   530 W android.permission.PermissionManager: Missing ActivityManager; assuming 1000 holds android.permission.SET_PREFERRED_APPLICATIONS
01-09 19:54:32.662   530   530 W android.permission.PermissionManager: Missing ActivityManager; assuming 1000 holds android.permission.SET_PREFERRED_APPLICATIONS
01-09 19:54:32.662   530   530 W android.permission.PermissionManager: Missing ActivityManager; assuming 1000 holds android.permission.SET_PREFERRED_APPLICATIONS
01-09 19:54:32.662   530   530 W android.permission.PermissionManager: Missing ActivityManager; assuming 1000 holds android.permission.SET_PREFERRED_APPLICATIONS
01-09 19:54:32.663   530   530 W android.permission.PermissionManager: Missing ActivityManager; assuming 1000 holds android.permission.SET_PREFERRED_APPLICATIONS
01-09 19:54:32.663   530   530 W android.permission.PermissionManager: Missing ActivityManager; assuming 1000 holds android.permission.SET_PREFERRED_APPLICATIONS
01-09 19:54:32.663   530   530 W android.permission.PermissionManager: Missing ActivityManager; assuming 1000 holds android.permission.SET_PREFERRED_APPLICATIONS
01-09 19:54:32.663   530   530 W android.permission.PermissionManager: Missing ActivityManager; assuming 1000 holds android.permission.SET_PREFERRED_APPLICATIONS
01-09 19:54:32.664   530   530 W android.permission.PermissionManager: Missing ActivityManager; assuming 1000 holds android.permission.SET_PREFERRED_APPLICATIONS
01-09 19:54:32.664   530   530 W android.permission.PermissionManager: Missing ActivityManager; assuming 1000 holds android.permission.SET_PREFERRED_APPLICATIONS
01-09 19:54:32.664   530   530 W android.permission.PermissionManager: Missing ActivityManager; assuming 1000 holds android.permission.SET_PREFERRED_APPLICATIONS
01-09 19:54:32.664   530   530 W android.permission.PermissionManager: Missing ActivityManager; assuming 1000 holds android.permission.SET_PREFERRED_APPLICATIONS
01-09 19:54:32.664   530   530 W android.permission.PermissionManager: Missing ActivityManager; assuming 1000 holds android.permission.SET_PREFERRED_APPLICATIONS
01-09 19:54:32.664   530   530 W android.permission.PermissionManager: Missing ActivityManager; assuming 1000 holds android.permission.SET_PREFERRED_APPLICATIONS
01-09 19:54:32.665   530   530 W android.permission.PermissionManager: Missing ActivityManager; assuming 1000 holds android.permission.SET_PREFERRED_APPLICATIONS
01-09 19:54:32.665   530   530 W android.permission.PermissionManager: Missing ActivityManager; assuming 1000 holds android.permission.SET_PREFERRED_APPLICATIONS
01-09 19:54:32.665   530   530 W android.permission.PermissionManager: Missing ActivityManager; assuming 1000 holds android.permission.SET_PREFERRED_APPLICATIONS
01-09 19:54:32.665   530   530 W android.permission.PermissionManager: Missing ActivityManager; assuming 1000 holds android.permission.SET_PREFERRED_APPLICATIONS
01-09 19:54:32.666   530   530 W android.permission.PermissionManager: Missing ActivityManager; assuming 1000 holds android.permission.SET_PREFERRED_APPLICATIONS
01-09 19:54:32.666   530   530 W android.permission.PermissionManager: Missing ActivityManager; assuming 1000 holds android.permission.SET_PREFERRED_APPLICATIONS
01-09 19:54:32.666   530   530 W android.permission.PermissionManager: Missing ActivityManager; assuming 1000 holds android.permission.SET_PREFERRED_APPLICATIONS
01-09 19:54:32.666   530   530 W android.permission.PermissionManager: Missing ActivityManager; assuming 1000 holds android.permission.SET_PREFERRED_APPLICATIONS
01-09 19:54:32.667   530   530 W android.permission.PermissionManager: Missing ActivityManager; assuming 1000 holds android.permission.SET_PREFERRED_APPLICATIONS
01-09 19:54:32.667   530   530 W android.permission.PermissionManager: Missing ActivityManager; assuming 1000 holds android.permission.SET_PREFERRED_APPLICATIONS
01-09 19:54:32.667   530   530 W android.permission.PermissionManager: Missing ActivityManager; assuming 1000 holds android.permission.SET_PREFERRED_APPLICATIONS
01-09 19:54:32.667   530   530 W android.permission.PermissionManager: Missing ActivityManager; assuming 1000 holds android.permission.SET_PREFERRED_APPLICATIONS
01-09 19:54:32.668   530   530 W android.permission.PermissionManager: Missing ActivityManager; assuming 1000 holds android.permission.SET_PREFERRED_APPLICATIONS
01-09 19:54:32.668   530   530 W android.permission.PermissionManager: Missing ActivityManager; assuming 1000 holds android.permission.SET_PREFERRED_APPLICATIONS
01-09 19:54:32.668   530   530 W android.permission.PermissionManager: Missing ActivityManager; assuming 1000 holds android.permission.SET_PREFERRED_APPLICATIONS
01-09 19:54:32.668   530   530 W android.permission.PermissionManager: Missing ActivityManager; assuming 1000 holds android.permission.SET_PREFERRED_APPLICATIONS
01-09 19:54:32.669   530   530 W android.permission.PermissionManager: Missing ActivityManager; assuming 1000 holds android.permission.SET_PREFERRED_APPLICATIONS
01-09 19:54:32.669   530   530 W android.permission.PermissionManager: Missing ActivityManager; assuming 1000 holds android.permission.SET_PREFERRED_APPLICATIONS
01-09 19:54:32.669   530   530 W android.permission.PermissionManager: Missing ActivityManager; assuming 1000 holds android.permission.SET_PREFERRED_APPLICATIONS
01-09 19:54:32.669   530   530 W android.permission.PermissionManager: Missing ActivityManager; assuming 1000 holds android.permission.SET_PREFERRED_APPLICATIONS
01-09 19:54:32.670   530   530 W android.permission.PermissionManager: Missing ActivityManager; assuming 1000 holds android.permission.SET_PREFERRED_APPLICATIONS
01-09 19:54:32.670   530   530 W android.permission.PermissionManager: Missing ActivityManager; assuming 1000 holds android.permission.SET_PREFERRED_APPLICATIONS
01-09 19:54:32.670   530   530 W android.permission.PermissionManager: Missing ActivityManager; assuming 1000 holds android.permission.SET_PREFERRED_APPLICATIONS
01-09 19:54:32.670   530   530 W android.permission.PermissionManager: Missing ActivityManager; assuming 1000 holds android.permission.SET_PREFERRED_APPLICATIONS
01-09 19:54:32.670   530   530 W android.permission.PermissionManager: Missing ActivityManager; assuming 1000 holds android.permission.SET_PREFERRED_APPLICATIONS
01-09 19:54:32.671   530   530 W android.permission.PermissionManager: Missing ActivityManager; assuming 1000 holds android.permission.SET_PREFERRED_APPLICATIONS
01-09 19:54:32.671   530   530 W android.permission.PermissionManager: Missing ActivityManager; assuming 1000 holds android.permission.SET_PREFERRED_APPLICATIONS
01-09 19:54:32.671   530   530 W android.permission.PermissionManager: Missing ActivityManager; assuming 1000 holds android.permission.SET_PREFERRED_APPLICATIONS
01-09 19:54:32.671   530   530 W android.permission.PermissionManager: Missing ActivityManager; assuming 1000 holds android.permission.SET_PREFERRED_APPLICATIONS
01-09 19:54:32.672   530   530 W android.permission.PermissionManager: Missing ActivityManager; assuming 1000 holds android.permission.SET_PREFERRED_APPLICATIONS
01-09 19:54:32.672   530   530 W android.permission.PermissionManager: Missing ActivityManager; assuming 1000 holds android.permission.SET_PREFERRED_APPLICATIONS
01-09 19:54:32.672   530   530 W android.permission.PermissionManager: Missing ActivityManager; assuming 1000 holds android.permission.SET_PREFERRED_APPLICATIONS
01-09 19:54:32.672   530   530 W android.permission.PermissionManager: Missing ActivityManager; assuming 1000 holds android.permission.SET_PREFERRED_APPLICATIONS
01-09 19:54:32.672   530   530 W android.permission.PermissionManager: Missing ActivityManager; assuming 1000 holds android.permission.SET_PREFERRED_APPLICATIONS
01-09 19:54:32.673   530   530 W android.permission.PermissionManager: Missing ActivityManager; assuming 1000 holds android.permission.SET_PREFERRED_APPLICATIONS
01-09 19:54:32.673   530   530 W android.permission.PermissionManager: Missing ActivityManager; assuming 1000 holds android.permission.SET_PREFERRED_APPLICATIONS
01-09 19:54:32.673   530   530 W android.permission.PermissionManager: Missing ActivityManager; assuming 1000 holds android.permission.SET_PREFERRED_APPLICATIONS
01-09 19:54:32.674   530   530 W android.permission.PermissionManager: Missing ActivityManager; assuming 1000 holds android.permission.SET_PREFERRED_APPLICATIONS
01-09 19:54:32.674   530   530 W android.permission.PermissionManager: Missing ActivityManager; assuming 1000 holds android.permission.SET_PREFERRED_APPLICATIONS
01-09 19:54:32.674   530   530 W android.permission.PermissionManager: Missing ActivityManager; assuming 1000 holds android.permission.SET_PREFERRED_APPLICATIONS
01-09 19:54:32.674   530   530 W android.permission.PermissionManager: Missing ActivityManager; assuming 1000 holds android.permission.SET_PREFERRED_APPLICATIONS
01-09 19:54:32.675   530   530 W android.permission.PermissionManager: Missing ActivityManager; assuming 1000 holds android.permission.SET_PREFERRED_APPLICATIONS
01-09 19:54:32.675   530   530 W android.permission.PermissionManager: Missing ActivityManager; assuming 1000 holds android.permission.SET_PREFERRED_APPLICATIONS
01-09 19:54:32.675   530   530 W android.permission.PermissionManager: Missing ActivityManager; assuming 1000 holds android.permission.SET_PREFERRED_APPLICATIONS
01-09 19:54:32.675   530   530 W android.permission.PermissionManager: Missing ActivityManager; assuming 1000 holds android.permission.SET_PREFERRED_APPLICATIONS
01-09 19:54:32.676   530   530 W android.permission.PermissionManager: Missing ActivityManager; assuming 1000 holds android.permission.SET_PREFERRED_APPLICATIONS
01-09 19:54:32.676   530   530 W android.permission.PermissionManager: Missing ActivityManager; assuming 1000 holds android.permission.SET_PREFERRED_APPLICATIONS
01-09 19:54:32.676   530   530 W android.permission.PermissionManager: Missing ActivityManager; assuming 1000 holds android.permission.SET_PREFERRED_APPLICATIONS
01-09 19:54:32.676   530   530 W android.permission.PermissionManager: Missing ActivityManager; assuming 1000 holds android.permission.SET_PREFERRED_APPLICATIONS
01-09 19:54:32.677   530   530 W android.permission.PermissionManager: Missing ActivityManager; assuming 1000 holds android.permission.SET_PREFERRED_APPLICATIONS
01-09 19:54:32.677   530   530 W android.permission.PermissionManager: Missing ActivityManager; assuming 1000 holds android.permission.SET_PREFERRED_APPLICATIONS
01-09 19:54:32.677   530   530 W android.permission.PermissionManager: Missing ActivityManager; assuming 1000 holds android.permission.SET_PREFERRED_APPLICATIONS
01-09 19:54:32.677   530   530 W android.permission.PermissionManager: Missing ActivityManager; assuming 1000 holds android.permission.SET_PREFERRED_APPLICATIONS
01-09 19:54:32.678   530   530 W android.permission.PermissionManager: Missing ActivityManager; assuming 1000 holds android.permission.SET_PREFERRED_APPLICATIONS
01-09 19:54:32.678   530   530 W android.permission.PermissionManager: Missing ActivityManager; assuming 1000 holds android.permission.SET_PREFERRED_APPLICATIONS
01-09 19:54:32.678   530   530 W android.permission.PermissionManager: Missing ActivityManager; assuming 1000 holds android.permission.SET_PREFERRED_APPLICATIONS
01-09 19:54:32.679   530   530 W android.permission.PermissionManager: Missing ActivityManager; assuming 1000 holds android.permission.SET_PREFERRED_APPLICATIONS
01-09 19:54:32.679   530   530 W android.permission.PermissionManager: Missing ActivityManager; assuming 1000 holds android.permission.SET_PREFERRED_APPLICATIONS
01-09 19:54:32.679   530   530 W android.permission.PermissionManager: Missing ActivityManager; assuming 1000 holds android.permission.SET_PREFERRED_APPLICATIONS
01-09 19:54:32.679   530   530 W android.permission.PermissionManager: Missing ActivityManager; assuming 1000 holds android.permission.SET_PREFERRED_APPLICATIONS
01-09 19:54:32.679   530   530 W android.permission.PermissionManager: Missing ActivityManager; assuming 1000 holds android.permission.SET_PREFERRED_APPLICATIONS
01-09 19:54:32.680   530   530 W android.permission.PermissionManager: Missing ActivityManager; assuming 1000 holds android.permission.SET_PREFERRED_APPLICATIONS
01-09 19:54:32.680   530   530 W android.permission.PermissionManager: Missing ActivityManager; assuming 1000 holds android.permission.SET_PREFERRED_APPLICATIONS
01-09 19:54:32.680   530   530 W android.permission.PermissionManager: Missing ActivityManager; assuming 1000 holds android.permission.SET_PREFERRED_APPLICATIONS
01-09 19:54:32.680   530   530 W android.permission.PermissionManager: Missing ActivityManager; assuming 1000 holds android.permission.SET_PREFERRED_APPLICATIONS
01-09 19:54:32.680   530   530 W android.permission.PermissionManager: Missing ActivityManager; assuming 1000 holds android.permission.SET_PREFERRED_APPLICATIONS
01-09 19:54:32.681   530   530 W android.permission.PermissionManager: Missing ActivityManager; assuming 1000 holds android.permission.SET_PREFERRED_APPLICATIONS
01-09 19:54:32.681   530   530 W android.permission.PermissionManager: Missing ActivityManager; assuming 1000 holds android.permission.SET_PREFERRED_APPLICATIONS
01-09 19:54:32.681   530   530 W android.permission.PermissionManager: Missing ActivityManager; assuming 1000 holds android.permission.SET_PREFERRED_APPLICATIONS
01-09 19:54:32.682   530   530 W android.permission.PermissionManager: Missing ActivityManager; assuming 1000 holds android.permission.SET_PREFERRED_APPLICATIONS
01-09 19:54:32.682   530   530 W android.permission.PermissionManager: Missing ActivityManager; assuming 1000 holds android.permission.SET_PREFERRED_APPLICATIONS
01-09 19:54:32.682   530   530 W android.permission.PermissionManager: Missing ActivityManager; assuming 1000 holds android.permission.SET_PREFERRED_APPLICATIONS
01-09 19:54:32.682   530   530 W android.permission.PermissionManager: Missing ActivityManager; assuming 1000 holds android.permission.SET_PREFERRED_APPLICATIONS
01-09 19:54:32.682   530   530 W android.permission.PermissionManager: Missing ActivityManager; assuming 1000 holds android.permission.SET_PREFERRED_APPLICATIONS
01-09 19:54:32.683   530   530 W android.permission.PermissionManager: Missing ActivityManager; assuming 1000 holds android.permission.SET_PREFERRED_APPLICATIONS
01-09 19:54:32.683   530   530 W android.permission.PermissionManager: Missing ActivityManager; assuming 1000 holds android.permission.SET_PREFERRED_APPLICATIONS
01-09 19:54:32.683   530   530 W android.permission.PermissionManager: Missing ActivityManager; assuming 1000 holds android.permission.SET_PREFERRED_APPLICATIONS
01-09 19:54:32.683   530   530 W android.permission.PermissionManager: Missing ActivityManager; assuming 1000 holds android.permission.SET_PREFERRED_APPLICATIONS
01-09 19:54:32.684   530   530 W android.permission.PermissionManager: Missing ActivityManager; assuming 1000 holds android.permission.SET_PREFERRED_APPLICATIONS
01-09 19:54:32.684   530   530 W android.permission.PermissionManager: Missing ActivityManager; assuming 1000 holds android.permission.SET_PREFERRED_APPLICATIONS
01-09 19:54:32.684   530   530 W android.permission.PermissionManager: Missing ActivityManager; assuming 1000 holds android.permission.SET_PREFERRED_APPLICATIONS
01-09 19:54:32.684   530   530 W android.permission.PermissionManager: Missing ActivityManager; assuming 1000 holds android.permission.SET_PREFERRED_APPLICATIONS
01-09 19:54:32.685   530   530 W android.permission.PermissionManager: Missing ActivityManager; assuming 1000 holds android.permission.SET_PREFERRED_APPLICATIONS
01-09 19:54:32.685   530   530 W android.permission.PermissionManager: Missing ActivityManager; assuming 1000 holds android.permission.SET_PREFERRED_APPLICATIONS
01-09 19:54:32.685   530   530 W android.permission.PermissionManager: Missing ActivityManager; assuming 1000 holds android.permission.SET_PREFERRED_APPLICATIONS
01-09 19:54:32.685   530   530 W android.permission.PermissionManager: Missing ActivityManager; assuming 1000 holds android.permission.SET_PREFERRED_APPLICATIONS
01-09 19:54:32.685   530   530 W android.permission.PermissionManager: Missing ActivityManager; assuming 1000 holds android.permission.SET_PREFERRED_APPLICATIONS
01-09 19:54:32.686   530   530 W android.permission.PermissionManager: Missing ActivityManager; assuming 1000 holds android.permission.SET_PREFERRED_APPLICATIONS
01-09 19:54:32.686   530   530 W android.permission.PermissionManager: Missing ActivityManager; assuming 1000 holds android.permission.SET_PREFERRED_APPLICATIONS
01-09 19:54:32.686   530   530 W android.permission.PermissionManager: Missing ActivityManager; assuming 1000 holds android.permission.SET_PREFERRED_APPLICATIONS
01-09 19:54:32.686   530   530 W android.permission.PermissionManager: Missing ActivityManager; assuming 1000 holds android.permission.SET_PREFERRED_APPLICATIONS
01-09 19:54:32.687   530   530 W android.permission.PermissionManager: Missing ActivityManager; assuming 1000 holds android.permission.SET_PREFERRED_APPLICATIONS
01-09 19:54:32.687   530   530 W android.permission.PermissionManager: Missing ActivityManager; assuming 1000 holds android.permission.SET_PREFERRED_APPLICATIONS
01-09 19:54:32.687   530   530 W android.permission.PermissionManager: Missing ActivityManager; assuming 1000 holds android.permission.SET_PREFERRED_APPLICATIONS
01-09 19:54:32.687   530   530 W android.permission.PermissionManager: Missing ActivityManager; assuming 1000 holds android.permission.SET_PREFERRED_APPLICATIONS
01-09 19:54:32.688   530   530 W android.permission.PermissionManager: Missing ActivityManager; assuming 1000 holds android.permission.SET_PREFERRED_APPLICATIONS
01-09 19:54:32.688   530   530 W android.permission.PermissionManager: Missing ActivityManager; assuming 1000 holds android.permission.SET_PREFERRED_APPLICATIONS
01-09 19:54:32.688   530   530 W android.permission.PermissionManager: Missing ActivityManager; assuming 1000 holds android.permission.SET_PREFERRED_APPLICATIONS
01-09 19:54:32.688   530   530 W android.permission.PermissionManager: Missing ActivityManager; assuming 1000 holds android.permission.SET_PREFERRED_APPLICATIONS
01-09 19:54:32.689   530   530 W android.permission.PermissionManager: Missing ActivityManager; assuming 1000 holds android.permission.SET_PREFERRED_APPLICATIONS
01-09 19:54:32.689   530   530 W android.permission.PermissionManager: Missing ActivityManager; assuming 1000 holds android.permission.SET_PREFERRED_APPLICATIONS
